$ date
Tuesday 7 May  10:21:03 EST 2013
$ git checkout master
Already on 'master'
$ git reset --hard stable
HEAD is now at d7ab730 Merge tag 'mfd-3.10-1' of git://git.kernel.org/pub/scm/linux/kernel/git/sameo/mfd-next
Merging origin/master (51a26ae Merge git://git.kernel.org/pub/scm/linux/kernel/git/davem/net)
$ git merge origin/master
Updating d7ab730..51a26ae
Fast-forward
 Documentation/ABI/testing/sysfs-bus-rbd            |   20 -
 Documentation/acpi/enumeration.txt                 |   32 +-
 .../devicetree/bindings/gpio/gpio-grgpio.txt       |   26 +
 .../devicetree/bindings/gpio/gpio-mcp23s08.txt     |   47 +
 .../devicetree/bindings/gpio/gpio-omap.txt         |    7 +-
 .../devicetree/bindings/pwm/pwm-tiecap.txt         |   12 +-
 .../devicetree/bindings/pwm/pwm-tiehrpwm.txt       |   12 +-
 Documentation/kernel-parameters.txt                |   14 +
 Documentation/leds/00-INDEX                        |    2 +
 Documentation/leds/leds-lp5521.txt                 |   19 -
 Documentation/leds/leds-lp5562.txt                 |  120 +
 Documentation/leds/leds-lp55xx.txt                 |   46 +-
 Documentation/s390/CommonIO                        |   12 +-
 arch/s390/include/asm/pgtable.h                    |   66 +-
 arch/s390/include/asm/setup.h                      |    9 +-
 arch/s390/kernel/Makefile                          |    2 +-
 arch/s390/kernel/crash_dump.c                      |    6 +-
 arch/s390/kernel/early.c                           |    1 -
 arch/s390/kernel/mem_detect.c                      |  145 -
 arch/s390/kernel/setup.c                           |   65 +-
 arch/s390/lib/uaccess_pt.c                         |    3 +
 arch/s390/mm/Makefile                              |    2 +-
 arch/s390/mm/init.c                                |   11 +
 arch/s390/mm/mem_detect.c                          |  134 +
 arch/s390/mm/pgtable.c                             |  121 +-
 arch/s390/mm/vmem.c                                |    8 +-
 arch/x86/include/asm/irq_remapping.h               |    9 +
 arch/x86/kernel/early-quirks.c                     |   20 +
 drivers/block/rbd.c                                | 2868 +++++++++++++-------
 drivers/gpio/Kconfig                               |   11 +-
 drivers/gpio/Makefile                              |    1 +
 drivers/gpio/gpio-74x164.c                         |    8 +-
 drivers/gpio/gpio-adp5520.c                        |    4 +-
 drivers/gpio/gpio-em.c                             |   94 +-
 drivers/gpio/gpio-generic.c                        |   62 +-
 drivers/gpio/gpio-grgpio.c                         |  505 ++++
 drivers/gpio/gpio-ich.c                            |   17 +-
 drivers/gpio/gpio-lpc32xx.c                        |    2 +-
 drivers/gpio/gpio-lynxpoint.c                      |    1 +
 drivers/gpio/gpio-max7300.c                        |    4 +-
 drivers/gpio/gpio-max7301.c                        |    7 +-
 drivers/gpio/gpio-max732x.c                        |    5 +-
 drivers/gpio/gpio-mc33880.c                        |   19 +-
 drivers/gpio/gpio-mcp23s08.c                       |  137 +-
 drivers/gpio/gpio-mvebu.c                          |   85 +-
 drivers/gpio/gpio-omap.c                           |  116 +-
 drivers/gpio/gpio-pca953x.c                        |    3 +-
 drivers/gpio/gpio-pcf857x.c                        |    8 +-
 drivers/gpio/gpio-pxa.c                            |    4 +-
 drivers/gpio/gpio-samsung.c                        |    1 +
 drivers/gpio/gpio-sch.c                            |  111 +-
 drivers/gpio/gpio-stp-xway.c                       |    2 +-
 drivers/gpio/gpio-tc3589x.c                        |    8 +-
 drivers/gpio/gpio-tegra.c                          |   11 +-
 drivers/gpio/gpio-timberdale.c                     |    3 +-
 drivers/gpio/gpio-tps65910.c                       |    2 +-
 drivers/gpio/gpio-viperboard.c                     |    4 -
 drivers/gpio/gpiolib-acpi.c                        |  217 +-
 drivers/gpio/gpiolib-of.c                          |    2 +-
 drivers/iommu/amd_iommu.c                          |  145 +-
 drivers/iommu/amd_iommu_init.c                     |  154 +-
 drivers/iommu/amd_iommu_types.h                    |    2 +
 drivers/iommu/dmar.c                               |   23 +-
 drivers/iommu/exynos-iommu.c                       |    2 +-
 drivers/iommu/intel-iommu.c                        |   24 +-
 drivers/iommu/intel_irq_remapping.c                |   10 +
 drivers/iommu/iommu.c                              |   37 +-
 drivers/iommu/irq_remapping.c                      |    6 +
 drivers/iommu/irq_remapping.h                      |    2 +
 drivers/iommu/msm_iommu.c                          |    2 +-
 drivers/iommu/omap-iommu.c                         |    2 +-
 drivers/iommu/pci.h                                |   29 +
 drivers/iommu/shmobile-iommu.c                     |    2 +-
 drivers/iommu/tegra-gart.c                         |    5 +-
 drivers/iommu/tegra-smmu.c                         |    5 +-
 drivers/leds/Kconfig                               |  115 +-
 drivers/leds/Makefile                              |   11 +-
 drivers/leds/leds-asic3.c                          |    7 +-
 drivers/leds/leds-atmel-pwm.c                      |    4 +-
 drivers/leds/leds-bd2802.c                         |   14 +-
 drivers/leds/leds-lm355x.c                         |    2 +
 drivers/leds/leds-lm3642.c                         |    2 +
 drivers/leds/leds-lp5521.c                         |   22 +-
 drivers/leds/leds-lp5562.c                         |  599 ++++
 drivers/leds/leds-lp55xx-common.c                  |   42 +-
 drivers/leds/leds-lp55xx-common.h                  |    4 +
 drivers/leds/leds-lt3593.c                         |    5 +-
 drivers/leds/leds-ns2.c                            |   44 +-
 drivers/leds/leds-pwm.c                            |   50 +-
 drivers/leds/leds-renesas-tpu.c                    |    3 +-
 drivers/leds/leds-tca6507.c                        |    4 +-
 drivers/leds/leds-wm8350.c                         |    5 +-
 drivers/leds/trigger/Kconfig                       |  111 +
 drivers/leds/trigger/Makefile                      |   10 +
 drivers/leds/{ => trigger}/ledtrig-backlight.c     |    2 +-
 drivers/leds/trigger/ledtrig-camera.c              |   57 +
 drivers/leds/{ => trigger}/ledtrig-cpu.c           |    2 +-
 drivers/leds/{ => trigger}/ledtrig-default-on.c    |    2 +-
 drivers/leds/{ => trigger}/ledtrig-gpio.c          |    2 +-
 drivers/leds/{ => trigger}/ledtrig-heartbeat.c     |    2 +-
 drivers/leds/{ => trigger}/ledtrig-ide-disk.c      |    0
 drivers/leds/{ => trigger}/ledtrig-oneshot.c       |    2 +-
 drivers/leds/{ => trigger}/ledtrig-timer.c         |    1 -
 drivers/leds/{ => trigger}/ledtrig-transient.c     |    2 +-
 drivers/net/ethernet/3com/3c59x.c                  |    2 +-
 drivers/net/ethernet/ibm/ibmveth.c                 |   23 +-
 drivers/net/usb/Kconfig                            |   11 +
 drivers/net/usb/Makefile                           |    1 +
 drivers/net/usb/cdc_ether.c                        |   10 +
 drivers/net/usb/r8152.c                            | 1767 ++++++++++++
 drivers/pwm/Kconfig                                |    8 +-
 drivers/pwm/pwm-ab8500.c                           |   10 +-
 drivers/pwm/pwm-atmel-tcb.c                        |    1 +
 drivers/pwm/pwm-imx.c                              |    6 +-
 drivers/pwm/pwm-lpc32xx.c                          |   27 +-
 drivers/pwm/pwm-mxs.c                              |    4 +-
 drivers/pwm/pwm-puv3.c                             |    1 -
 drivers/pwm/pwm-pxa.c                              |   23 +-
 drivers/pwm/pwm-samsung.c                          |   20 +-
 drivers/pwm/pwm-spear.c                            |   11 +-
 drivers/pwm/pwm-tegra.c                            |    2 +-
 drivers/pwm/pwm-tiecap.c                           |    6 +-
 drivers/pwm/pwm-tiehrpwm.c                         |    6 +-
 drivers/pwm/pwm-tipwmss.c                          |    2 +
 drivers/pwm/pwm-tipwmss.h                          |    2 +-
 drivers/pwm/pwm-twl-led.c                          |    4 +-
 drivers/pwm/pwm-twl.c                              |    6 +-
 drivers/s390/char/sclp_cmd.c                       |   20 +-
 drivers/s390/char/zcore.c                          |   34 +-
 drivers/s390/cio/blacklist.c                       |   28 +-
 drivers/s390/crypto/ap_bus.c                       |   17 +-
 drivers/video/backlight/pwm_bl.c                   |    7 +-
 fs/autofs4/expire.c                                |    9 -
 fs/autofs4/root.c                                  |    2 +-
 fs/ceph/addr.c                                     |  222 +-
 fs/ceph/caps.c                                     |   33 +-
 fs/ceph/dir.c                                      |   65 +-
 fs/ceph/file.c                                     |  241 +-
 fs/ceph/inode.c                                    |   59 +-
 fs/ceph/ioctl.c                                    |    5 +-
 fs/ceph/mds_client.c                               |   79 +-
 fs/ceph/mdsmap.c                                   |    8 +-
 fs/ceph/snap.c                                     |    3 +-
 fs/ceph/super.c                                    |    7 +-
 fs/ceph/super.h                                    |   65 +-
 fs/cifs/asn1.c                                     |   40 +-
 fs/cifs/cache.c                                    |    6 +-
 fs/cifs/cifs_debug.c                               |   67 +-
 fs/cifs/cifs_debug.h                               |   70 +-
 fs/cifs/cifs_dfs_ref.c                             |   41 +-
 fs/cifs/cifs_spnego.c                              |    5 +-
 fs/cifs/cifs_unicode.c                             |    4 +-
 fs/cifs/cifsacl.c                                  |  130 +-
 fs/cifs/cifsencrypt.c                              |  106 +-
 fs/cifs/cifsfs.c                                   |   36 +-
 fs/cifs/cifsproto.h                                |   10 +-
 fs/cifs/cifssmb.c                                  |  488 ++--
 fs/cifs/connect.c                                  |  368 ++-
 fs/cifs/dir.c                                      |   48 +-
 fs/cifs/dns_resolve.c                              |   17 +-
 fs/cifs/export.c                                   |    2 +-
 fs/cifs/file.c                                     |  166 +-
 fs/cifs/fscache.c                                  |   58 +-
 fs/cifs/inode.c                                    |  109 +-
 fs/cifs/ioctl.c                                    |    6 +-
 fs/cifs/link.c                                     |   24 +-
 fs/cifs/misc.c                                     |   78 +-
 fs/cifs/netmisc.c                                  |   16 +-
 fs/cifs/readdir.c                                  |   77 +-
 fs/cifs/sess.c                                     |   77 +-
 fs/cifs/smb1ops.c                                  |   50 +-
 fs/cifs/smb2file.c                                 |    8 +-
 fs/cifs/smb2inode.c                                |    2 +-
 fs/cifs/smb2maperror.c                             |    2 +-
 fs/cifs/smb2misc.c                                 |   96 +-
 fs/cifs/smb2ops.c                                  |   16 +-
 fs/cifs/smb2pdu.c                                  |  161 +-
 fs/cifs/smb2transport.c                            |   26 +-
 fs/cifs/smbencrypt.c                               |   17 +-
 fs/cifs/transport.c                                |   84 +-
 fs/cifs/xattr.c                                    |   54 +-
 include/linux/acpi_gpio.h                          |   19 +
 include/linux/basic_mmio_gpio.h                    |    1 +
 include/linux/ceph/auth.h                          |   18 +
 include/linux/ceph/ceph_features.h                 |    2 +
 include/linux/ceph/decode.h                        |   30 +-
 include/linux/ceph/libceph.h                       |   31 +-
 include/linux/ceph/messenger.h                     |  104 +-
 include/linux/ceph/msgr.h                          |    1 +
 include/linux/ceph/osd_client.h                    |  204 +-
 include/linux/ceph/osdmap.h                        |   30 +-
 include/linux/iommu.h                              |   18 +-
 include/linux/leds.h                               |   33 +-
 include/linux/mmc/host.h                           |    2 -
 include/linux/netdevice.h                          |    1 -
 include/linux/platform_data/leds-lp55xx.h          |   21 +-
 include/net/inet_frag.h                            |    5 +-
 include/uapi/linux/virtio_net.h                    |    2 +-
 net/ceph/Makefile                                  |    2 +-
 net/ceph/auth.c                                    |  117 +-
 net/ceph/auth_x.c                                  |   24 +-
 net/ceph/auth_x.h                                  |    1 +
 net/ceph/ceph_common.c                             |    7 +
 net/ceph/debugfs.c                                 |    4 +-
 net/ceph/messenger.c                               | 1019 ++++---
 net/ceph/mon_client.c                              |    7 +-
 net/ceph/osd_client.c                              | 1087 +++++---
 net/ceph/osdmap.c                                  |   45 +-
 net/ceph/snapshot.c                                |   78 +
 net/core/net-sysfs.c                               |   12 +-
 net/core/netpoll.c                                 |    2 +-
 net/ipv4/fib_trie.c                                |   13 +-
 net/ipv4/inet_fragment.c                           |    1 +
 net/ipv4/tcp_metrics.c                             |   15 +-
 net/tipc/link.c                                    |   11 +-
 215 files changed, 10617 insertions(+), 4641 deletions(-)
 create mode 100644 Documentation/devicetree/bindings/gpio/gpio-grgpio.txt
 create mode 100644 Documentation/devicetree/bindings/gpio/gpio-mcp23s08.txt
 create mode 100644 Documentation/leds/leds-lp5562.txt
 delete mode 100644 arch/s390/kernel/mem_detect.c
 create mode 100644 arch/s390/mm/mem_detect.c
 create mode 100644 drivers/gpio/gpio-grgpio.c
 create mode 100644 drivers/iommu/pci.h
 create mode 100644 drivers/leds/leds-lp5562.c
 create mode 100644 drivers/leds/trigger/Kconfig
 create mode 100644 drivers/leds/trigger/Makefile
 rename drivers/leds/{ => trigger}/ledtrig-backlight.c (99%)
 create mode 100644 drivers/leds/trigger/ledtrig-camera.c
 rename drivers/leds/{ => trigger}/ledtrig-cpu.c (99%)
 rename drivers/leds/{ => trigger}/ledtrig-default-on.c (98%)
 rename drivers/leds/{ => trigger}/ledtrig-gpio.c (99%)
 rename drivers/leds/{ => trigger}/ledtrig-heartbeat.c (99%)
 rename drivers/leds/{ => trigger}/ledtrig-ide-disk.c (100%)
 rename drivers/leds/{ => trigger}/ledtrig-oneshot.c (99%)
 rename drivers/leds/{ => trigger}/ledtrig-timer.c (99%)
 rename drivers/leds/{ => trigger}/ledtrig-transient.c (99%)
 create mode 100644 drivers/net/usb/r8152.c
 create mode 100644 net/ceph/snapshot.c
Merging fixes/master (0279b3c Merge branch 'sched-urgent-for-linus' of git://git.kernel.org/pub/scm/linux/kernel/git/tip/tip)
$ git merge fixes/master
Already up-to-date.
Merging kbuild-current/rc-fixes (a54292f kbuild: generate generic headers before recursing into scripts)
$ git merge kbuild-current/rc-fixes
Already up-to-date.
Merging arc-current/for-curr (e9715b4 ARC: Remove non existent refs to GENERIC_KERNEL_EXECVE & GENERIC_KERNEL_THREAD)
$ git merge arc-current/for-curr
Auto-merging arch/arc/mm/init.c
Auto-merging arch/arc/kernel/troubleshoot.c
Auto-merging arch/arc/kernel/disasm.c
Merge made by the 'recursive' strategy.
 arch/arc/Kconfig                       |  31 ++-
 arch/arc/Makefile                      |  15 +-
 arch/arc/boot/Makefile                 |  19 +-
 arch/arc/boot/dts/Makefile             |   4 +-
 arch/arc/boot/dts/abilis_tb100.dtsi    | 340 ++++++++++++++++++++++++++++++++
 arch/arc/boot/dts/abilis_tb100_dvk.dts | 127 ++++++++++++
 arch/arc/boot/dts/abilis_tb101.dtsi    | 349 +++++++++++++++++++++++++++++++++
 arch/arc/boot/dts/abilis_tb101_dvk.dts | 127 ++++++++++++
 arch/arc/boot/dts/abilis_tb10x.dtsi    | 247 +++++++++++++++++++++++
 arch/arc/boot/dts/nsimosci.dts         |  77 ++++++++
 arch/arc/configs/fpga_defconfig        |   3 +-
 arch/arc/configs/nsimosci_defconfig    |  75 +++++++
 arch/arc/configs/tb10x_defconfig       | 117 +++++++++++
 arch/arc/include/asm/cacheflush.h      |  16 +-
 arch/arc/include/asm/irq.h             |   3 +-
 arch/arc/include/asm/serial.h          |  10 +
 arch/arc/include/asm/tlb.h             |  16 +-
 arch/arc/kernel/asm-offsets.c          |   2 +-
 arch/arc/kernel/clk.c                  |   2 +-
 arch/arc/kernel/disasm.c               |   2 +-
 arch/arc/kernel/entry.S                |   8 +-
 arch/arc/kernel/irq.c                  |  25 ++-
 arch/arc/kernel/kprobes.c              |   1 -
 arch/arc/kernel/module.c               |   4 +-
 arch/arc/kernel/setup.c                |  36 ++--
 arch/arc/kernel/time.c                 |   1 -
 arch/arc/kernel/traps.c                |  24 +--
 arch/arc/kernel/troubleshoot.c         |  50 +++--
 arch/arc/mm/cache_arc700.c             | 269 ++++++-------------------
 arch/arc/mm/extable.c                  |   4 +-
 arch/arc/mm/fault.c                    |   1 -
 arch/arc/mm/init.c                     |   3 -
 arch/arc/mm/ioremap.c                  |   2 +-
 arch/arc/mm/tlb.c                      |  22 ++-
 arch/arc/plat-arcfpga/platform.c       |  12 ++
 arch/arc/plat-tb10x/Kconfig            |  36 ++++
 arch/arc/plat-tb10x/Makefile           |  21 ++
 arch/arc/plat-tb10x/tb10x.c            |  71 +++++++
 38 files changed, 1835 insertions(+), 337 deletions(-)
 create mode 100644 arch/arc/boot/dts/abilis_tb100.dtsi
 create mode 100644 arch/arc/boot/dts/abilis_tb100_dvk.dts
 create mode 100644 arch/arc/boot/dts/abilis_tb101.dtsi
 create mode 100644 arch/arc/boot/dts/abilis_tb101_dvk.dts
 create mode 100644 arch/arc/boot/dts/abilis_tb10x.dtsi
 create mode 100644 arch/arc/boot/dts/nsimosci.dts
 create mode 100644 arch/arc/configs/nsimosci_defconfig
 create mode 100644 arch/arc/configs/tb10x_defconfig
 create mode 100644 arch/arc/plat-tb10x/Kconfig
 create mode 100644 arch/arc/plat-tb10x/Makefile
 create mode 100644 arch/arc/plat-tb10x/tb10x.c
Merging arm-current/fixes (1783d45 ARM: 7700/2: Make cpu_init() notrace)
$ git merge arm-current/fixes
Already up-to-date.
Merging m68k-current/for-linus (e00c73e m68k: Remove inline strlen() implementation)
$ git merge m68k-current/for-linus
Already up-to-date.
Merging powerpc-merge/merge (01227a8 Merge tag 'kvm-3.10-1' of git://git.kernel.org/pub/scm/virt/kvm/kvm)
$ git merge powerpc-merge/merge
Already up-to-date.
Merging sparc/master (51a26ae Merge git://git.kernel.org/pub/scm/linux/kernel/git/davem/net)
$ git merge sparc/master
Already up-to-date.
Merging net/master (51a26ae Merge git://git.kernel.org/pub/scm/linux/kernel/git/davem/net)
$ git merge net/master
Already up-to-date.
$ git am -3 ../patches/0001-drivers-net-fix-up-for-code-movement-from-rt2x00pci..patch
Applying: drivers:net: fix up for code movement from rt2x00pci.c
$ git reset HEAD^
Unstaged changes after reset:
M	drivers/net/wireless/rt2x00/rt2x00mmio.c
$ git add -A .
$ git commit -v -a --amend
[master 044c08f] Merge remote-tracking branch 'arc-current/for-curr'
Merging ipsec/master (da241ef Merge git://git.kernel.org/pub/scm/linux/kernel/git/davem/net)
$ git merge ipsec/master
Already up-to-date.
Merging sound-current/for-linus (4ca231b ALSA: usb-audio: caiaq: fix endianness bug in snd_usb_caiaq_maschine_dispatch)
$ git merge sound-current/for-linus
Already up-to-date.
Merging pci-current/for-linus (dd72be99 x86/pci/mrst: Use configuration mechanism 1 for 00:00.0, 00:02.0, 00:03.0)
$ git merge pci-current/for-linus
Merge made by the 'recursive' strategy.
 arch/x86/pci/mrst.c | 10 ++++++----
 drivers/pci/msi.c   |  6 ++++--
 2 files changed, 10 insertions(+), 6 deletions(-)
Merging wireless/master (db17834 ath5k: do not reschedule tx_complete_work on stop)
$ git merge wireless/master
Merge made by the 'recursive' strategy.
 drivers/net/wireless/ath/ath5k/base.c | 5 +++++
 drivers/net/wireless/ath/ath9k/main.c | 6 +++++-
 2 files changed, 10 insertions(+), 1 deletion(-)
Merging driver-core.current/driver-core-linus (c1be5a5 Linux 3.9)
$ git merge driver-core.current/driver-core-linus
Already up-to-date.
Merging tty.current/tty-linus (c1be5a5 Linux 3.9)
$ git merge tty.current/tty-linus
Already up-to-date.
Merging usb.current/usb-linus (c1be5a5 Linux 3.9)
$ git merge usb.current/usb-linus
Already up-to-date.
Merging staging.current/staging-linus (c1be5a5 Linux 3.9)
$ git merge staging.current/staging-linus
Already up-to-date.
Merging char-misc.current/char-misc-linus (c1be5a5 Linux 3.9)
$ git merge char-misc.current/char-misc-linus
Already up-to-date.
Merging input-current/for-linus (f0aacea Input: wacom - add a few new styli for Cintiq series)
$ git merge input-current/for-linus
Merge made by the 'recursive' strategy.
 drivers/input/tablet/wacom_wac.c      | 72 ++++++++++++++++++++++++++---------
 drivers/input/tablet/wacom_wac.h      |  1 +
 drivers/input/touchscreen/egalax_ts.c |  2 +-
 3 files changed, 55 insertions(+), 20 deletions(-)
Merging md-current/for-linus (32f9f57 MD: ignore discard request for hard disks of hybid raid1/raid10 array)
$ git merge md-current/for-linus
Already up-to-date.
Merging audit-current/for-linus (c158a35 audit: no leading space in audit_log_d_path prefix)
$ git merge audit-current/for-linus
Already up-to-date.
Merging crypto-current/master (3862de1 crypto: caam - fix job ring cleanup code)
$ git merge crypto-current/master
Already up-to-date.
Merging ide/master (bf6b438 ide: gayle: use module_platform_driver_probe())
$ git merge ide/master
Merge made by the 'recursive' strategy.
 drivers/ide/gayle.c     | 15 +--------------
 drivers/ide/tx4938ide.c | 13 +------------
 drivers/ide/tx4939ide.c | 13 +------------
 3 files changed, 3 insertions(+), 38 deletions(-)
Merging dwmw2/master (5950f08 pcmcia: remove RPX board stuff)
$ git merge dwmw2/master
Merge made by the 'recursive' strategy.
 arch/m68k/include/asm/commproc.h   |  17 -----
 drivers/pcmcia/m8xx_pcmcia.c       | 140 -------------------------------------
 drivers/platform/x86/dell-laptop.c |  10 +--
 kernel/params.c                    |   5 +-
 4 files changed, 10 insertions(+), 162 deletions(-)
Merging sh-current/sh-fixes-for-linus (4403310 SH: Convert out[bwl] macros to inline functions)
$ git merge sh-current/sh-fixes-for-linus
Already up-to-date.
Merging irqdomain-current/irqdomain/merge (a0d271c Linux 3.6)
$ git merge irqdomain-current/irqdomain/merge
Already up-to-date.
Merging devicetree-current/devicetree/merge (ab28698 of: define struct device in of_platform.h if !OF_DEVICE and !OF_ADDRESS)
$ git merge devicetree-current/devicetree/merge
Already up-to-date.
Merging spi-current/spi/merge (0d2d0cc spi/davinci: fix module build error)
$ git merge spi-current/spi/merge
Auto-merging include/linux/spi/spi.h
Auto-merging drivers/spi/spi.c
Auto-merging drivers/spi/spi-atmel.c
Merge made by the 'recursive' strategy.
 drivers/spi/spi-atmel.c   | 4 ++--
 drivers/spi/spi-davinci.c | 2 +-
 drivers/spi/spi.c         | 9 ++++++---
 include/linux/spi/spi.h   | 4 ++--
 4 files changed, 11 insertions(+), 8 deletions(-)
Merging gpio-current/gpio/merge (e97f9b5 gpio/gpio-ich: fix ichx_gpio_check_available() return what callers expect)
$ git merge gpio-current/gpio/merge
Already up-to-date.
Merging rr-fixes/fixes (c1be5a5 Linux 3.9)
$ git merge rr-fixes/fixes
Already up-to-date.
Merging mfd-fixes/master (31880c3 Linux 3.9-rc6)
$ git merge mfd-fixes/master
Already up-to-date.
Merging vfio-fixes/for-linus (904c680 vfio-pci: Fix possible integer overflow)
$ git merge vfio-fixes/for-linus
Already up-to-date.
Merging asm-generic/master (fb9de7e xtensa: Use generic asm/mmu.h for nommu)
$ git merge asm-generic/master
Already up-to-date.
Merging arc/for-next (07961ac Linux 3.9-rc5)
$ git merge arc/for-next
Already up-to-date.
Merging arm/for-next (0d240c9 Merge branch 'cleanup' into for-next)
$ git merge arm/for-next
Merge made by the 'recursive' strategy.
Merging arm-perf/for-next/perf (ab87304 Merge branches 'perf/fixes' and 'hw-breakpoint' into for-next/perf)
$ git merge arm-perf/for-next/perf
Merge made by the 'recursive' strategy.
Merging davinci/davinci-next (fe0d422 Linux 3.0-rc6)
$ git merge davinci/davinci-next
Already up-to-date.
Merging xilinx/arm-next (64e3fd3 arm: zynq: Add support for pmu)
$ git merge xilinx/arm-next
Resolved 'arch/arm/mach-spear/spear13xx.c' using previous resolution.
Resolved 'arch/arm/mach-zynq/Makefile' using previous resolution.
Resolved 'arch/arm/mach-zynq/common.c' using previous resolution.
Resolved 'arch/arm/mach-zynq/common.h' using previous resolution.
Resolved 'drivers/clocksource/Makefile' using previous resolution.
Resolved 'drivers/clocksource/tegra20_timer.c' using previous resolution.
Auto-merging drivers/clocksource/tegra20_timer.c
CONFLICT (content): Merge conflict in drivers/clocksource/tegra20_timer.c
Auto-merging drivers/clocksource/Makefile
CONFLICT (content): Merge conflict in drivers/clocksource/Makefile
Auto-merging arch/arm/mach-zynq/common.h
CONFLICT (content): Merge conflict in arch/arm/mach-zynq/common.h
Auto-merging arch/arm/mach-zynq/common.c
CONFLICT (content): Merge conflict in arch/arm/mach-zynq/common.c
Auto-merging arch/arm/mach-zynq/Makefile
CONFLICT (content): Merge conflict in arch/arm/mach-zynq/Makefile
Auto-merging arch/arm/mach-zynq/Kconfig
Auto-merging arch/arm/mach-spear/spear13xx.c
CONFLICT (content): Merge conflict in arch/arm/mach-spear/spear13xx.c
Auto-merging arch/arm/boot/dts/zynq-7000.dtsi
Automatic merge failed; fix conflicts and then commit the result.
$ git commit -v -a
[master 8173f9c] Merge remote-tracking branch 'xilinx/arm-next'
$ git diff -M --stat --summary HEAD^..
 arch/arm/boot/dts/zynq-7000.dtsi |   7 ++
 arch/arm/mach-zynq/Kconfig       |   1 +
 arch/arm/mach-zynq/Makefile      |   6 +-
 arch/arm/mach-zynq/common.c      |  67 +++++++++--------
 arch/arm/mach-zynq/common.h      |  20 ++++++
 arch/arm/mach-zynq/headsmp.S     |  24 +++++++
 arch/arm/mach-zynq/hotplug.c     | 104 +++++++++++++++++++++++++++
 arch/arm/mach-zynq/platsmp.c     | 152 +++++++++++++++++++++++++++++++++++++++
 arch/arm/mach-zynq/slcr.c        | 125 ++++++++++++++++++++++++++++++++
 9 files changed, 476 insertions(+), 30 deletions(-)
 create mode 100644 arch/arm/mach-zynq/headsmp.S
 create mode 100644 arch/arm/mach-zynq/hotplug.c
 create mode 100644 arch/arm/mach-zynq/platsmp.c
 create mode 100644 arch/arm/mach-zynq/slcr.c
Merging arm64/upstream (16c85a1 arm64: Use acquire/release semantics instead of explicit DMB)
$ git merge arm64/upstream
Already up-to-date.
Merging blackfin/for-linus (f656c24 blackfin: time-ts: Remove duplicate assignment)
$ git merge blackfin/for-linus
Already up-to-date.
Merging c6x/for-linux-next (f934af0 add memory barrier to arch_local_irq_restore)
$ git merge c6x/for-linux-next
Already up-to-date.
Merging cris/for-next (32ade6a CRIS: Add kvm_para.h which includes generic file)
$ git merge cris/for-next
Auto-merging arch/cris/include/asm/processor.h
Auto-merging arch/cris/arch-v32/drivers/Kconfig
Auto-merging arch/cris/Kconfig
Merge made by the 'recursive' strategy.
 arch/cris/Kconfig                     |  81 -------
 arch/cris/arch-v10/drivers/Kconfig    |  70 ------
 arch/cris/arch-v10/drivers/Makefile   |   2 -
 arch/cris/arch-v32/drivers/Kconfig    | 394 ----------------------------------
 arch/cris/arch-v32/mach-a3/Kconfig    |   4 -
 arch/cris/include/asm/processor.h     |   1 -
 arch/cris/include/uapi/asm/kvm_para.h |   1 +
 7 files changed, 1 insertion(+), 552 deletions(-)
 create mode 100644 arch/cris/include/uapi/asm/kvm_para.h
Merging hexagon/linux-next (426d29c Hexagon: add v4 CS regs to core copyout macro)
$ git merge hexagon/linux-next
Already up-to-date.
Merging ia64/next (797f6a6 Add size restriction to the kdump documentation)
$ git merge ia64/next
Already up-to-date.
Merging m68k/for-next (e00c73e m68k: Remove inline strlen() implementation)
$ git merge m68k/for-next
Already up-to-date.
Merging m68knommu/for-next (2842e5b0 m68knommu: enable Timer on coldfire 532x)
$ git merge m68knommu/for-next
Auto-merging drivers/tty/serial/68328serial.c
Auto-merging arch/m68k/platform/coldfire/m53xx.c
Auto-merging arch/m68k/include/asm/m53xxsim.h
Removing arch/m68k/include/asm/dbg.h
Merge made by the 'recursive' strategy.
 arch/m68k/Kconfig.cpu                            | 12 ++++++++++++
 arch/m68k/Kconfig.machine                        | 16 +++++++---------
 arch/m68k/Makefile                               |  1 +
 arch/m68k/include/asm/dbg.h                      |  6 ------
 arch/m68k/include/asm/dma.h                      |  2 +-
 arch/m68k/include/asm/m53xxacr.h                 |  4 ++--
 arch/m68k/include/asm/{m532xsim.h => m53xxsim.h} | 12 ++++++------
 arch/m68k/include/asm/m54xxacr.h                 |  7 ++++++-
 arch/m68k/include/asm/mcfgpio.h                  | 10 +++++-----
 arch/m68k/include/asm/mcfsim.h                   |  4 ++--
 arch/m68k/include/asm/mcftimer.h                 |  2 +-
 arch/m68k/platform/coldfire/Makefile             |  2 +-
 arch/m68k/platform/coldfire/{m532x.c => m53xx.c} | 23 +++++++++++------------
 arch/m68k/platform/coldfire/timers.c             |  2 +-
 drivers/tty/serial/68328serial.c                 |  1 -
 fs/romfs/mmap-nommu.c                            |  5 ++++-
 16 files changed, 60 insertions(+), 49 deletions(-)
 delete mode 100644 arch/m68k/include/asm/dbg.h
 rename arch/m68k/include/asm/{m532xsim.h => m53xxsim.h} (99%)
 rename arch/m68k/platform/coldfire/{m532x.c => m53xx.c} (98%)
Merging metag/for-next (164c013 metag: defconfigs: increase log buffer 8KiB => 128KiB)
$ git merge metag/for-next
Already up-to-date.
Merging microblaze/next (01cc2cb microblaze: intc: set the default irq_domain)
$ git merge microblaze/next
Merge made by the 'recursive' strategy.
 arch/microblaze/kernel/intc.c    | 2 ++
 arch/microblaze/pci/pci-common.c | 1 -
 2 files changed, 2 insertions(+), 1 deletion(-)
Merging mips/mips-for-linux-next (8b14c94 Merge branch 'next/kvm' into mips-for-linux-next)
$ git merge mips/mips-for-linux-next
Auto-merging virt/kvm/kvm_main.c
Removing arch/mips/mti-sead3/sead3-cmdline.c
Removing arch/mips/mti-malta/malta-cmdline.c
Auto-merging arch/mips/kernel/traps.c
Auto-merging arch/mips/kernel/smp.c
Auto-merging arch/mips/kernel/process.c
Auto-merging arch/mips/kernel/Makefile
Removing arch/mips/include/asm/netlogic/xlp-hal/usb.h
Removing arch/mips/include/asm/mips-boards/prom.h
Auto-merging arch/mips/include/asm/mach-bcm63xx/bcm63xx_dev_spi.h
Removing arch/mips/include/asm/mach-bcm63xx/bcm63xx_clk.h
Auto-merging arch/mips/bcm63xx/dev-spi.c
Auto-merging arch/mips/Kconfig
Auto-merging Documentation/devicetree/bindings/vendor-prefixes.txt
Merge made by the 'recursive' strategy.
 Documentation/devicetree/bindings/mips/ralink.txt  |   18 +
 .../devicetree/bindings/vendor-prefixes.txt        |    1 +
 arch/mips/Kbuild                                   |    4 +
 arch/mips/Kconfig                                  |   52 +-
 arch/mips/Makefile                                 |    1 +
 arch/mips/alchemy/Kconfig                          |    3 -
 arch/mips/alchemy/Platform                         |   22 +-
 arch/mips/ath79/setup.c                            |   16 +-
 arch/mips/bcm63xx/Kconfig                          |    4 +
 arch/mips/bcm63xx/boards/board_bcm963xx.c          |    6 +-
 arch/mips/bcm63xx/clk.c                            |   43 +-
 arch/mips/bcm63xx/cpu.c                            |  142 +-
 arch/mips/bcm63xx/dev-flash.c                      |    6 +
 arch/mips/bcm63xx/dev-spi.c                        |   26 +-
 arch/mips/bcm63xx/irq.c                            |   22 +
 arch/mips/bcm63xx/prom.c                           |    2 +
 arch/mips/bcm63xx/reset.c                          |   28 +
 arch/mips/bcm63xx/setup.c                          |    5 +-
 arch/mips/cavium-octeon/octeon-irq.c               |    5 +-
 arch/mips/configs/malta_defconfig                  |   69 +-
 arch/mips/configs/malta_kvm_defconfig              |  456 +++++
 arch/mips/configs/malta_kvm_guest_defconfig        |  453 +++++
 arch/mips/configs/maltaaprp_defconfig              |  195 +++
 arch/mips/configs/maltasmtc_defconfig              |  196 +++
 arch/mips/configs/maltasmvp_defconfig              |  199 +++
 arch/mips/configs/maltaup_defconfig                |  194 +++
 arch/mips/configs/sead3_defconfig                  |    3 -
 arch/mips/configs/sead3micro_defconfig             |  122 ++
 arch/mips/fw/lib/Makefile                          |    2 +
 arch/mips/fw/lib/cmdline.c                         |  101 ++
 arch/mips/include/asm/asm.h                        |    2 +
 arch/mips/include/asm/bootinfo.h                   |    1 +
 arch/mips/include/asm/branch.h                     |   40 +-
 arch/mips/include/asm/cpu-features.h               |    3 +
 arch/mips/include/asm/dma-mapping.h                |    3 +
 arch/mips/include/asm/fpu_emulator.h               |    6 +
 arch/mips/include/asm/fw/fw.h                      |   47 +
 arch/mips/include/asm/gic.h                        |   16 +-
 arch/mips/include/asm/hazards.h                    |  371 ++--
 arch/mips/include/asm/inst.h                       |   12 +
 arch/mips/include/asm/irqflags.h                   |  153 +-
 arch/mips/include/asm/kvm.h                        |   55 +
 arch/mips/include/asm/kvm_host.h                   |  667 +++++++
 arch/mips/include/asm/mach-bcm63xx/bcm63xx_clk.h   |   11 -
 arch/mips/include/asm/mach-bcm63xx/bcm63xx_cpu.h   |  141 +-
 .../include/asm/mach-bcm63xx/bcm63xx_dev_spi.h     |   11 +-
 arch/mips/include/asm/mach-bcm63xx/bcm63xx_gpio.h  |    2 +
 arch/mips/include/asm/mach-bcm63xx/bcm63xx_regs.h  |  105 +-
 arch/mips/include/asm/mach-bcm63xx/ioremap.h       |    1 +
 arch/mips/include/asm/mach-generic/dma-coherence.h |    5 +-
 arch/mips/include/asm/mach-generic/spaces.h        |    9 +-
 .../asm/mach-loongson/cpu-feature-overrides.h      |    1 +
 arch/mips/include/asm/mach-ralink/mt7620.h         |   84 +
 arch/mips/include/asm/mach-ralink/rt288x.h         |   53 +
 .../asm/mach-ralink/rt288x/cpu-feature-overrides.h |   56 +
 arch/mips/include/asm/mach-ralink/rt305x.h         |   27 +
 .../asm/mach-ralink/rt305x/cpu-feature-overrides.h |   56 +
 arch/mips/include/asm/mach-ralink/rt3883.h         |  252 +++
 .../asm/mach-ralink/rt3883/cpu-feature-overrides.h |   55 +
 .../include/asm/mach-sead3/cpu-feature-overrides.h |    4 +
 arch/mips/include/asm/mips-boards/generic.h        |    3 +
 arch/mips/include/asm/mips-boards/prom.h           |   47 -
 arch/mips/include/asm/mips_machine.h               |    4 -
 arch/mips/include/asm/mipsregs.h                   |   19 +
 arch/mips/include/asm/mmu_context.h                |  101 +-
 arch/mips/include/asm/netlogic/haldefs.h           |   92 +-
 arch/mips/include/asm/netlogic/mips-extns.h        |   20 +-
 arch/mips/include/asm/netlogic/xlp-hal/pic.h       |   53 -
 arch/mips/include/asm/netlogic/xlp-hal/usb.h       |   64 -
 arch/mips/include/asm/pgtable.h                    |    1 +
 arch/mips/include/asm/processor.h                  |    5 +
 arch/mips/include/asm/prom.h                       |    3 +
 arch/mips/include/asm/spinlock.h                   |  120 +-
 arch/mips/include/asm/stackframe.h                 |   12 +-
 arch/mips/include/asm/thread_info.h                |    8 +-
 arch/mips/include/asm/time.h                       |    8 +-
 arch/mips/include/asm/uaccess.h                    |   25 +-
 arch/mips/include/asm/uasm.h                       |   84 +-
 arch/mips/include/uapi/asm/inst.h                  |  564 ++++++
 arch/mips/kernel/Makefile                          |    3 +-
 arch/mips/kernel/asm-offsets.c                     |   66 +
 arch/mips/kernel/binfmt_elfo32.c                   |    4 +
 arch/mips/kernel/branch.c                          |  178 ++
 arch/mips/kernel/cevt-gic.c                        |  104 ++
 arch/mips/kernel/cevt-r4k.c                        |   13 +-
 arch/mips/kernel/cpu-probe.c                       |    3 +
 arch/mips/kernel/csrc-gic.c                        |   13 +-
 arch/mips/kernel/genex.S                           |   75 +-
 arch/mips/kernel/irq-gic.c                         |   47 +
 arch/mips/kernel/mips_machine.c                    |   21 -
 arch/mips/kernel/proc.c                            |    6 +-
 arch/mips/kernel/process.c                         |  101 ++
 arch/mips/kernel/prom.c                            |   31 +
 arch/mips/kernel/scall32-o32.S                     |    9 +
 arch/mips/kernel/setup.c                           |   20 +
 arch/mips/kernel/signal.c                          |    9 +
 arch/mips/kernel/smp-mt.c                          |    3 +-
 arch/mips/kernel/smp.c                             |    1 +
 arch/mips/kernel/smtc-asm.S                        |    3 +
 arch/mips/kernel/traps.c                           |  318 +++-
 arch/mips/kernel/unaligned.c                       | 1489 +++++++++++++---
 arch/mips/kvm/00README.txt                         |   31 +
 arch/mips/kvm/Kconfig                              |   49 +
 arch/mips/kvm/Makefile                             |   13 +
 arch/mips/kvm/kvm_cb.c                             |   14 +
 arch/mips/kvm/kvm_locore.S                         |  650 +++++++
 arch/mips/kvm/kvm_mips.c                           |  958 ++++++++++
 arch/mips/kvm/kvm_mips_comm.h                      |   23 +
 arch/mips/kvm/kvm_mips_commpage.c                  |   37 +
 arch/mips/kvm/kvm_mips_dyntrans.c                  |  149 ++
 arch/mips/kvm/kvm_mips_emul.c                      | 1829 ++++++++++++++++++++
 arch/mips/kvm/kvm_mips_int.c                       |  243 +++
 arch/mips/kvm/kvm_mips_int.h                       |   49 +
 arch/mips/kvm/kvm_mips_opcode.h                    |   24 +
 arch/mips/kvm/kvm_mips_stats.c                     |   82 +
 arch/mips/kvm/kvm_tlb.c                            |  932 ++++++++++
 arch/mips/kvm/kvm_trap_emul.c                      |  482 ++++++
 arch/mips/kvm/trace.h                              |   46 +
 arch/mips/lib/bitops.c                             |   14 +-
 arch/mips/lib/dump_tlb.c                           |    5 +-
 arch/mips/lib/memset.S                             |   84 +-
 arch/mips/lib/mips-atomic.c                        |  149 +-
 arch/mips/lib/r3k_dump_tlb.c                       |    6 +-
 arch/mips/lib/strlen_user.S                        |    9 +-
 arch/mips/lib/strncpy_user.S                       |   32 +-
 arch/mips/lib/strnlen_user.S                       |    2 +-
 arch/mips/math-emu/cp1emu.c                        |  919 +++++++++-
 arch/mips/math-emu/dsemul.c                        |   30 +-
 arch/mips/mm/Makefile                              |    4 +-
 arch/mips/mm/c-r4k.c                               |   32 +-
 arch/mips/mm/cache.c                               |    1 +
 arch/mips/mm/dma-default.c                         |    5 +-
 arch/mips/mm/page.c                                |   10 +
 arch/mips/mm/tlb-r3k.c                             |   20 +-
 arch/mips/mm/tlb-r4k.c                             |    4 +-
 arch/mips/mm/tlb-r8k.c                             |    2 +-
 arch/mips/mm/tlbex.c                               |  134 +-
 arch/mips/mm/uasm-micromips.c                      |  221 +++
 arch/mips/mm/uasm-mips.c                           |  205 +++
 arch/mips/mm/uasm.c                                |  326 +---
 arch/mips/mti-malta/Makefile                       |    5 +-
 arch/mips/mti-malta/Platform                       |    6 +-
 arch/mips/mti-malta/malta-cmdline.c                |   59 -
 arch/mips/mti-malta/malta-display.c                |   38 +-
 arch/mips/mti-malta/malta-init.c                   |  153 +-
 arch/mips/mti-malta/malta-int.c                    |    4 +-
 arch/mips/mti-malta/malta-memory.c                 |  104 +-
 arch/mips/mti-malta/malta-setup.c                  |   87 +-
 arch/mips/mti-malta/malta-time.c                   |   53 +-
 arch/mips/mti-sead3/Makefile                       |    8 +-
 arch/mips/mti-sead3/leds-sead3.c                   |   24 +-
 arch/mips/mti-sead3/sead3-cmdline.c                |   46 -
 arch/mips/mti-sead3/sead3-console.c                |    2 +-
 arch/mips/mti-sead3/sead3-display.c                |    1 -
 arch/mips/mti-sead3/sead3-init.c                   |  130 +-
 arch/mips/mti-sead3/sead3-int.c                    |    1 -
 arch/mips/mti-sead3/sead3-setup.c                  |    4 -
 arch/mips/mti-sead3/sead3-time.c                   |    1 -
 arch/mips/netlogic/Kconfig                         |   17 +-
 arch/mips/netlogic/common/smp.c                    |   21 +-
 arch/mips/netlogic/dts/Makefile                    |    1 +
 arch/mips/netlogic/dts/xlp_evp.dts                 |    2 +-
 arch/mips/netlogic/dts/xlp_svp.dts                 |  124 ++
 arch/mips/netlogic/xlp/nlm_hal.c                   |   62 +-
 arch/mips/netlogic/xlp/setup.c                     |   22 +-
 arch/mips/netlogic/xlp/usb-init.c                  |   49 +-
 arch/mips/oprofile/op_model_mipsxx.c               |    2 +-
 arch/mips/pci/pci-ar71xx.c                         |    6 +-
 arch/mips/pci/pci-ar724x.c                         |   18 +-
 arch/mips/pci/pci-bcm63xx.c                        |   11 +-
 arch/mips/ralink/Kconfig                           |   23 +
 arch/mips/ralink/Makefile                          |    3 +
 arch/mips/ralink/Platform                          |   18 +
 arch/mips/ralink/common.h                          |   11 +-
 arch/mips/ralink/dts/Makefile                      |    3 +
 arch/mips/ralink/dts/mt7620a.dtsi                  |   58 +
 arch/mips/ralink/dts/mt7620a_eval.dts              |   16 +
 arch/mips/ralink/dts/rt2880.dtsi                   |   58 +
 arch/mips/ralink/dts/rt2880_eval.dts               |   46 +
 arch/mips/ralink/dts/rt3050.dtsi                   |   52 +-
 arch/mips/ralink/dts/rt3052_eval.dts               |   10 +-
 arch/mips/ralink/dts/rt3883.dtsi                   |   58 +
 arch/mips/ralink/dts/rt3883_eval.dts               |   16 +
 arch/mips/ralink/early_printk.c                    |    4 +
 arch/mips/ralink/irq.c                             |    5 +
 arch/mips/ralink/mt7620.c                          |  234 +++
 arch/mips/ralink/of.c                              |    9 +
 arch/mips/ralink/rt288x.c                          |  143 ++
 arch/mips/ralink/rt305x.c                          |   70 +-
 arch/mips/ralink/rt3883.c                          |  246 +++
 arch/mips/sgi-ip27/ip27-timer.c                    |    2 +-
 drivers/tty/serial/bcm63xx_uart.c                  |    1 -
 drivers/video/au1100fb.c                           |   22 +-
 mm/bootmem.c                                       |    1 +
 virt/kvm/kvm_main.c                                |    2 +-
 195 files changed, 16109 insertions(+), 2283 deletions(-)
 create mode 100644 Documentation/devicetree/bindings/mips/ralink.txt
 create mode 100644 arch/mips/configs/malta_kvm_defconfig
 create mode 100644 arch/mips/configs/malta_kvm_guest_defconfig
 create mode 100644 arch/mips/configs/maltaaprp_defconfig
 create mode 100644 arch/mips/configs/maltasmtc_defconfig
 create mode 100644 arch/mips/configs/maltasmvp_defconfig
 create mode 100644 arch/mips/configs/maltaup_defconfig
 create mode 100644 arch/mips/configs/sead3micro_defconfig
 create mode 100644 arch/mips/fw/lib/cmdline.c
 create mode 100644 arch/mips/include/asm/fw/fw.h
 create mode 100644 arch/mips/include/asm/kvm.h
 create mode 100644 arch/mips/include/asm/kvm_host.h
 delete mode 100644 arch/mips/include/asm/mach-bcm63xx/bcm63xx_clk.h
 create mode 100644 arch/mips/include/asm/mach-ralink/mt7620.h
 create mode 100644 arch/mips/include/asm/mach-ralink/rt288x.h
 create mode 100644 arch/mips/include/asm/mach-ralink/rt288x/cpu-feature-overrides.h
 create mode 100644 arch/mips/include/asm/mach-ralink/rt305x/cpu-feature-overrides.h
 create mode 100644 arch/mips/include/asm/mach-ralink/rt3883.h
 create mode 100644 arch/mips/include/asm/mach-ralink/rt3883/cpu-feature-overrides.h
 delete mode 100644 arch/mips/include/asm/mips-boards/prom.h
 delete mode 100644 arch/mips/include/asm/netlogic/xlp-hal/usb.h
 create mode 100644 arch/mips/kernel/cevt-gic.c
 create mode 100644 arch/mips/kvm/00README.txt
 create mode 100644 arch/mips/kvm/Kconfig
 create mode 100644 arch/mips/kvm/Makefile
 create mode 100644 arch/mips/kvm/kvm_cb.c
 create mode 100644 arch/mips/kvm/kvm_locore.S
 create mode 100644 arch/mips/kvm/kvm_mips.c
 create mode 100644 arch/mips/kvm/kvm_mips_comm.h
 create mode 100644 arch/mips/kvm/kvm_mips_commpage.c
 create mode 100644 arch/mips/kvm/kvm_mips_dyntrans.c
 create mode 100644 arch/mips/kvm/kvm_mips_emul.c
 create mode 100644 arch/mips/kvm/kvm_mips_int.c
 create mode 100644 arch/mips/kvm/kvm_mips_int.h
 create mode 100644 arch/mips/kvm/kvm_mips_opcode.h
 create mode 100644 arch/mips/kvm/kvm_mips_stats.c
 create mode 100644 arch/mips/kvm/kvm_tlb.c
 create mode 100644 arch/mips/kvm/kvm_trap_emul.c
 create mode 100644 arch/mips/kvm/trace.h
 create mode 100644 arch/mips/mm/uasm-micromips.c
 create mode 100644 arch/mips/mm/uasm-mips.c
 delete mode 100644 arch/mips/mti-malta/malta-cmdline.c
 delete mode 100644 arch/mips/mti-sead3/sead3-cmdline.c
 create mode 100644 arch/mips/netlogic/dts/xlp_svp.dts
 create mode 100644 arch/mips/ralink/dts/mt7620a.dtsi
 create mode 100644 arch/mips/ralink/dts/mt7620a_eval.dts
 create mode 100644 arch/mips/ralink/dts/rt2880.dtsi
 create mode 100644 arch/mips/ralink/dts/rt2880_eval.dts
 create mode 100644 arch/mips/ralink/dts/rt3883.dtsi
 create mode 100644 arch/mips/ralink/dts/rt3883_eval.dts
 create mode 100644 arch/mips/ralink/mt7620.c
 create mode 100644 arch/mips/ralink/rt288x.c
 create mode 100644 arch/mips/ralink/rt3883.c
Merging openrisc/for-upstream (6af6095 openrisc: remove HAVE_VIRT_TO_BUS)
$ git merge openrisc/for-upstream
Already up-to-date.
Merging parisc/for-next (6c700d7 [PARISC] hpux: Remove obsolete regs parameter from do_execve() in hpux_execve())
$ git merge parisc/for-next
Already up-to-date.
Merging powerpc/next (01227a8 Merge tag 'kvm-3.10-1' of git://git.kernel.org/pub/scm/virt/kvm/kvm)
$ git merge powerpc/next
Already up-to-date.
Merging 4xx/next (2074b1d powerpc: Fix irq distribution)
$ git merge 4xx/next
Already up-to-date.
Merging mpc5xxx/next (fdeaf0e powerpc/512x: add ifm ac14xx board)
$ git merge mpc5xxx/next
Already up-to-date.
Merging galak/next (9e2ecdb powerpc/fsl-booke: add the reg prop for pci bridge device node for T4/B4)
$ git merge galak/next
Already up-to-date.
Merging s390/features (996b4a7 s390/mem_detect: remove artificial kdump memory types)
$ git merge s390/features
Already up-to-date.
Merging sh/sh-latest (37284bd Merge branches 'sh/hw-breakpoints' and 'sh/serial-of' into sh-latest)
$ git merge sh/sh-latest
Merge made by the 'recursive' strategy.
 .../bindings/tty/serial/renesas,sci-serial.txt     |  53 +++++++
 arch/sh/include/asm/hw_breakpoint.h                |  12 +-
 arch/sh/include/cpu-common/cpu/ubc.h               |  17 +++
 arch/sh/include/cpu-sh2a/cpu/ubc.h                 |  14 ++
 arch/sh/kernel/cpu/sh2a/Makefile                   |   3 +-
 arch/sh/kernel/cpu/sh2a/ubc.c                      | 154 +++++++++++++++++++++
 arch/sh/kernel/hw_breakpoint.c                     |   8 ++
 drivers/tty/serial/sh-sci.c                        | 127 ++++++++++++++++-
 include/linux/serial_sci.h                         |   4 +
 9 files changed, 376 insertions(+), 16 deletions(-)
 create mode 100644 Documentation/devicetree/bindings/tty/serial/renesas,sci-serial.txt
 create mode 100644 arch/sh/include/cpu-common/cpu/ubc.h
 create mode 100644 arch/sh/include/cpu-sh2a/cpu/ubc.h
 create mode 100644 arch/sh/kernel/cpu/sh2a/ubc.c
Merging sparc-next/master (f8ce1fa Merge tag 'modules-next-for-linus' of git://git.kernel.org/pub/scm/linux/kernel/git/rusty/linux)
$ git merge sparc-next/master
Already up-to-date.
Merging tile/master (9fc1894 arch/tile: Fix syscall return value passed to tracepoint)
$ git merge tile/master
Already up-to-date.
Merging unicore32/unicore32 (c284464 arch/unicore32: remove CONFIG_EXPERIMENTAL)
$ git merge unicore32/unicore32
Already up-to-date.
Merging xtensa/for_next (4e34bf6 xtensa: provide default platform_pcibios_init implementation)
$ git merge xtensa/for_next
Merge made by the 'recursive' strategy.
 Documentation/xtensa/mmu.txt             |  46 ++++++++++++
 arch/xtensa/Kconfig                      |  44 +++++++----
 arch/xtensa/boot/boot-elf/Makefile       |   1 +
 arch/xtensa/boot/boot-elf/boot.lds.S     |  64 +++++++---------
 arch/xtensa/boot/boot-elf/bootstrap.S    | 101 +++++++++++++++++++++----
 arch/xtensa/boot/boot-uboot/Makefile     |   6 +-
 arch/xtensa/include/asm/initialize_mmu.h | 107 ++++++++++++++++++++++++++
 arch/xtensa/include/asm/vectors.h        | 125 +++++++++++++++++++++++++++++++
 arch/xtensa/kernel/Makefile              |   2 +
 arch/xtensa/kernel/head.S                |  39 +++++++---
 arch/xtensa/kernel/platform.c            |   1 +
 arch/xtensa/kernel/vectors.S             |   3 +-
 arch/xtensa/kernel/vmlinux.lds.S         |  48 ++++++++----
 arch/xtensa/kernel/xtensa_ksyms.c        |   5 ++
 arch/xtensa/mm/mmu.c                     |  14 ++--
 arch/xtensa/oprofile/backtrace.c         |   4 +-
 arch/xtensa/platforms/iss/setup.c        |   8 +-
 arch/xtensa/platforms/xt2000/setup.c     |   2 +
 arch/xtensa/platforms/xtfpga/setup.c     |   2 +
 19 files changed, 512 insertions(+), 110 deletions(-)
 create mode 100644 Documentation/xtensa/mmu.txt
 create mode 100644 arch/xtensa/include/asm/vectors.h
Merging btrfs/next (6aec51f Merge branch 'master' of git://git.kernel.org/pub/scm/linux/kernel/git/torvalds/linux into for-linus-3.9)
$ git merge btrfs/next
Already up-to-date!
Merge made by the 'recursive' strategy.
Merging ceph/testing (b5b09be rbd: fix image request leak on parent read)
$ git merge ceph/testing
Already up-to-date.
Merging cifs/for-next (91f8575 Merge branch 'for-linus' of git://git.kernel.org/pub/scm/linux/kernel/git/sage/ceph-client)
$ git merge cifs/for-next
Already up-to-date.
Merging configfs/linux-next (b930c26 Merge branch 'for-linus' of git://git.kernel.org/pub/scm/linux/kernel/git/mason/linux-btrfs)
$ git merge configfs/linux-next
Already up-to-date.
Merging ecryptfs/next (f6161aa Linux 3.9-rc2)
$ git merge ecryptfs/next
Already up-to-date.
Merging ext3/for_next (e162b2f jbd: use kmem_cache_zalloc instead of kmem_cache_alloc/memset)
$ git merge ext3/for_next
Already up-to-date.
Merging ext4/dev (e615573 ext4: limit group search loop for non-extent files)
$ git merge ext4/dev
Auto-merging fs/ext4/mballoc.c
Merge made by the 'recursive' strategy.
 fs/ext4/extents.c           |  9 +++++----
 fs/ext4/extents_status.c    | 17 ++++++++++++-----
 fs/ext4/extents_status.h    |  3 ++-
 fs/ext4/file.c              |  4 ++--
 fs/ext4/mballoc.c           |  6 +++++-
 include/trace/events/ext4.h |  4 ++--
 6 files changed, 28 insertions(+), 15 deletions(-)
Merging f2fs/dev (42e49df f2fs: avoid deadlock during evict after f2fs_gc)
$ git merge f2fs/dev
Auto-merging fs/f2fs/super.c
Auto-merging fs/f2fs/gc.c
Auto-merging fs/f2fs/file.c
Auto-merging fs/f2fs/f2fs.h
Auto-merging fs/f2fs/dir.c
Merge made by the 'recursive' strategy.
 Documentation/filesystems/f2fs.txt |   4 +-
 fs/f2fs/checkpoint.c               |  63 ++--
 fs/f2fs/data.c                     | 195 ++++++-----
 fs/f2fs/debug.c                    |  10 +-
 fs/f2fs/dir.c                      | 110 +++---
 fs/f2fs/f2fs.h                     |  94 +++--
 fs/f2fs/file.c                     | 116 +++----
 fs/f2fs/gc.c                       | 124 ++++---
 fs/f2fs/gc.h                       |  12 +-
 fs/f2fs/inode.c                    |  68 ++--
 fs/f2fs/namei.c                    |  74 ++--
 fs/f2fs/node.c                     | 361 +++++++++++---------
 fs/f2fs/node.h                     |  20 +-
 fs/f2fs/recovery.c                 |  75 ++--
 fs/f2fs/segment.c                  | 137 +++++---
 fs/f2fs/segment.h                  |  41 ++-
 fs/f2fs/super.c                    |  72 +++-
 fs/f2fs/xattr.c                    |  28 +-
 include/linux/f2fs_fs.h            |  17 +-
 include/trace/events/f2fs.h        | 682 +++++++++++++++++++++++++++++++++++++
 20 files changed, 1637 insertions(+), 666 deletions(-)
 create mode 100644 include/trace/events/f2fs.h
Merging fuse/for-next (60b9df7 fuse: add flag to turn on async direct IO)
$ git merge fuse/for-next
Auto-merging fs/fuse/file.c
Auto-merging fs/fuse/dev.c
Merge made by the 'recursive' strategy.
 fs/fuse/cuse.c            |  10 +-
 fs/fuse/dev.c             |  80 +++++++++++---
 fs/fuse/dir.c             |  17 +--
 fs/fuse/file.c            | 272 +++++++++++++++++++++++++++++++++++++++-------
 fs/fuse/fuse_i.h          |  36 +++++-
 fs/fuse/inode.c           |  12 +-
 include/uapi/linux/fuse.h |   7 +-
 7 files changed, 362 insertions(+), 72 deletions(-)
Merging gfs2/master (222cb53 GFS2: Flush work queue before clearing glock hash tables)
$ git merge gfs2/master
Already up-to-date.
Merging jfs/jfs-next (73aaa22 jfs: fix a couple races)
$ git merge jfs/jfs-next
Already up-to-date.
Merging logfs/master (3394661 Fix the call to BUG() caused by no free segment found)
$ git merge logfs/master
Auto-merging fs/logfs/super.c
Merge made by the 'recursive' strategy.
 fs/logfs/dev_mtd.c | 2 +-
 fs/logfs/super.c   | 6 +++---
 2 files changed, 4 insertions(+), 4 deletions(-)
Merging nfs/linux-next (d497ab9 NFSv3: match sec= flavor against server list)
$ git merge nfs/linux-next
Auto-merging net/sunrpc/clnt.c
Auto-merging net/sunrpc/auth_gss/auth_gss.c
Auto-merging fs/nfs/super.c
Merge made by the 'recursive' strategy.
 fs/nfs/nfs4_fs.h               |   3 +-
 fs/nfs/nfs4proc.c              | 119 +++++++++++++++++++++++++++++++----------
 fs/nfs/nfs4state.c             |  11 ++--
 fs/nfs/nfs4xdr.c               |   2 +-
 fs/nfs/super.c                 |  48 ++++++++++++++---
 include/linux/nfs_xdr.h        |   2 +-
 net/sunrpc/auth_gss/auth_gss.c |   3 +-
 net/sunrpc/clnt.c              |   2 +-
 8 files changed, 146 insertions(+), 44 deletions(-)
Merging nfsd/nfsd-next (676e4eb NFSD: SECINFO doesn't handle unsupported pseudoflavors correctly)
$ git merge nfsd/nfsd-next
Already up-to-date.
Merging ocfs2/linux-next (4538df6 ocfs2: Don't spam on -EDQUOT.)
$ git merge ocfs2/linux-next
Auto-merging fs/ocfs2/dlm/dlmrecovery.c
Auto-merging fs/ocfs2/dlm/dlmmaster.c
Auto-merging fs/ocfs2/cluster/heartbeat.c
Merge made by the 'recursive' strategy.
 fs/ocfs2/cluster/heartbeat.c | 40 +++++++++-------------------------------
 fs/ocfs2/cluster/masklog.h   |  3 ++-
 fs/ocfs2/dlm/dlmmaster.c     |  8 +++++++-
 fs/ocfs2/dlm/dlmrecovery.c   |  7 +++++++
 4 files changed, 25 insertions(+), 33 deletions(-)
Merging omfs/for-next (976d167 Linux 3.1-rc9)
$ git merge omfs/for-next
Already up-to-date.
Merging squashfs/master (4b0180a Squashfs: add mount time sanity check for block_size and block_log match)
$ git merge squashfs/master
Already up-to-date.
Merging v9fs/for-next (c1be5a5 Linux 3.9)
$ git merge v9fs/for-next
Already up-to-date.
Merging ubifs/linux-next (c1be5a5 Linux 3.9)
$ git merge ubifs/linux-next
Already up-to-date.
Merging xfs/for-next (cab09a8 xfs: fix da node magic number mismatches)
$ git merge xfs/for-next
Already up-to-date.
Merging vfs/for-next (ac3e3c5 don't bother with deferred freeing of fdtables)
$ git merge vfs/for-next
Already up-to-date.
Merging pci/next (d4f09c5 Merge branch 'pci/gavin-msi-cleanup' into next)
$ git merge pci/next
Already up-to-date.
Merging hid/for-next (46b1897 Merge branch 'for-3.10/hid-debug' into for-next)
$ git merge hid/for-next
Merge made by the 'recursive' strategy.
Merging i2c/i2c/for-next (c39e8e4 i2c: xiic: must always write 16-bit words to TX_FIFO)
$ git merge i2c/i2c/for-next
Already up-to-date.
Merging jdelvare-hwmon/master (1aaf6d3 Merge git://git.kernel.org/pub/scm/linux/kernel/git/davem/net)
$ git merge jdelvare-hwmon/master
Already up-to-date.
Merging hwmon-staging/hwmon-next (6445e66 hwmon: (nct6775) Fix coding style problems)
$ git merge hwmon-staging/hwmon-next
Already up-to-date.
Merging v4l-dvb/master (1d62caa Merge /home/v4l/v4l/patchwork)
$ git merge v4l-dvb/master
Already up-to-date!
Merge made by the 'recursive' strategy.
Merging kbuild/for-next (abc88a2 Merge branch 'kbuild/kbuild' into kbuild/for-next)
$ git merge kbuild/for-next
Removing scripts/headers_install.pl
Auto-merging Makefile
Merge made by the 'recursive' strategy.
 Documentation/coccinelle.txt               | 11 ++++-
 Documentation/kbuild/kconfig.txt           | 36 +++++++++++++++
 Documentation/kbuild/makefiles.txt         |  7 +--
 Makefile                                   |  2 +
 scripts/Kbuild.include                     |  2 +-
 scripts/Makefile.headersinst               |  4 +-
 scripts/coccicheck                         | 31 +++++++------
 scripts/headers_install.pl                 | 63 -------------------------
 scripts/headers_install.sh                 | 43 +++++++++++++++++
 scripts/kconfig/Makefile                   |  4 +-
 scripts/kconfig/conf.c                     | 12 ++++-
 scripts/kconfig/confdata.c                 | 59 ++++++++++++++++++++++--
 scripts/kconfig/list.h                     | 40 ++++++++++++++++
 scripts/kconfig/lxdialog/check-lxdialog.sh |  6 ++-
 scripts/kconfig/lxdialog/dialog.h          |  7 +++
 scripts/kconfig/lxdialog/util.c            | 45 +++++++++++++++++-
 scripts/kconfig/mconf.c                    | 74 +++++++++++++++++++++++++++++-
 scripts/kconfig/merge_config.sh            | 10 +++-
 scripts/mod/Makefile                       |  2 +
 scripts/package/Makefile                   | 39 ++++++----------
 scripts/package/buildtar                   |  2 +-
 scripts/tags.sh                            |  4 +-
 22 files changed, 382 insertions(+), 121 deletions(-)
 delete mode 100644 scripts/headers_install.pl
 create mode 100644 scripts/headers_install.sh
Merging kconfig/for-next (4eae518 localmodconfig: Fix localyesconfig to set to 'y' not 'm')
$ git merge kconfig/for-next
Already up-to-date.
Merging libata/NEXT (2cc1144 sata_highbank: Rename proc_name to the module name)
$ git merge libata/NEXT
Already up-to-date.
Merging infiniband/for-next (f1258ea Merge branches 'misc' and 'mlx4' into for-next)
$ git merge infiniband/for-next
Resolved 'drivers/infiniband/hw/cxgb4/qp.c' using previous resolution.
Auto-merging include/linux/mlx4/device.h
Auto-merging drivers/net/ethernet/mellanox/mlx4/mlx4.h
Auto-merging drivers/net/ethernet/mellanox/mlx4/mcg.c
Auto-merging drivers/net/ethernet/mellanox/mlx4/en_netdev.c
Auto-merging drivers/net/ethernet/mellanox/mlx4/en_ethtool.c
Auto-merging drivers/infiniband/ulp/ipoib/ipoib_main.c
Auto-merging drivers/infiniband/hw/mlx4/cq.c
Auto-merging drivers/infiniband/hw/cxgb4/qp.c
CONFLICT (content): Merge conflict in drivers/infiniband/hw/cxgb4/qp.c
Automatic merge failed; fix conflicts and then commit the result.
$ git commit -v -a
[master bb724af] Merge remote-tracking branch 'infiniband/for-next'
$ git diff -M --stat --summary HEAD^..
 drivers/infiniband/core/iwcm.c                  |   2 +
 drivers/infiniband/core/verbs.c                 |   3 +-
 drivers/infiniband/hw/cxgb3/cxio_resource.c     |   4 +-
 drivers/infiniband/hw/cxgb3/iwch_provider.c     |   2 +-
 drivers/infiniband/hw/cxgb4/id_table.c          |   4 +-
 drivers/infiniband/hw/cxgb4/qp.c                |  22 +++--
 drivers/infiniband/hw/ipath/ipath_verbs.c       |  19 ++--
 drivers/infiniband/hw/mlx4/cq.c                 |  21 +++++
 drivers/infiniband/hw/mlx4/mad.c                |   2 +-
 drivers/infiniband/hw/mlx4/qp.c                 |   6 ++
 drivers/infiniband/hw/qib/qib_sysfs.c           |   6 +-
 drivers/infiniband/hw/qib/qib_verbs.c           |   3 +-
 drivers/infiniband/ulp/ipoib/ipoib_cm.c         |   2 +-
 drivers/infiniband/ulp/ipoib/ipoib_main.c       |   2 +-
 drivers/infiniband/ulp/srpt/ib_srpt.c           |   2 +-
 drivers/net/ethernet/mellanox/mlx4/en_ethtool.c |   2 +-
 drivers/net/ethernet/mellanox/mlx4/en_netdev.c  |  16 ++--
 drivers/net/ethernet/mellanox/mlx4/eq.c         |   4 +-
 drivers/net/ethernet/mellanox/mlx4/mcg.c        | 120 +++++++++++++++---------
 drivers/net/ethernet/mellanox/mlx4/mlx4.h       |  79 ----------------
 drivers/net/ethernet/mellanox/mlx4/srq.c        |  15 +++
 include/linux/mlx4/device.h                     | 104 ++++++++++++++++++--
 include/linux/mlx4/srq.h                        |   2 +
 23 files changed, 272 insertions(+), 170 deletions(-)
Merging pstore/master (bd08ec3 pstore/ram: Restore ecc information block)
$ git merge pstore/master
Already up-to-date.
Merging pm/linux-next (3ae4719 Merge branch 'acpi-fixes-next' into linux-next)
$ git merge pm/linux-next
Merge made by the 'recursive' strategy.
 drivers/acpi/processor_driver.c     |  8 ++++----
 drivers/acpi/processor_idle.c       | 29 +++++++++++++++++++----------
 drivers/cpufreq/Kconfig.arm         |  1 +
 drivers/cpufreq/arm_big_little.c    |  7 +------
 drivers/cpufreq/arm_big_little.h    |  5 +++++
 drivers/cpufreq/arm_big_little_dt.c |  9 +++++----
 drivers/cpufreq/cpufreq-cpu0.c      | 27 ++++++++++++++++++++-------
 drivers/cpufreq/cpufreq.c           |  6 +++---
 drivers/cpufreq/cpufreq_governor.c  | 11 +++++++----
 drivers/cpufreq/cpufreq_governor.h  |  1 +
 include/acpi/acpiosxf.h             |  2 +-
 include/acpi/processor.h            | 10 ++++++++--
 12 files changed, 75 insertions(+), 41 deletions(-)
Merging idle/next (5c99726b Merge branch 'fspin' into next)
$ git merge idle/next
Auto-merging include/linux/cpuidle.h
Auto-merging drivers/idle/intel_idle.c
Auto-merging arch/x86/include/uapi/asm/msr-index.h
Merge made by the 'recursive' strategy.
 arch/x86/include/uapi/asm/msr-index.h |   3 +
 drivers/idle/intel_idle.c             |  21 ++
 include/linux/cpuidle.h               |   2 +-
 tools/power/fspin/Makefile            |  21 ++
 tools/power/fspin/fspin.1             |  68 ++++++
 tools/power/fspin/fspin.c             | 443 ++++++++++++++++++++++++++++++++++
 tools/power/x86/turbostat/turbostat.c |  54 ++++-
 7 files changed, 610 insertions(+), 2 deletions(-)
 create mode 100644 tools/power/fspin/Makefile
 create mode 100644 tools/power/fspin/fspin.1
 create mode 100644 tools/power/fspin/fspin.c
Merging apm/for-next (fb9d78a Merge branch 'for-linus' of git://git.kernel.org/pub/scm/linux/kernel/git/jikos/apm)
$ git merge apm/for-next
Already up-to-date.
Merging cpuidle/cpuidle-next (817c876 Merge branch 'pm-fixes-next' into fixes-next)
$ git merge cpuidle/cpuidle-next
Resolved 'drivers/base/power/qos.c' using previous resolution.
Auto-merging drivers/base/power/qos.c
CONFLICT (content): Merge conflict in drivers/base/power/qos.c
Automatic merge failed; fix conflicts and then commit the result.
$ git commit -v -a
[master 21ab592] Merge remote-tracking branch 'cpuidle/cpuidle-next'
$ git diff -M --stat --summary HEAD^..
Merging cpupowerutils/master (f166033 cpupower tools: add install target to the debug tools' makefiles)
$ git merge cpupowerutils/master
Already up-to-date.
Merging thermal/next (de6558d Merge branch 'MAINTAINERS-update' of .git into next)
$ git merge thermal/next
Auto-merging include/linux/thermal.h
Auto-merging drivers/thermal/thermal_core.c
Auto-merging drivers/thermal/exynos_thermal.c
Auto-merging MAINTAINERS
Merge made by the 'recursive' strategy.
 .../devicetree/bindings/thermal/armada-thermal.txt |  22 ++
 Documentation/thermal/exynos_thermal_emulation     |   8 +-
 Documentation/thermal/sysfs-api.txt                |  28 +-
 MAINTAINERS                                        |   3 +
 drivers/thermal/Kconfig                            |  28 +-
 drivers/thermal/Makefile                           |  10 +-
 drivers/thermal/armada_thermal.c                   | 232 ++++++++++++++++
 drivers/thermal/cpu_cooling.c                      | 295 +++++++++++++++------
 drivers/thermal/db8500_cpufreq_cooling.c           |   2 +-
 drivers/thermal/db8500_thermal.c                   |  19 +-
 drivers/thermal/dove_thermal.c                     |   7 +-
 drivers/thermal/exynos_thermal.c                   | 196 ++++++--------
 drivers/thermal/fair_share.c                       |  15 +-
 drivers/thermal/kirkwood_thermal.c                 |  12 +-
 drivers/thermal/rcar_thermal.c                     |  34 ++-
 drivers/thermal/step_wise.c                        |  26 +-
 drivers/thermal/{thermal_sys.c => thermal_core.c}  | 197 +++++++++++---
 drivers/thermal/thermal_core.h                     |  27 ++
 drivers/thermal/user_space.c                       |  15 +-
 include/linux/cpu_cooling.h                        |  25 +-
 include/linux/thermal.h                            |  15 +-
 21 files changed, 858 insertions(+), 358 deletions(-)
 create mode 100644 Documentation/devicetree/bindings/thermal/armada-thermal.txt
 create mode 100644 drivers/thermal/armada_thermal.c
 rename drivers/thermal/{thermal_sys.c => thermal_core.c} (89%)
Merging ieee1394/for-next (6fe9efb firewire: ohci: dump_stack() for PHY regs read/write failures)
$ git merge ieee1394/for-next
Auto-merging drivers/firewire/net.c
Merge made by the 'recursive' strategy.
 drivers/firewire/core-cdev.c   |  27 ++---
 drivers/firewire/core-device.c |   4 +-
 drivers/firewire/net.c         |   7 +-
 drivers/firewire/ohci.c        | 270 +++++++++++++++++++++++------------------
 drivers/firewire/sbp2.c        |  10 +-
 5 files changed, 166 insertions(+), 152 deletions(-)
Merging ubi/linux-next (f6161aa Linux 3.9-rc2)
$ git merge ubi/linux-next
Already up-to-date.
Merging dlm/next (9000831 dlm: avoid unnecessary posix unlock)
$ git merge dlm/next
Already up-to-date.
Merging swiotlb/linux-next (af51a9f swiotlb: Do not export swiotlb_bounce since there are no external consumers)
$ git merge swiotlb/linux-next
Already up-to-date.
Merging scsi/for-next (4bd9ef9 [SCSI] Handle MLQUEUE busy response in scsi_send_eh_cmnd)
$ git merge scsi/for-next
Auto-merging drivers/scsi/scsi_debug.c
Auto-merging drivers/scsi/qla2xxx/qla_os.c
Auto-merging drivers/scsi/lpfc/lpfc_init.c
Merge made by the 'recursive' strategy.
 drivers/scsi/be2iscsi/be.h                |   2 +-
 drivers/scsi/be2iscsi/be_cmds.c           | 172 +++++--
 drivers/scsi/be2iscsi/be_cmds.h           |  27 +-
 drivers/scsi/be2iscsi/be_iscsi.c          |  70 ++-
 drivers/scsi/be2iscsi/be_iscsi.h          |   2 +-
 drivers/scsi/be2iscsi/be_main.c           | 375 ++++++++------
 drivers/scsi/be2iscsi/be_main.h           |  29 +-
 drivers/scsi/be2iscsi/be_mgmt.c           |  43 +-
 drivers/scsi/be2iscsi/be_mgmt.h           |  35 +-
 drivers/scsi/bnx2fc/bnx2fc.h              |   8 +-
 drivers/scsi/bnx2fc/bnx2fc_els.c          |   2 +-
 drivers/scsi/bnx2fc/bnx2fc_fcoe.c         |  55 +-
 drivers/scsi/bnx2fc/bnx2fc_hwi.c          |   8 +-
 drivers/scsi/bnx2fc/bnx2fc_io.c           |   9 +-
 drivers/scsi/bnx2fc/bnx2fc_tgt.c          |   2 +-
 drivers/scsi/csiostor/csio_lnode.h        |   2 +-
 drivers/scsi/csiostor/csio_rnode.h        |   2 +-
 drivers/scsi/fnic/fnic.h                  |  34 +-
 drivers/scsi/fnic/fnic_fcs.c              | 564 ++++++++++++++++++++-
 drivers/scsi/fnic/fnic_fip.h              |  68 +++
 drivers/scsi/fnic/fnic_main.c             |  51 +-
 drivers/scsi/fnic/vnic_dev.c              |  10 +
 drivers/scsi/fnic/vnic_dev.h              |   2 +
 drivers/scsi/fnic/vnic_devcmd.h           |  67 +++
 drivers/scsi/ibmvscsi/ibmvfc.c            |  85 +++-
 drivers/scsi/ibmvscsi/ibmvfc.h            |   7 +-
 drivers/scsi/ipr.c                        |  16 +-
 drivers/scsi/ipr.h                        |   2 +-
 drivers/scsi/lpfc/lpfc.h                  |  24 +-
 drivers/scsi/lpfc/lpfc_attr.c             | 166 ++++++-
 drivers/scsi/lpfc/lpfc_bsg.c              |  39 +-
 drivers/scsi/lpfc/lpfc_crtn.h             |   1 +
 drivers/scsi/lpfc/lpfc_ct.c               |   3 +-
 drivers/scsi/lpfc/lpfc_els.c              | 113 ++++-
 drivers/scsi/lpfc/lpfc_hbadisc.c          |  91 +++-
 drivers/scsi/lpfc/lpfc_hw.h               |   1 +
 drivers/scsi/lpfc/lpfc_hw4.h              |   7 +-
 drivers/scsi/lpfc/lpfc_init.c             | 607 +++++++++++++++++++----
 drivers/scsi/lpfc/lpfc_logmsg.h           |   1 +
 drivers/scsi/lpfc/lpfc_mbox.c             |   9 +-
 drivers/scsi/lpfc/lpfc_mem.c              |  14 +-
 drivers/scsi/lpfc/lpfc_nportdisc.c        |  25 +-
 drivers/scsi/lpfc/lpfc_scsi.c             | 798 ++++++++++++++++++++++--------
 drivers/scsi/lpfc/lpfc_sli.c              | 106 ++--
 drivers/scsi/lpfc/lpfc_sli4.h             |  21 +-
 drivers/scsi/lpfc/lpfc_version.h          |   2 +-
 drivers/scsi/lpfc/lpfc_vport.c            |  25 +-
 drivers/scsi/lpfc/lpfc_vport.h            |   1 +
 drivers/scsi/megaraid/megaraid_sas_base.c |   3 +-
 drivers/scsi/qla2xxx/qla_mr.c             |   6 +-
 drivers/scsi/qla2xxx/qla_os.c             |   2 +-
 drivers/scsi/qla4xxx/ql4_iocb.c           |   1 +
 drivers/scsi/qla4xxx/ql4_os.c             |  39 +-
 drivers/scsi/qla4xxx/ql4_version.h        |   2 +-
 drivers/scsi/scsi_debug.c                 |  97 ++--
 drivers/scsi/scsi_error.c                 |  37 +-
 drivers/scsi/scsi_transport_iscsi.c       |   4 +-
 drivers/scsi/sd.c                         |  20 +
 drivers/scsi/sd.h                         |   1 +
 drivers/scsi/sd_dif.c                     |   8 -
 drivers/scsi/ufs/Kconfig                  |  11 +
 drivers/scsi/ufs/Makefile                 |   1 +
 drivers/scsi/ufs/ufs.h                    | 122 ++++-
 drivers/scsi/ufs/ufshcd-pltfrm.c          | 217 ++++++++
 drivers/scsi/ufs/ufshcd.c                 | 443 +++++++++++++----
 drivers/scsi/ufs/ufshcd.h                 |  22 +-
 drivers/scsi/ufs/ufshci.h                 |   2 +-
 include/linux/pci_ids.h                   |   6 +-
 include/scsi/osd_protocol.h               |   2 +-
 69 files changed, 3912 insertions(+), 937 deletions(-)
 create mode 100644 drivers/scsi/fnic/fnic_fip.h
 create mode 100644 drivers/scsi/ufs/ufshcd-pltfrm.c
Merging target-updates/for-next (04b59ba tcm_vhost: Enable VIRTIO_SCSI_F_HOTPLUG)
$ git merge target-updates/for-next
Already up-to-date.
Merging target-merge/for-next-merge (b8d26b3 iser-target: Add iSCSI Extensions for RDMA (iSER) target driver)
$ git merge target-merge/for-next-merge
Already up-to-date.
Merging ibft/linux-next (935a9fe ibft: Fix finding IBFT ACPI table on UEFI)
$ git merge ibft/linux-next
Already up-to-date.
Merging isci/all (6734092 isci: add a couple __iomem annotations)
$ git merge isci/all
Already up-to-date.
Merging slave-dma/next (9667bcf Merge branch 'for-linus' into next)
$ git merge slave-dma/next
Auto-merging drivers/dma/at_hdmac.c
Auto-merging Documentation/acpi/enumeration.txt
Merge made by the 'recursive' strategy.
 Documentation/acpi/enumeration.txt                 |  77 ++
 .../devicetree/bindings/dma/atmel-dma.txt          |  35 +-
 Documentation/dmatest.txt                          |  81 ++
 arch/arm/mach-omap2/dma.c                          |   4 +
 drivers/dma/Kconfig                                |  16 +-
 drivers/dma/Makefile                               |   3 +-
 drivers/dma/acpi-dma.c                             | 279 +++++++
 drivers/dma/at_hdmac.c                             |  97 ++-
 drivers/dma/at_hdmac_regs.h                        |   4 +
 drivers/dma/coh901318.c                            |   4 +-
 drivers/dma/dmaengine.c                            |  17 +-
 drivers/dma/dmatest.c                              | 887 +++++++++++++++++---
 drivers/dma/dw_dmac.c                              | 203 ++---
 drivers/dma/dw_dmac_regs.h                         |   6 +-
 drivers/dma/imx-dma.c                              |   7 +-
 drivers/dma/imx-sdma.c                             |   4 +-
 drivers/dma/ioat/dma.c                             |   8 +-
 drivers/dma/ioat/dma.h                             |  53 +-
 drivers/dma/ioat/dma_v2.h                          |   2 +
 drivers/dma/ioat/dma_v3.c                          | 912 ++++++++++++++++++---
 drivers/dma/ioat/hw.h                              |  88 +-
 drivers/dma/ioat/pci.c                             |  20 +
 drivers/dma/ioat/registers.h                       |   4 +
 drivers/dma/ipu/ipu_idmac.c                        |   6 +-
 drivers/dma/of-dma.c                               |  96 +--
 drivers/dma/omap-dma.c                             |  38 +-
 drivers/dma/pch_dma.c                              |   2 +-
 drivers/dma/pl330.c                                |  10 +-
 drivers/dma/sh/Kconfig                             |  24 +
 drivers/dma/sh/Makefile                            |   3 +-
 drivers/dma/sh/sudmac.c                            | 428 ++++++++++
 drivers/dma/sirf-dma.c                             |  24 +-
 drivers/dma/tegra20-apb-dma.c                      |  87 +-
 drivers/dma/timb_dma.c                             |   2 +-
 drivers/dma/txx9dmac.c                             |   8 +-
 include/linux/acpi_dma.h                           | 116 +++
 include/linux/dmaengine.h                          |  15 +-
 include/linux/of_dma.h                             |  10 +-
 include/linux/sudmac.h                             |  52 ++
 39 files changed, 3215 insertions(+), 517 deletions(-)
 create mode 100644 Documentation/dmatest.txt
 create mode 100644 drivers/dma/acpi-dma.c
 create mode 100644 drivers/dma/sh/Kconfig
 create mode 100644 drivers/dma/sh/sudmac.c
 create mode 100644 include/linux/acpi_dma.h
 create mode 100644 include/linux/sudmac.h
Merging dmaengine/next (41ef2d5 Linux 3.9-rc7)
$ git merge dmaengine/next
Already up-to-date.
Merging net-next/master (51a26ae Merge git://git.kernel.org/pub/scm/linux/kernel/git/davem/net)
$ git merge net-next/master
Already up-to-date.
Merging ipsec-next/master (05600a7 xfrm_user: constify netlink dispatch table)
$ git merge ipsec-next/master
Already up-to-date.
Merging wireless-next/master (a8a48e6 Merge tag 'nfc-next-3.10-4' of git://git.kernel.org/pub/scm/linux/kernel/git/sameo/nfc-next)
$ git merge wireless-next/master
Already up-to-date.
Merging bluetooth/master (26b5afc Bluetooth: Mgmt Device Found Event)
$ git merge bluetooth/master
Auto-merging net/bluetooth/l2cap_sock.c
Merge made by the 'recursive' strategy.
 include/net/bluetooth/hci_core.h |  29 ++---
 include/net/bluetooth/l2cap.h    |   2 +-
 net/bluetooth/hci_core.c         | 182 +++++++++----------------------
 net/bluetooth/hci_event.c        |  67 +-----------
 net/bluetooth/l2cap_core.c       | 121 ++++++++++++++-------
 net/bluetooth/l2cap_sock.c       |   4 +-
 net/bluetooth/mgmt.c             | 229 ++++++++++++++++++++++++++-------------
 net/bluetooth/smp.c              |   4 +-
 8 files changed, 308 insertions(+), 330 deletions(-)
Merging mtd/master (cdb6404 mtd: omap2: Use module_platform_driver())
$ git merge mtd/master
Auto-merging drivers/ssb/driver_mipscore.c
Removing drivers/mtd/onenand/onenand_sim.c
Removing drivers/mtd/nand/rtc_from4.c
Removing drivers/mtd/nand/ppchameleonevb.c
Removing drivers/mtd/nand/h1910.c
Auto-merging drivers/mtd/mtdcore.c
Auto-merging drivers/mtd/mtdchar.c
Removing drivers/mtd/maps/tqm8xxl.c
Removing drivers/mtd/maps/rpxlite.c
Removing drivers/mtd/maps/mbx860.c
Removing drivers/mtd/maps/ixp2000.c
Removing drivers/mtd/maps/h720x-flash.c
Removing drivers/mtd/maps/dmv182.c
Removing drivers/mtd/maps/dilnetpc.c
Removing drivers/mtd/maps/dbox2-flash.c
Removing drivers/mtd/devices/docprobe.c
Removing drivers/mtd/devices/docecc.c
Removing drivers/mtd/devices/doc2001plus.c
Removing drivers/mtd/devices/doc2001.c
Removing drivers/mtd/devices/doc2000.c
Auto-merging arch/cris/arch-v32/drivers/Kconfig
Auto-merging arch/cris/Kconfig
Auto-merging arch/arm/mach-pxa/Kconfig
Merge made by the 'recursive' strategy.
 Documentation/ABI/testing/sysfs-class-mtd          |    6 +-
 .../devicetree/bindings/mtd/partition.txt          |   36 +-
 arch/arm/mach-pxa/Kconfig                          |    1 -
 arch/cris/Kconfig                                  |    1 -
 arch/cris/arch-v32/drivers/Kconfig                 |    1 -
 drivers/bcma/driver_mips.c                         |    2 +-
 drivers/mtd/Kconfig                                |   13 -
 drivers/mtd/Makefile                               |    3 +-
 drivers/mtd/chips/Kconfig                          |    1 -
 drivers/mtd/devices/Kconfig                        |   64 --
 drivers/mtd/devices/Makefile                       |    5 -
 drivers/mtd/devices/bcm47xxsflash.c                |   13 +-
 drivers/mtd/devices/bcm47xxsflash.h                |   59 +
 drivers/mtd/devices/doc2000.c                      | 1178 --------------------
 drivers/mtd/devices/doc2001.c                      |  824 --------------
 drivers/mtd/devices/doc2001plus.c                  | 1080 ------------------
 drivers/mtd/devices/docecc.c                       |  521 ---------
 drivers/mtd/devices/docg3.c                        |   15 +-
 drivers/mtd/devices/docprobe.c                     |  325 ------
 drivers/mtd/devices/elm.c                          |    9 +-
 drivers/mtd/devices/m25p80.c                       |   25 +-
 drivers/mtd/devices/mtd_dataflash.c                |    4 +-
 drivers/mtd/maps/Kconfig                           |   77 --
 drivers/mtd/maps/Makefile                          |    8 -
 drivers/mtd/maps/bfin-async-flash.c                |    3 +-
 drivers/mtd/maps/ck804xrom.c                       |    3 +-
 drivers/mtd/maps/dbox2-flash.c                     |  123 --
 drivers/mtd/maps/dc21285.c                         |    3 +-
 drivers/mtd/maps/dilnetpc.c                        |  496 ---------
 drivers/mtd/maps/dmv182.c                          |  146 ---
 drivers/mtd/maps/gpio-addr-flash.c                 |    3 +-
 drivers/mtd/maps/h720x-flash.c                     |  120 --
 drivers/mtd/maps/impa7.c                           |    7 +-
 drivers/mtd/maps/intel_vr_nor.c                    |    4 +-
 drivers/mtd/maps/ixp2000.c                         |  253 -----
 drivers/mtd/maps/ixp4xx.c                          |    2 +-
 drivers/mtd/maps/lantiq-flash.c                    |    3 +-
 drivers/mtd/maps/mbx860.c                          |   98 --
 drivers/mtd/maps/pci.c                             |    3 +-
 drivers/mtd/maps/physmap.c                         |   17 +-
 drivers/mtd/maps/physmap_of.c                      |   16 +-
 drivers/mtd/maps/plat-ram.c                        |    2 +-
 drivers/mtd/maps/pxa2xx-flash.c                    |    4 +-
 drivers/mtd/maps/rbtx4939-flash.c                  |    5 +-
 drivers/mtd/maps/rpxlite.c                         |   64 --
 drivers/mtd/maps/sa1100-flash.c                    |    2 +-
 drivers/mtd/maps/solutionengine.c                  |    2 +-
 drivers/mtd/maps/tqm8xxl.c                         |  249 -----
 drivers/mtd/maps/tsunami_flash.c                   |    5 +-
 drivers/mtd/mtdchar.c                              |   52 +-
 drivers/mtd/mtdcore.c                              |   26 +-
 drivers/mtd/mtdcore.h                              |   30 +-
 drivers/mtd/mtdpart.c                              |    4 +-
 drivers/mtd/nand/Kconfig                           |   30 -
 drivers/mtd/nand/Makefile                          |    3 -
 drivers/mtd/nand/atmel_nand.c                      |   15 +-
 drivers/mtd/nand/bf5xx_nand.c                      |   16 +-
 drivers/mtd/nand/cafe_nand.c                       |   10 +-
 drivers/mtd/nand/davinci_nand.c                    |   16 +-
 drivers/mtd/nand/denali_dt.c                       |   18 +-
 drivers/mtd/nand/docg4.c                           |   13 +-
 drivers/mtd/nand/fsmc_nand.c                       |   13 +-
 drivers/mtd/nand/gpio.c                            |    8 +-
 drivers/mtd/nand/h1910.c                           |  167 ---
 drivers/mtd/nand/lpc32xx_mlc.c                     |    4 +-
 drivers/mtd/nand/nand_base.c                       |  233 ++--
 drivers/mtd/nand/nand_bbt.c                        |   25 -
 drivers/mtd/nand/nand_ids.c                        |  242 ++--
 drivers/mtd/nand/nandsim.c                         |   24 +-
 drivers/mtd/nand/nuc900_nand.c                     |    9 -
 drivers/mtd/nand/omap2.c                           |    9 +-
 drivers/mtd/nand/orion_nand.c                      |   13 +-
 drivers/mtd/nand/ppchameleonevb.c                  |  403 -------
 drivers/mtd/nand/pxa3xx_nand.c                     |    2 +-
 drivers/mtd/nand/rtc_from4.c                       |  624 -----------
 drivers/mtd/nand/sh_flctl.c                        |   16 +-
 drivers/mtd/nand/sm_common.c                       |   62 +-
 drivers/mtd/nand/txx9ndfmc.c                       |   13 +-
 drivers/mtd/ofpart.c                               |    7 +-
 drivers/mtd/onenand/Kconfig                        |    7 -
 drivers/mtd/onenand/Makefile                       |    3 -
 drivers/mtd/onenand/omap2.c                        |   14 +-
 drivers/mtd/onenand/onenand_sim.c                  |  564 ----------
 drivers/ssb/driver_mipscore.c                      |    2 +-
 include/linux/mtd/mtd.h                            |    8 +-
 include/linux/mtd/nand.h                           |  121 +-
 include/linux/mtd/physmap.h                        |    2 +-
 include/linux/mtd/plat-ram.h                       |    4 +-
 include/linux/platform_data/elm.h                  |    2 +-
 89 files changed, 602 insertions(+), 8136 deletions(-)
 delete mode 100644 drivers/mtd/devices/doc2000.c
 delete mode 100644 drivers/mtd/devices/doc2001.c
 delete mode 100644 drivers/mtd/devices/doc2001plus.c
 delete mode 100644 drivers/mtd/devices/docecc.c
 delete mode 100644 drivers/mtd/devices/docprobe.c
 delete mode 100644 drivers/mtd/maps/dbox2-flash.c
 delete mode 100644 drivers/mtd/maps/dilnetpc.c
 delete mode 100644 drivers/mtd/maps/dmv182.c
 delete mode 100644 drivers/mtd/maps/h720x-flash.c
 delete mode 100644 drivers/mtd/maps/ixp2000.c
 delete mode 100644 drivers/mtd/maps/mbx860.c
 delete mode 100644 drivers/mtd/maps/rpxlite.c
 delete mode 100644 drivers/mtd/maps/tqm8xxl.c
 delete mode 100644 drivers/mtd/nand/h1910.c
 delete mode 100644 drivers/mtd/nand/ppchameleonevb.c
 delete mode 100644 drivers/mtd/nand/rtc_from4.c
 delete mode 100644 drivers/mtd/onenand/onenand_sim.c
Merging l2-mtd/master (98927a2 mtd: get the ECC info from the parameter page for ONFI nand)
$ git merge l2-mtd/master
Merge made by the 'recursive' strategy.
 drivers/mtd/nand/nand_base.c | 5 +++++
 include/linux/mtd/nand.h     | 7 ++++++-
 2 files changed, 11 insertions(+), 1 deletion(-)
Merging crypto/master (3862de1 crypto: caam - fix job ring cleanup code)
$ git merge crypto/master
Already up-to-date.
Merging drm/drm-next (307b9c0 qxl: update to new idr interfaces.)
$ git merge drm/drm-next
Already up-to-date.
Merging drm-intel/drm-intel-next-queued (f8e81db drm/i915: set proper DPIO post divider for VGA on VLV v4)
$ git merge drm-intel/drm-intel-next-queued
Recorded preimage for 'drivers/gpu/drm/i915/i915_reg.h'
Auto-merging drivers/gpu/drm/i915/intel_pm.c
Auto-merging drivers/gpu/drm/i915/intel_opregion.c
Auto-merging drivers/gpu/drm/i915/intel_hdmi.c
Auto-merging drivers/gpu/drm/i915/intel_dp.c
Auto-merging drivers/gpu/drm/i915/intel_display.c
Auto-merging drivers/gpu/drm/i915/intel_crt.c
Auto-merging drivers/gpu/drm/i915/i915_reg.h
CONFLICT (content): Merge conflict in drivers/gpu/drm/i915/i915_reg.h
Auto-merging drivers/gpu/drm/i915/i915_gem_gtt.c
Auto-merging drivers/gpu/drm/Makefile
Automatic merge failed; fix conflicts and then commit the result.
$ git commit -v -a
Recorded resolution for 'drivers/gpu/drm/i915/i915_reg.h'.
[master b5000cd] Merge remote-tracking branch 'drm-intel/drm-intel-next-queued'
$ git diff -M --stat --summary HEAD^..
 Documentation/DocBook/drm.tmpl          |    2 +
 drivers/gpu/drm/Makefile                |    3 +-
 drivers/gpu/drm/drm_rect.c              |  295 +++++++
 drivers/gpu/drm/i915/i915_debugfs.c     |   70 +-
 drivers/gpu/drm/i915/i915_dma.c         |   19 +-
 drivers/gpu/drm/i915/i915_drv.c         |    8 +-
 drivers/gpu/drm/i915/i915_drv.h         |  136 +--
 drivers/gpu/drm/i915/i915_gem.c         |   24 +-
 drivers/gpu/drm/i915/i915_gem_context.c |   73 +-
 drivers/gpu/drm/i915/i915_gem_gtt.c     |  108 ++-
 drivers/gpu/drm/i915/i915_gem_stolen.c  |    1 +
 drivers/gpu/drm/i915/i915_irq.c         |  437 ++++++++--
 drivers/gpu/drm/i915/i915_reg.h         |  346 +++++---
 drivers/gpu/drm/i915/i915_suspend.c     |   10 +
 drivers/gpu/drm/i915/i915_sysfs.c       |   74 +-
 drivers/gpu/drm/i915/i915_ums.c         |   88 +-
 drivers/gpu/drm/i915/intel_crt.c        |    4 +
 drivers/gpu/drm/i915/intel_ddi.c        |   80 +-
 drivers/gpu/drm/i915/intel_display.c    | 1365 ++++++++++++++++++-------------
 drivers/gpu/drm/i915/intel_dp.c         |  278 ++++++-
 drivers/gpu/drm/i915/intel_drv.h        |   94 ++-
 drivers/gpu/drm/i915/intel_hdmi.c       |  139 +++-
 drivers/gpu/drm/i915/intel_lvds.c       |  231 +-----
 drivers/gpu/drm/i915/intel_opregion.c   |  102 +--
 drivers/gpu/drm/i915/intel_panel.c      |  296 ++++++-
 drivers/gpu/drm/i915/intel_pm.c         |  344 +++++++-
 drivers/gpu/drm/i915/intel_ringbuffer.h |    2 +-
 drivers/gpu/drm/i915/intel_sprite.c     |  213 +++--
 include/drm/drm_rect.h                  |  160 ++++
 29 files changed, 3578 insertions(+), 1424 deletions(-)
 create mode 100644 drivers/gpu/drm/drm_rect.c
 create mode 100644 include/drm/drm_rect.h
Merging sound/for-next (ff359b1 ALSA: hda - Fix 3.9 regression of EAPD init on Conexant codecs)
$ git merge sound/for-next
Merge made by the 'recursive' strategy.
 sound/atmel/abdac.c               |  2 --
 sound/atmel/ac97c.c               |  2 --
 sound/oss/Kconfig                 |  1 +
 sound/pci/hda/hda_intel.c         |  2 +-
 sound/pci/hda/patch_conexant.c    | 17 ++++++++++++++---
 sound/soc/codecs/wm8994.c         |  1 +
 sound/soc/davinci/davinci-mcasp.c |  7 +++++--
 sound/soc/soc-dapm.c              |  4 ++--
 8 files changed, 24 insertions(+), 12 deletions(-)
Merging sound-asoc/for-next (9631c02 Merge remote-tracking branch 'asoc/fix/wm8994' into asoc-linus)
$ git merge sound-asoc/for-next
Already up-to-date.
Merging modules/modules-next (a53a11f3 modpost: fix unwanted VMLINUX_SYMBOL_STR expansion)
$ git merge modules/modules-next
Already up-to-date.
Merging virtio/virtio-next (01d779a caif_virtio: Remove bouncing email addresses)
$ git merge virtio/virtio-next
Already up-to-date.
Merging input/next (3e056a3 Input: gpio_mouse - remove redundant platform_set_drvdata())
$ git merge input/next
Auto-merging drivers/input/touchscreen/egalax_ts.c
Merge made by the 'recursive' strategy.
 drivers/input/misc/ab8500-ponkey.c          |  2 --
 drivers/input/misc/bfin_rotary.c            |  1 -
 drivers/input/misc/gpio_tilt_polled.c       |  2 --
 drivers/input/misc/max8925_onkey.c          |  2 --
 drivers/input/misc/mc13783-pwrbutton.c      |  1 -
 drivers/input/misc/pm8xxx-vibrator.c        |  2 --
 drivers/input/misc/pmic8xxx-pwrkey.c        |  2 --
 drivers/input/misc/pwm-beeper.c             |  1 -
 drivers/input/misc/rotary_encoder.c         |  2 --
 drivers/input/mouse/amimouse.c              |  1 -
 drivers/input/mouse/gpio_mouse.c            |  3 --
 drivers/input/serio/altera_ps2.c            |  1 -
 drivers/input/serio/at32psif.c              |  2 --
 drivers/input/serio/q40kbd.c                |  1 -
 drivers/input/touchscreen/88pm860x-ts.c     |  1 -
 drivers/input/touchscreen/atmel-wm97xx.c    |  2 --
 drivers/input/touchscreen/da9052_tsi.c      |  2 --
 drivers/input/touchscreen/egalax_ts.c       | 53 ++++++++---------------------
 drivers/input/touchscreen/intel-mid-touch.c |  2 --
 drivers/input/touchscreen/jornada720_ts.c   |  2 --
 drivers/input/touchscreen/mc13783_ts.c      |  2 --
 drivers/input/touchscreen/ti_am335x_tsc.c   |  1 -
 drivers/input/touchscreen/tnetv107x-ts.c    |  2 --
 23 files changed, 14 insertions(+), 76 deletions(-)
Merging input-mt/for-next (194664e Input: MT - handle semi-mt devices in core)
$ git merge input-mt/for-next
Merge made by the 'recursive' strategy.
Merging cgroup/for-next (2a0010a cpuset: fix compile warning when CONFIG_SMP=n)
$ git merge cgroup/for-next
Already up-to-date.
Merging block/for-next (410fa26 Merge branch 'for-3.10/drivers' into for-next)
$ git merge block/for-next
Resolved 'drivers/block/drbd/drbd_proc.c' using previous resolution.
Resolved 'include/linux/blk_types.h' using previous resolution.
Auto-merging mm/page_io.c
Auto-merging mm/bounce.c
Auto-merging kernel/trace/blktrace.c
Auto-merging kernel/relay.c
Auto-merging kernel/lockdep.c
Auto-merging kernel/fork.c
Auto-merging include/trace/events/block.h
Auto-merging include/linux/sched.h
Auto-merging include/linux/idr.h
Auto-merging include/linux/blk_types.h
CONFLICT (content): Merge conflict in include/linux/blk_types.h
Auto-merging fs/jfs/jfs_logmgr.c
Auto-merging fs/gfs2/lops.c
Auto-merging fs/fs-writeback.c
Auto-merging fs/direct-io.c
Auto-merging fs/buffer.c
Auto-merging fs/block_dev.c
Auto-merging fs/bio.c
Auto-merging drivers/scsi/libsas/sas_expander.c
Auto-merging drivers/message/fusion/mptsas.c
Auto-merging drivers/md/raid5.c
Auto-merging drivers/md/raid10.c
Auto-merging drivers/md/raid1.c
Auto-merging drivers/md/md.c
Auto-merging drivers/block/rbd.c
Auto-merging drivers/block/pktcdvd.c
Auto-merging drivers/block/drbd/drbd_receiver.c
Auto-merging drivers/block/drbd/drbd_proc.c
CONFLICT (content): Merge conflict in drivers/block/drbd/drbd_proc.c
Auto-merging drivers/block/cciss.c
Auto-merging drivers/block/aoe/aoecmd.c
Auto-merging block/blk-core.c
Auto-merging MAINTAINERS
Automatic merge failed; fix conflicts and then commit the result.
$ git commit -v -a
[master 667c659] Merge remote-tracking branch 'block/for-next'
$ git diff -M --stat --summary HEAD^..
 Documentation/ABI/testing/sysfs-block-bcache |  156 ++
 Documentation/bcache.txt                     |  431 +++++
 Documentation/block/cfq-iosched.txt          |   47 +-
 MAINTAINERS                                  |    7 +
 block/blk-cgroup.c                           |    4 +-
 block/blk-core.c                             |  265 ++-
 block/cfq-iosched.c                          |    7 +-
 block/deadline-iosched.c                     |    2 +-
 block/elevator.c                             |   26 +
 block/partitions/efi.c                       |    4 +-
 drivers/block/aoe/aoecmd.c                   |    6 +-
 drivers/block/brd.c                          |    3 +-
 drivers/block/cciss.c                        |   22 +-
 drivers/block/drbd/drbd_actlog.c             |  246 ++-
 drivers/block/drbd/drbd_bitmap.c             |   13 +-
 drivers/block/drbd/drbd_int.h                |  179 +-
 drivers/block/drbd/drbd_main.c               |  251 ++-
 drivers/block/drbd/drbd_nl.c                 |  200 +-
 drivers/block/drbd/drbd_proc.c               |   10 +-
 drivers/block/drbd/drbd_receiver.c           |   16 +-
 drivers/block/drbd/drbd_req.c                |  192 +-
 drivers/block/drbd/drbd_req.h                |    8 +
 drivers/block/drbd/drbd_state.c              |   28 +-
 drivers/block/drbd/drbd_strings.c            |    1 +
 drivers/block/drbd/drbd_worker.c             |   24 +-
 drivers/block/floppy.c                       |    1 -
 drivers/block/mg_disk.c                      |    2 +
 drivers/block/mtip32xx/mtip32xx.c            |   79 +-
 drivers/block/mtip32xx/mtip32xx.h            |   11 +
 drivers/block/pktcdvd.c                      |  102 +-
 drivers/block/rbd.c                          |    2 +-
 drivers/md/Kconfig                           |    2 +
 drivers/md/Makefile                          |    1 +
 drivers/md/bcache/Kconfig                    |   42 +
 drivers/md/bcache/Makefile                   |    7 +
 drivers/md/bcache/alloc.c                    |  599 ++++++
 drivers/md/bcache/bcache.h                   | 1259 +++++++++++++
 drivers/md/bcache/bset.c                     | 1192 ++++++++++++
 drivers/md/bcache/bset.h                     |  379 ++++
 drivers/md/bcache/btree.c                    | 2503 ++++++++++++++++++++++++++
 drivers/md/bcache/btree.h                    |  405 +++++
 drivers/md/bcache/closure.c                  |  345 ++++
 drivers/md/bcache/closure.h                  |  672 +++++++
 drivers/md/bcache/debug.c                    |  565 ++++++
 drivers/md/bcache/debug.h                    |   54 +
 drivers/md/bcache/io.c                       |  397 ++++
 drivers/md/bcache/journal.c                  |  787 ++++++++
 drivers/md/bcache/journal.h                  |  215 +++
 drivers/md/bcache/movinggc.c                 |  254 +++
 drivers/md/bcache/request.c                  | 1411 +++++++++++++++
 drivers/md/bcache/request.h                  |   62 +
 drivers/md/bcache/stats.c                    |  246 +++
 drivers/md/bcache/stats.h                    |   58 +
 drivers/md/bcache/super.c                    | 1987 ++++++++++++++++++++
 drivers/md/bcache/sysfs.c                    |  817 +++++++++
 drivers/md/bcache/sysfs.h                    |  110 ++
 drivers/md/bcache/trace.c                    |   26 +
 drivers/md/bcache/util.c                     |  377 ++++
 drivers/md/bcache/util.h                     |  589 ++++++
 drivers/md/bcache/writeback.c                |  414 +++++
 drivers/md/dm-crypt.c                        |    3 +-
 drivers/md/dm-raid1.c                        |    2 +-
 drivers/md/dm-stripe.c                       |    2 +-
 drivers/md/dm-verity.c                       |    4 +-
 drivers/md/faulty.c                          |    6 +-
 drivers/md/linear.c                          |    3 +-
 drivers/md/md.c                              |   17 +-
 drivers/md/raid0.c                           |    9 +-
 drivers/md/raid1.c                           |  133 +-
 drivers/md/raid10.c                          |   78 +-
 drivers/md/raid5.c                           |   49 +-
 drivers/message/fusion/mptsas.c              |    6 +-
 drivers/s390/block/dcssblk.c                 |    3 +-
 drivers/scsi/libsas/sas_expander.c           |    6 +-
 drivers/scsi/mpt2sas/mpt2sas_transport.c     |   10 +-
 fs/bio-integrity.c                           |  144 +-
 fs/bio.c                                     |  366 +++-
 fs/block_dev.c                               |    2 +-
 fs/btrfs/extent_io.c                         |    3 +-
 fs/btrfs/volumes.c                           |    2 +-
 fs/buffer.c                                  |    1 -
 fs/direct-io.c                               |    8 +-
 fs/exofs/ore.c                               |    2 +-
 fs/exofs/ore_raid.c                          |    2 +-
 fs/fs-writeback.c                            |  102 +-
 fs/gfs2/lops.c                               |    2 +-
 fs/jfs/jfs_logmgr.c                          |    2 -
 fs/logfs/dev_bdev.c                          |    5 -
 include/linux/backing-dev.h                  |   16 +-
 include/linux/bio.h                          |  115 +-
 include/linux/blk_types.h                    |    5 +
 include/linux/blkdev.h                       |   29 +-
 include/linux/cgroup_subsys.h                |    6 +
 include/linux/drbd.h                         |    5 +-
 include/linux/drbd_limits.h                  |   11 +-
 include/linux/idr.h                          |   10 +-
 include/linux/lru_cache.h                    |    1 +
 include/linux/rwsem.h                        |   10 +
 include/linux/sched.h                        |    4 +
 include/trace/events/bcache.h                |  271 +++
 include/trace/events/block.h                 |   12 +-
 include/trace/events/writeback.h             |    5 -
 kernel/fork.c                                |    4 +
 kernel/lockdep.c                             |    1 +
 kernel/relay.c                               |    2 +-
 kernel/rwsem.c                               |   16 +
 kernel/trace/blktrace.c                      |    1 +
 lib/lru_cache.c                              |   56 +-
 mm/backing-dev.c                             |  259 +--
 mm/bounce.c                                  |   75 +-
 mm/page_io.c                                 |    1 -
 111 files changed, 18680 insertions(+), 1327 deletions(-)
 create mode 100644 Documentation/ABI/testing/sysfs-block-bcache
 create mode 100644 Documentation/bcache.txt
 create mode 100644 drivers/md/bcache/Kconfig
 create mode 100644 drivers/md/bcache/Makefile
 create mode 100644 drivers/md/bcache/alloc.c
 create mode 100644 drivers/md/bcache/bcache.h
 create mode 100644 drivers/md/bcache/bset.c
 create mode 100644 drivers/md/bcache/bset.h
 create mode 100644 drivers/md/bcache/btree.c
 create mode 100644 drivers/md/bcache/btree.h
 create mode 100644 drivers/md/bcache/closure.c
 create mode 100644 drivers/md/bcache/closure.h
 create mode 100644 drivers/md/bcache/debug.c
 create mode 100644 drivers/md/bcache/debug.h
 create mode 100644 drivers/md/bcache/io.c
 create mode 100644 drivers/md/bcache/journal.c
 create mode 100644 drivers/md/bcache/journal.h
 create mode 100644 drivers/md/bcache/movinggc.c
 create mode 100644 drivers/md/bcache/request.c
 create mode 100644 drivers/md/bcache/request.h
 create mode 100644 drivers/md/bcache/stats.c
 create mode 100644 drivers/md/bcache/stats.h
 create mode 100644 drivers/md/bcache/super.c
 create mode 100644 drivers/md/bcache/sysfs.c
 create mode 100644 drivers/md/bcache/sysfs.h
 create mode 100644 drivers/md/bcache/trace.c
 create mode 100644 drivers/md/bcache/util.c
 create mode 100644 drivers/md/bcache/util.h
 create mode 100644 drivers/md/bcache/writeback.c
 create mode 100644 include/trace/events/bcache.h
Merging device-mapper/master (adf9566 Fix some typos in dm-space-map-metadata.c error messages.)
$ git merge device-mapper/master
Merge made by the 'recursive' strategy.
 drivers/md/dm-bufio.c                              | 24 +++++++++++++++++++++-
 drivers/md/dm-cache-policy.h                       |  4 ++--
 drivers/md/dm-cache-target.c                       |  1 +
 drivers/md/dm-snap.c                               |  1 +
 drivers/md/dm-table.c                              |  2 +-
 drivers/md/persistent-data/dm-space-map-metadata.c |  8 ++++----
 include/linux/device-mapper.h                      | 15 ++++++++++++++
 7 files changed, 47 insertions(+), 8 deletions(-)
Merging embedded/master (4744b43 embedded: fix vc_translate operator precedence)
$ git merge embedded/master
Already up-to-date.
Merging firmware/master (6e03a20 firmware: speed up request_firmware(), v3)
$ git merge firmware/master
Already up-to-date.
Merging pcmcia/master (80af9e6 pcmcia at91_cf: fix raw gpio number usage)
$ git merge pcmcia/master
Already up-to-date.
Merging mmc/mmc-next (e4404fa mmc: sdhci-tegra: fix MODULE_DEVICE_TABLE)
$ git merge mmc/mmc-next
Already up-to-date.
Merging kgdb/kgdb-next (6bedf31 kdb: Remove unhandled ssb command)
$ git merge kgdb/kgdb-next
Merge made by the 'recursive' strategy.
Merging slab/for-next (8a965b3 mm, slab_common: Fix bootstrap creation of kmalloc caches)
$ git merge slab/for-next
Auto-merging mm/slub.c
Auto-merging mm/slab.c
Removing include/linux/kmalloc_sizes.h
Merge made by the 'recursive' strategy.
 fs/proc/stat.c                |   2 +-
 include/linux/kmalloc_sizes.h |  45 ---
 include/linux/slab.h          | 231 ++++++++----
 include/linux/slab_def.h      |  54 +--
 include/linux/slub_def.h      | 136 +-------
 mm/slab.c                     | 790 ++++++++++++++++++------------------------
 mm/slab.h                     |  43 ++-
 mm/slab_common.c              | 174 +++++++++-
 mm/slub.c                     | 221 +++---------
 9 files changed, 781 insertions(+), 915 deletions(-)
 delete mode 100644 include/linux/kmalloc_sizes.h
Merging uclinux/for-next (6dbe51c Linux 3.9-rc1)
$ git merge uclinux/for-next
Already up-to-date.
Merging md/for-next (1fef8be raid5: make release_stripe lockless)
$ git merge md/for-next
Auto-merging drivers/md/raid5.c
Auto-merging drivers/md/md.c
Merge made by the 'recursive' strategy.
 drivers/md/md.c    |   8 +-
 drivers/md/md.h    |   8 +
 drivers/md/raid5.c | 458 ++++++++++++++++++++++++++++++++++++++++++++++++++---
 drivers/md/raid5.h |  22 +++
 4 files changed, 469 insertions(+), 27 deletions(-)
Merging mfd/master (d7ab730 Merge tag 'mfd-3.10-1' of git://git.kernel.org/pub/scm/linux/kernel/git/sameo/mfd-next)
$ git merge mfd/master
Already up-to-date.
Merging battery/master (237a1b0 lp8788-charger: Fix kconfig dependency)
$ git merge battery/master
Auto-merging drivers/power/Kconfig
Merge made by the 'recursive' strategy.
 drivers/power/Kconfig | 1 +
 1 file changed, 1 insertion(+)
Merging fbdev/fbdev-next (a49f0d1 Linux 3.8-rc1)
$ git merge fbdev/fbdev-next
Already up-to-date.
Merging viafb/viafb-next (838ac78 viafb: avoid refresh and mode lookup in set_par)
$ git merge viafb/viafb-next
Already up-to-date.
Merging omap_dss2/for-next (e72b753 fbdev/ps3fb: fix compile warning)
$ git merge omap_dss2/for-next
Merge made by the 'recursive' strategy.
 drivers/video/ps3fb.c | 2 +-
 1 file changed, 1 insertion(+), 1 deletion(-)
Merging regulator/for-next (6c922f8 Merge remote-tracking branch 'regulator/fix/doc' into regulator-linus)
$ git merge regulator/for-next
Merge made by the 'recursive' strategy.
 drivers/regulator/core.c | 5 ++++-
 1 file changed, 4 insertions(+), 1 deletion(-)
Merging security/next (b7ae9f0 Merge branch 'tpmdd-04-17-13' of git://github.com/shpedoikal/linux into my-next)
$ git merge security/next
Already up-to-date.
Merging selinux/master (c2d7b24 Merge tag 'v3.4' into 20120409)
$ git merge selinux/master
Already up-to-date!
Merge made by the 'recursive' strategy.
Merging lblnet/master (7e27d6e Linux 2.6.35-rc3)
$ git merge lblnet/master
Already up-to-date.
Merging watchdog/master (69c6612 watchdog: Fix race condition in registration code)
$ git merge watchdog/master
Merge made by the 'recursive' strategy.
 drivers/watchdog/ath79_wdt.c    | 8 +++-----
 drivers/watchdog/davinci_wdt.c  | 9 ++++-----
 drivers/watchdog/s3c2410_wdt.c  | 7 +++----
 drivers/watchdog/shwdt.c        | 7 ++++---
 drivers/watchdog/watchdog_dev.c | 3 ++-
 5 files changed, 16 insertions(+), 18 deletions(-)
Merging dwmw2-iommu/master (6491d4d intel-iommu: Free old page tables before creating superpage)
$ git merge dwmw2-iommu/master
Already up-to-date.
Merging iommu/next (0c4513b Merge branches 'iommu/fixes', 'x86/vt-d', 'x86/amd', 'ppc/pamu', 'core' and 'arm/tegra' into next)
$ git merge iommu/next
Already up-to-date.
Merging vfio/next (664e938 vfio: Set container device mode)
$ git merge vfio/next
Already up-to-date.
Merging osd/linux-next (861d666 exofs: don't leak io_state and pages on read error)
$ git merge osd/linux-next
Already up-to-date.
Merging jc_docs/docs-next (5c050fb docs: update the development process document)
$ git merge jc_docs/docs-next
Already up-to-date.
Merging trivial/for-next (071361d mm: Convert print_symbol to %pSR)
$ git merge trivial/for-next
Already up-to-date.
Merging audit/for-next (dcd6c92 Linux 3.3-rc1)
$ git merge audit/for-next
Already up-to-date.
Merging fsnotify/for-next (1ca39ab inotify: automatically restart syscalls)
$ git merge fsnotify/for-next
Already up-to-date.
Merging edac/linux_next (de4772c edac: sb_edac.c should not require prescence of IMC_DDRIO device)
$ git merge edac/linux_next
Already up-to-date.
Merging edac-amd/for-next (9713fae EDAC: Merge mci.mem_is_per_rank with mci.csbased)
$ git merge edac-amd/for-next
Already up-to-date.
Merging devicetree/devicetree/next (d347bc5 Merge branch 'robherring/for-next' from git://sources.calxeda.com/kernel/linux.git)
$ git merge devicetree/devicetree/next
Auto-merging drivers/of/base.c
Merge made by the 'recursive' strategy.
 .../bindings/{drm/exynos/hdmi.txt => video/exynos_hdmi.txt}          | 0
 .../bindings/{drm/exynos/hdmiddc.txt => video/exynos_hdmiddc.txt}    | 0
 .../bindings/{drm/exynos/hdmiphy.txt => video/exynos_hdmiphy.txt}    | 0
 .../bindings/{drm/exynos/mixer.txt => video/exynos_mixer.txt}        | 0
 drivers/of/base.c                                                    | 4 ++--
 include/linux/of_platform.h                                          | 5 +++--
 6 files changed, 5 insertions(+), 4 deletions(-)
 rename Documentation/devicetree/bindings/{drm/exynos/hdmi.txt => video/exynos_hdmi.txt} (100%)
 rename Documentation/devicetree/bindings/{drm/exynos/hdmiddc.txt => video/exynos_hdmiddc.txt} (100%)
 rename Documentation/devicetree/bindings/{drm/exynos/hdmiphy.txt => video/exynos_hdmiphy.txt} (100%)
 rename Documentation/devicetree/bindings/{drm/exynos/mixer.txt => video/exynos_mixer.txt} (100%)
Merging dt-rh/for-next (a2b9ea7 Documentation/devicetree: make semantic of initrd-end more explicit)
$ git merge dt-rh/for-next
Merge made by the 'recursive' strategy.
 Documentation/devicetree/usage-model.txt | 8 +++++---
 1 file changed, 5 insertions(+), 3 deletions(-)
Merging spi/spi/next (00ab539 spi/s3c64xx: let device core setup the default pin configuration)
$ git merge spi/spi/next
Already up-to-date.
Merging spi-mb/for-next (bdba7ad Merge remote-tracking branch 'spi/fix/grant' into spi-linus)
$ git merge spi-mb/for-next
Merge made by the 'recursive' strategy.
 drivers/spi/spi-atmel.c | 47 ++++++++++++++++++++++++++++++++++++++---------
 1 file changed, 38 insertions(+), 9 deletions(-)
Merging tip/auto-latest (979830a Merge branch 'x86/urgent')
$ git merge tip/auto-latest
Auto-merging kernel/printk.c
Auto-merging drivers/firmware/efi/efivars.c
CONFLICT (content): Merge conflict in drivers/firmware/efi/efivars.c
Auto-merging drivers/firmware/efi/efi-pstore.c
CONFLICT (content): Merge conflict in drivers/firmware/efi/efi-pstore.c
Auto-merging arch/x86/Kconfig
Automatic merge failed; fix conflicts and then commit the result.
$ git commit -v -a
Recorded resolution for 'drivers/firmware/efi/efi-pstore.c'.
Recorded resolution for 'drivers/firmware/efi/efivars.c'.
[master 76f3ca2] Merge remote-tracking branch 'tip/auto-latest'
$ git diff -M --stat --summary HEAD^..
 Documentation/kernel-per-CPU-kthreads.txt | 202 ++++++++++++++++++++++++++++++
 arch/x86/Kconfig                          |  39 ++++++
 kernel/printk.c                           |   2 +-
 3 files changed, 242 insertions(+), 1 deletion(-)
 create mode 100644 Documentation/kernel-per-CPU-kthreads.txt
Merging ftrace/for-next (4c69e6e tracepoints: Prevent null probe from being added)
$ git merge ftrace/for-next
Already up-to-date.
Merging rcu/rcu/next (a9be854 Merge commit '6d87669357936bffa1e8fea7a4e7743e76905736' into next.2013.10.22a)
$ git merge rcu/rcu/next
Merge made by the 'recursive' strategy.
Merging cputime/cputime (c3e0ef9 [S390] fix cputime overflow in uptime_proc_show)
$ git merge cputime/cputime
Already up-to-date.
Merging uprobes/for-next (0326f5a uprobes/core: Handle breakpoint and singlestep exceptions)
$ git merge uprobes/for-next
Already up-to-date.
Merging kvm/linux-next (db6ae61 kvm: Add compat_ioctl for device control API)
$ git merge kvm/linux-next
Already up-to-date.
Merging kvm-arm/kvm-arm-next (b8022d7 arm: kvm: arch_timer: use symbolic constants)
$ git merge kvm-arm/kvm-arm-next
Resolved 'arch/arm/include/asm/kvm_host.h' using previous resolution.
Resolved 'arch/arm/kvm/arm.c' using previous resolution.
Auto-merging arch/arm/kvm/arm.c
CONFLICT (content): Merge conflict in arch/arm/kvm/arm.c
Auto-merging arch/arm/include/asm/kvm_host.h
CONFLICT (content): Merge conflict in arch/arm/include/asm/kvm_host.h
Automatic merge failed; fix conflicts and then commit the result.
$ git commit -v -a
[master 8ac33dc7] Merge remote-tracking branch 'kvm-arm/kvm-arm-next'
$ git diff -M --stat --summary HEAD^..
Merging kvm-ppc/kvm-ppc-next (5975a2e KVM: PPC: Book3S: Add API for in-kernel XICS emulation)
$ git merge kvm-ppc/kvm-ppc-next
Already up-to-date.
Merging oprofile/for-next (23995bb oprofile, s390: Add support for IBM zEnterprise EC12)
$ git merge oprofile/for-next
Already up-to-date.
Merging fw-nohz/nohz/next (74876a9 printk: Wake up klogd using irq_work)
$ git merge fw-nohz/nohz/next
Already up-to-date.
Merging xen/upstream/xen (af3a3ab Merge git://git.kernel.org/pub/scm/linux/kernel/git/steve/gfs2-3.0-fixes)
$ git merge xen/upstream/xen
Already up-to-date.
Merging xen-two/linux-next (6461b07 Merge branch 'stable/for-linus-3.10' into linux-next)
$ git merge xen-two/linux-next
Auto-merging arch/x86/xen/smp.c
Auto-merging arch/x86/xen/mmu.c
Auto-merging arch/x86/xen/enlighten.c
Auto-merging arch/x86/xen/Kconfig
Merge made by the 'recursive' strategy.
 arch/x86/include/asm/xen/interface.h |  11 ++-
 arch/x86/include/asm/xen/page.h      |   3 +
 arch/x86/xen/Kconfig                 |   8 ++
 arch/x86/xen/enlighten.c             |  76 ++++++++++++-----
 arch/x86/xen/irq.c                   |   5 +-
 arch/x86/xen/mmu.c                   | 158 ++++++++++++++++++++++++++++++++---
 arch/x86/xen/mmu.h                   |   2 +
 arch/x86/xen/p2m.c                   |   2 +-
 arch/x86/xen/setup.c                 |  59 ++++++++++---
 arch/x86/xen/smp.c                   |  39 ++++++---
 arch/x86/xen/xen-head.S              |  10 ++-
 drivers/xen/balloon.c                |  14 ++--
 drivers/xen/cpu_hotplug.c            |   4 +-
 drivers/xen/events.c                 |   9 +-
 drivers/xen/gntdev.c                 |   3 +-
 drivers/xen/grant-table.c            |  64 +++++++++++++-
 drivers/xen/privcmd.c                |   2 +-
 drivers/xen/xenbus/xenbus_client.c   |   3 +-
 18 files changed, 401 insertions(+), 71 deletions(-)
Merging xen-arm/linux-next (9bc25a1 xen/arm: remove duplicated include from enlighten.c)
$ git merge xen-arm/linux-next
Auto-merging arch/arm/mach-vexpress/v2m.c
Auto-merging arch/arm/boot/dts/Makefile
Auto-merging arch/arm/Kconfig
Merge made by the 'recursive' strategy.
 arch/arm/Kconfig                     |  1 +
 arch/arm/boot/dts/Makefile           |  4 +-
 arch/arm/boot/dts/xenvm-4.2.dts      | 13 +++++++
 arch/arm/include/asm/xen/hypercall.h |  1 +
 arch/arm/mach-vexpress/v2m.c         |  1 -
 arch/arm/mach-virt/virt.c            |  1 +
 arch/arm/xen/enlighten.c             | 74 ++++++++++++++++++++++++++++++++----
 arch/arm/xen/hypercall.S             |  1 +
 8 files changed, 86 insertions(+), 10 deletions(-)
Merging percpu/for-next (a1b2a55 percpu: add documentation on this_cpu operations)
$ git merge percpu/for-next
Already up-to-date.
Merging workqueues/for-next (46aed11 Merge branch 'for-3.10' into for-next)
$ git merge workqueues/for-next
Already up-to-date!
Merge made by the 'recursive' strategy.
Merging drivers-x86/linux-next (e6e5224 ideapad-laptop: Depend on BACKLIGHT_CLASS_DEVICE instead of selecting it)
$ git merge drivers-x86/linux-next
Resolved 'drivers/platform/x86/chromeos_laptop.c' using previous resolution.
Auto-merging drivers/platform/x86/hp-wmi.c
Auto-merging drivers/platform/x86/chromeos_laptop.c
CONFLICT (content): Merge conflict in drivers/platform/x86/chromeos_laptop.c
Automatic merge failed; fix conflicts and then commit the result.
$ git commit -v -a
[master 61eb219] Merge remote-tracking branch 'drivers-x86/linux-next'
$ git diff -M --stat --summary HEAD^..
 drivers/platform/x86/hp-wmi.c | 4 ++++
 1 file changed, 4 insertions(+)
Merging hwpoison/hwpoison (46e387b Merge branch 'hwpoison-hugepages' into hwpoison)
$ git merge hwpoison/hwpoison
Already up-to-date.
Merging sysctl/master (4e474a0 sysctl: protect poll() in entries that may go away)
$ git merge sysctl/master
Already up-to-date.
Merging regmap/for-next (38a8179 Merge remote-tracking branch 'regmap/topic/range' into regmap-next)
$ git merge regmap/for-next
Already up-to-date.
Merging hsi/for-next (43139a6 HSI: hsi_char: Update ioctl-number.txt)
$ git merge hsi/for-next
Already up-to-date.
Merging leds/for-next (df92d5f leds: leds-asic3: switch to using SIMPLE_DEV_PM_OPS)
$ git merge leds/for-next
Already up-to-date.
Merging driver-core/driver-core-next (0d1d392 Merge 3.9-rc7 into driver-core-next)
$ git merge driver-core/driver-core-next
Already up-to-date.
Merging tty/tty-next (45efcb2 tty/serial/sirf: fix MODULE_DEVICE_TABLE)
$ git merge tty/tty-next
Already up-to-date.
Merging usb/usb-next (4626b8d USB: ehci-msm: USB_MSM_OTG needs USB_PHY)
$ git merge usb/usb-next
Already up-to-date.
Merging usb-gadget/next (added5f ARM: mxs_defconfig: add CONFIG_USB_PHY)
$ git merge usb-gadget/next
Already up-to-date.
Merging staging/staging-next (a0eeed4 staging: comedi: ni_labpc: fix legacy driver build)
$ git merge staging/staging-next
Already up-to-date.
Merging char-misc/char-misc-next (0e27263 Tools: hv: Fix a checkpatch warning)
$ git merge char-misc/char-misc-next
Already up-to-date.
Merging bcon/master (e284f34 netconsole: s/syslogd/cancd/ in documentation)
$ git merge bcon/master
Resolved 'drivers/block/Kconfig' using previous resolution.
Auto-merging kernel/printk.c
Auto-merging init/do_mounts.c
Auto-merging include/linux/mount.h
Auto-merging include/linux/console.h
Auto-merging drivers/net/netconsole.c
Auto-merging drivers/block/Makefile
Auto-merging drivers/block/Kconfig
CONFLICT (content): Merge conflict in drivers/block/Kconfig
Auto-merging block/partitions/check.h
Auto-merging block/partitions/check.c
Auto-merging Documentation/networking/netconsole.txt
Automatic merge failed; fix conflicts and then commit the result.
$ git commit -v -a
[master 4b235b3] Merge remote-tracking branch 'bcon/master'
$ git diff -M --stat --summary HEAD^..
 Documentation/block/blockconsole.txt            |  94 ++++
 Documentation/block/blockconsole/bcon_tail      |  82 ++++
 Documentation/block/blockconsole/mkblockconsole |  29 ++
 Documentation/networking/netconsole.txt         |  16 +-
 block/partitions/Makefile                       |   1 +
 block/partitions/blockconsole.c                 |  22 +
 block/partitions/check.c                        |   3 +
 block/partitions/check.h                        |   3 +
 drivers/block/Kconfig                           |   6 +
 drivers/block/Makefile                          |   1 +
 drivers/block/blockconsole.c                    | 618 ++++++++++++++++++++++++
 drivers/net/netconsole.c                        |   2 +-
 include/linux/blockconsole.h                    |   7 +
 include/linux/console.h                         |   1 +
 include/linux/mount.h                           |   2 +-
 init/do_mounts.c                                |   2 +-
 kernel/printk.c                                 |   5 +-
 17 files changed, 885 insertions(+), 9 deletions(-)
 create mode 100644 Documentation/block/blockconsole.txt
 create mode 100755 Documentation/block/blockconsole/bcon_tail
 create mode 100755 Documentation/block/blockconsole/mkblockconsole
 create mode 100644 block/partitions/blockconsole.c
 create mode 100644 drivers/block/blockconsole.c
 create mode 100644 include/linux/blockconsole.h
Merging tmem/linux-next (8f0d816 Linux 3.7-rc3)
$ git merge tmem/linux-next
Already up-to-date.
Merging writeback/writeback-for-next (ed84825 Negative (setpoint-dirty) in bdi_position_ratio())
$ git merge writeback/writeback-for-next
Already up-to-date.
Merging arm-dt/devicetree/arm-next (ede338f dt: add documentation of ARM dt boot interface)
$ git merge arm-dt/devicetree/arm-next
Already up-to-date.
Merging hwspinlock/linux-next (8b37fcf hwspinlock: add MAINTAINERS entries)
$ git merge hwspinlock/linux-next
Already up-to-date.
Merging pinctrl/for-next (d463f82 pinctrl: fix mutex deadlock in get_pinctrl_dev_from_of_node())
$ git merge pinctrl/for-next
Already up-to-date.
Merging vhost/linux-next (8afa6e0 vhost_scsi: module rename)
$ git merge vhost/linux-next
Resolved 'drivers/vhost/Kconfig' using previous resolution.
Resolved 'drivers/vhost/Makefile' using previous resolution.
Auto-merging drivers/vhost/Makefile
CONFLICT (content): Merge conflict in drivers/vhost/Makefile
Auto-merging drivers/vhost/Kconfig
CONFLICT (content): Merge conflict in drivers/vhost/Kconfig
Automatic merge failed; fix conflicts and then commit the result.
$ git commit -v -a
[master e06413a] Merge remote-tracking branch 'vhost/linux-next'
$ git diff -M --stat --summary HEAD^..
Merging memblock/memblock-kill-early_node_map (7bd0b0f memblock: Reimplement memblock allocation using reverse free area iterator)
$ git merge memblock/memblock-kill-early_node_map
Already up-to-date.
Merging remoteproc/for-next (b977785 remoteproc: fix kconfig dependencies for VIRTIO)
$ git merge remoteproc/for-next
Resolved 'drivers/remoteproc/Kconfig' using previous resolution.
Auto-merging drivers/remoteproc/ste_modem_rproc.c
Auto-merging drivers/remoteproc/remoteproc_core.c
Auto-merging drivers/remoteproc/Kconfig
CONFLICT (content): Merge conflict in drivers/remoteproc/Kconfig
Automatic merge failed; fix conflicts and then commit the result.
$ git commit -v -a
[master 7b97d88] Merge remote-tracking branch 'remoteproc/for-next'
$ git diff -M --stat --summary HEAD^..
 drivers/remoteproc/Kconfig                 |  27 ++-
 drivers/remoteproc/Makefile                |   1 +
 drivers/remoteproc/da8xx_remoteproc.c      | 324 +++++++++++++++++++++++++++++
 drivers/remoteproc/remoteproc_core.c       | 211 ++++++++++++-------
 drivers/remoteproc/remoteproc_elf_loader.c | 100 ++++++---
 drivers/remoteproc/remoteproc_internal.h   |  15 +-
 drivers/remoteproc/remoteproc_virtio.c     |  79 +++++--
 drivers/remoteproc/ste_modem_rproc.c       |  45 ++--
 include/linux/remoteproc.h                 |  13 +-
 9 files changed, 677 insertions(+), 138 deletions(-)
 create mode 100644 drivers/remoteproc/da8xx_remoteproc.c
Merging rpmsg/for-next (397944d rpmsg: fix kconfig dependencies for VIRTIO)
$ git merge rpmsg/for-next
Auto-merging drivers/rpmsg/virtio_rpmsg_bus.c
Auto-merging MAINTAINERS
Merge made by the 'recursive' strategy.
 MAINTAINERS                      |  8 +++++++
 drivers/rpmsg/Kconfig            |  1 +
 drivers/rpmsg/virtio_rpmsg_bus.c | 49 ++++++++++++++++++++++++++++------------
 3 files changed, 44 insertions(+), 14 deletions(-)
Merging irqdomain/irqdomain/next (560aa53 irqdomain: document the simple domain first_irq)
$ git merge irqdomain/irqdomain/next
Merge made by the 'recursive' strategy.
 kernel/irq/irqdomain.c | 5 ++++-
 1 file changed, 4 insertions(+), 1 deletion(-)
Merging gpio/gpio/next (08ffb22 gpio: grgpio: Add irq support)
$ git merge gpio/gpio/next
Already up-to-date.
Merging gpio-lw/for-next (ab6ec0f gpio/omap: ensure gpio context is initialised)
$ git merge gpio-lw/for-next
Auto-merging drivers/gpio/gpio-omap.c
Auto-merging drivers/gpio/Kconfig
Merge made by the 'recursive' strategy.
 drivers/gpio/Kconfig     |  2 +-
 drivers/gpio/gpio-omap.c | 48 +++++++++++++++++++++++++++++++++++++++++++++---
 2 files changed, 46 insertions(+), 4 deletions(-)
Merging gen-gpio/for_next (f4c5405 gpio: update gpio Chinese documentation)
$ git merge gen-gpio/for_next
Resolved 'arch/sh/kernel/cpu/sh2a/Makefile' using previous resolution.
Auto-merging drivers/video/backlight/Kconfig
Auto-merging drivers/video/Kconfig
CONFLICT (modify/delete): drivers/usb/otg/Kconfig deleted in HEAD and modified in gen-gpio/for_next. Version gen-gpio/for_next of drivers/usb/otg/Kconfig left in tree.
Auto-merging drivers/staging/iio/adc/Kconfig
Auto-merging drivers/staging/android/Kconfig
Auto-merging drivers/spi/Kconfig
Auto-merging drivers/pinctrl/sh-pfc/Kconfig
Auto-merging drivers/mtd/nand/Kconfig
Auto-merging drivers/mtd/maps/Kconfig
Auto-merging drivers/leds/Kconfig
Auto-merging drivers/input/misc/Kconfig
Auto-merging drivers/input/keyboard/Kconfig
Auto-merging drivers/i2c/muxes/Kconfig
Auto-merging drivers/gpio/gpio-lpc32xx.c
Auto-merging drivers/gpio/Kconfig
Auto-merging arch/xtensa/Kconfig
Auto-merging arch/x86/Kconfig
Auto-merging arch/sparc/Kconfig
Auto-merging arch/sh/kernel/cpu/sh2a/Makefile
CONFLICT (content): Merge conflict in arch/sh/kernel/cpu/sh2a/Makefile
Auto-merging arch/sh/Kconfig
Auto-merging arch/powerpc/platforms/Kconfig
Auto-merging arch/powerpc/platforms/85xx/Kconfig
Auto-merging arch/powerpc/platforms/44x/Kconfig
Auto-merging arch/powerpc/platforms/40x/Kconfig
Auto-merging arch/powerpc/Kconfig
Auto-merging arch/openrisc/Kconfig
Auto-merging arch/mips/Kconfig
Auto-merging arch/microblaze/Kconfig
Auto-merging arch/metag/Kconfig
Auto-merging arch/m68k/Kconfig.cpu
Auto-merging arch/ia64/Kconfig
Auto-merging arch/hexagon/Kconfig
Auto-merging arch/blackfin/Kconfig
Auto-merging arch/avr32/Kconfig
Auto-merging arch/arm64/Kconfig
Auto-merging arch/arm/plat-orion/Makefile
Auto-merging arch/arm/Kconfig
Auto-merging arch/alpha/Kconfig
Automatic merge failed; fix conflicts and then commit the result.
$ git rm -f drivers/usb/otg/Kconfig
drivers/usb/otg/Kconfig: needs merge
rm 'drivers/usb/otg/Kconfig'
$ git commit -v -a
[master f2c7e57] Merge remote-tracking branch 'gen-gpio/for_next'
$ git diff -M --stat --summary HEAD^..
 Documentation/gpio.txt               | 10 +++++-----
 Documentation/zh_CN/gpio.txt         |  8 ++++----
 arch/alpha/Kconfig                   |  3 ---
 arch/arm/Kconfig                     |  3 ---
 arch/arm/plat-orion/Makefile         |  2 +-
 arch/arm/plat-orion/gpio.c           |  2 +-
 arch/arm64/Kconfig                   |  3 ---
 arch/avr32/Kconfig                   |  3 ---
 arch/blackfin/Kconfig                |  5 +----
 arch/hexagon/Kconfig                 |  3 ---
 arch/ia64/Kconfig                    |  3 ---
 arch/m68k/Kconfig                    |  3 ---
 arch/m68k/Kconfig.cpu                |  3 +--
 arch/metag/Kconfig                   |  3 ---
 arch/microblaze/Kconfig              |  3 ---
 arch/mips/Kconfig                    | 10 +---------
 arch/mips/loongson/common/Makefile   |  2 +-
 arch/mips/txx9/generic/setup.c       |  2 +-
 arch/openrisc/Kconfig                |  3 ---
 arch/powerpc/Kconfig                 |  5 -----
 arch/powerpc/platforms/40x/Kconfig   |  1 -
 arch/powerpc/platforms/44x/Kconfig   |  1 -
 arch/powerpc/platforms/85xx/Kconfig  |  1 -
 arch/powerpc/platforms/86xx/Kconfig  |  3 ---
 arch/powerpc/platforms/8xx/Kconfig   |  1 -
 arch/powerpc/platforms/Kconfig       |  4 ----
 arch/sh/Kconfig                      |  3 ---
 arch/sh/boards/mach-sdk7786/Makefile |  2 +-
 arch/sh/boards/mach-x3proto/Makefile |  2 +-
 arch/sh/kernel/cpu/sh2a/Makefile     |  2 +-
 arch/sh/kernel/cpu/sh3/Makefile      |  2 +-
 arch/sh/kernel/cpu/sh4a/Makefile     |  2 +-
 arch/sparc/Kconfig                   |  5 -----
 arch/unicore32/Kconfig               |  6 +-----
 arch/x86/Kconfig                     |  3 ---
 arch/xtensa/Kconfig                  |  3 ---
 arch/xtensa/configs/iss_defconfig    |  1 -
 arch/xtensa/configs/s6105_defconfig  |  1 -
 drivers/extcon/Kconfig               |  2 +-
 drivers/gpio/Kconfig                 |  1 -
 drivers/gpio/gpio-lpc32xx.c          |  2 +-
 drivers/i2c/busses/Kconfig           |  4 ++--
 drivers/i2c/muxes/Kconfig            |  2 +-
 drivers/input/keyboard/Kconfig       |  6 +++---
 drivers/input/misc/Kconfig           |  8 ++++----
 drivers/input/mouse/Kconfig          |  2 +-
 drivers/leds/Kconfig                 |  6 +++---
 drivers/mtd/maps/Kconfig             |  2 +-
 drivers/mtd/nand/Kconfig             |  2 +-
 drivers/net/phy/Kconfig              |  2 +-
 drivers/pinctrl/sh-pfc/Kconfig       | 26 +++++++++++++-------------
 drivers/regulator/Kconfig            |  2 +-
 drivers/spi/Kconfig                  |  8 ++++----
 drivers/staging/android/Kconfig      |  2 +-
 drivers/staging/iio/accel/Kconfig    |  2 +-
 drivers/staging/iio/adc/Kconfig      |  2 +-
 drivers/staging/iio/addac/Kconfig    |  2 +-
 drivers/staging/iio/resolver/Kconfig |  4 ++--
 drivers/staging/iio/trigger/Kconfig  |  2 +-
 drivers/video/Kconfig                |  2 +-
 drivers/video/backlight/Kconfig      |  4 ++--
 drivers/w1/masters/Kconfig           |  2 +-
 include/linux/gpio.h                 |  6 +++---
 63 files changed, 73 insertions(+), 152 deletions(-)
$ git am -3 ../patches/0001-gen-gpio-GPIOLIB-merge-fix-up.patch
Applying: gen-gpio: GPIOLIB merge fix up
$ git reset HEAD^
Unstaged changes after reset:
M	drivers/usb/phy/Kconfig
$ git add -A .
$ git commit -v -a --amend
[master 8b813b6] Merge remote-tracking branch 'gen-gpio/for_next'
$ git am -3 ../patches/0001-merge-fix-for-Convert-selectors-of-GENERIC_GPIO-to-G.patch
Applying: merge fix for Convert selectors of GENERIC_GPIO to GPIOLIB
$ git reset HEAD^
Unstaged changes after reset:
M	arch/powerpc/platforms/85xx/Kconfig
$ git add -A .
$ git commit -v -a --amend
[master 1946f2c] Merge remote-tracking branch 'gen-gpio/for_next'
$ git am -3 ../patches/0001-merge-fix-2-for-Convert-selectors-of-GENERIC_GPIO-to.patch
Applying: merge fix 2 for Convert selectors of GENERIC_GPIO to GPIOLIB
$ git reset HEAD^
Unstaged changes after reset:
M	drivers/i2c/muxes/Kconfig
$ git add -A .
$ git commit -v -a --amend
[master 0daceb5] Merge remote-tracking branch 'gen-gpio/for_next'
Merging mailbox/dbx500-prcmu-mailbox (c497eba mailbox: fix invalid use of sizeof in mailbox_msg_send())
$ git merge mailbox/dbx500-prcmu-mailbox
Auto-merging drivers/remoteproc/Kconfig
Auto-merging drivers/mailbox/mailbox-omap2.c
Auto-merging drivers/mailbox/mailbox-omap1.c
Removing arch/arm/plat-omap/mailbox.c
Removing arch/arm/plat-omap/include/plat/mailbox.h
Auto-merging arch/arm/mach-omap2/omap_hwmod_44xx_data.c
Auto-merging arch/arm/mach-omap2/omap_hwmod_3xxx_data.c
Auto-merging arch/arm/mach-omap2/omap_hwmod_2430_data.c
Auto-merging arch/arm/mach-omap2/omap_hwmod_2420_data.c
Auto-merging arch/arm/mach-omap2/devices.c
Auto-merging arch/arm/mach-omap2/Makefile
Auto-merging arch/arm/configs/omap1_defconfig
Merge made by the 'recursive' strategy.
 .../devicetree/bindings/mailbox/dbx500-mailbox.txt |  27 +
 arch/arm/configs/omap1_defconfig                   |   3 +-
 arch/arm/mach-omap1/Makefile                       |   4 -
 arch/arm/mach-omap2/Makefile                       |   3 -
 arch/arm/mach-omap2/devices.c                      |  13 +-
 arch/arm/mach-omap2/omap_hwmod_2420_data.c         |  12 +
 arch/arm/mach-omap2/omap_hwmod_2430_data.c         |  11 +
 arch/arm/mach-omap2/omap_hwmod_3xxx_data.c         |  11 +
 arch/arm/mach-omap2/omap_hwmod_44xx_data.c         |  13 +
 arch/arm/plat-omap/Kconfig                         |  16 -
 arch/arm/plat-omap/Makefile                        |   3 -
 arch/arm/plat-omap/include/plat/mailbox.h          | 105 ----
 arch/arm/plat-omap/mailbox.c                       | 435 --------------
 drivers/cpufreq/highbank-cpufreq.c                 |   2 +-
 drivers/mailbox/Kconfig                            |  41 ++
 drivers/mailbox/Makefile                           |   5 +
 drivers/mailbox/mailbox-dbx500.c                   | 648 +++++++++++++++++++++
 .../mailbox.c => drivers/mailbox/mailbox-omap1.c   |  90 ++-
 .../mailbox.c => drivers/mailbox/mailbox-omap2.c   | 330 +++++------
 drivers/mailbox/mailbox.c                          | 552 ++++++++++++++++++
 drivers/mailbox/mailbox_internal.h                 |  70 +++
 drivers/mailbox/pl320-ipc.c                        |   2 +-
 drivers/remoteproc/Kconfig                         |   3 +-
 drivers/remoteproc/omap_remoteproc.c               |  36 +-
 drivers/staging/tidspbridge/Kconfig                |   3 +-
 drivers/staging/tidspbridge/core/_tiomap.h         |   2 +-
 drivers/staging/tidspbridge/core/chnl_sm.c         |   8 +-
 drivers/staging/tidspbridge/core/io_sm.c           |   5 +-
 drivers/staging/tidspbridge/core/tiomap3430.c      |   6 +-
 drivers/staging/tidspbridge/core/tiomap3430_pwr.c  |   6 +-
 drivers/staging/tidspbridge/core/tiomap_io.c       |   9 +-
 .../tidspbridge/include/dspbridge/host_os.h        |   2 +-
 include/linux/mailbox.h                            |  52 +-
 include/linux/pl320-ipc.h                          |  17 +
 include/linux/platform_data/mailbox-dbx500.h       |  12 +
 include/linux/platform_data/mailbox-omap.h         |  53 ++
 36 files changed, 1766 insertions(+), 844 deletions(-)
 create mode 100644 Documentation/devicetree/bindings/mailbox/dbx500-mailbox.txt
 delete mode 100644 arch/arm/plat-omap/include/plat/mailbox.h
 delete mode 100644 arch/arm/plat-omap/mailbox.c
 create mode 100644 drivers/mailbox/mailbox-dbx500.c
 rename arch/arm/mach-omap1/mailbox.c => drivers/mailbox/mailbox-omap1.c (64%)
 rename arch/arm/mach-omap2/mailbox.c => drivers/mailbox/mailbox-omap2.c (50%)
 create mode 100644 drivers/mailbox/mailbox.c
 create mode 100644 drivers/mailbox/mailbox_internal.h
 create mode 100644 include/linux/pl320-ipc.h
 create mode 100644 include/linux/platform_data/mailbox-dbx500.h
 create mode 100644 include/linux/platform_data/mailbox-omap.h
Merging arm-soc/for-next (83d3705 arm-soc: add contents file)
$ git merge arm-soc/for-next
Resolved 'arch/arm/mach-zynq/platsmp.c' using previous resolution.
Resolved 'arch/arm/plat-orion/Makefile' using previous resolution.
Auto-merging include/linux/of.h
Removing include/linux/mxsfb.h
Auto-merging drivers/video/Kconfig
Auto-merging drivers/spi/spi-davinci.c
Auto-merging drivers/pinctrl/sh-pfc/Kconfig
Auto-merging drivers/mmc/host/mxs-mmc.c
Auto-merging drivers/irqchip/irq-armada-370-xp.c
Auto-merging drivers/gpio/Makefile
Auto-merging drivers/gpio/Kconfig
Auto-merging arch/arm/plat-orion/gpio.c
Removing arch/arm/plat-orion/addr-map.c
Auto-merging arch/arm/plat-orion/Makefile
CONFLICT (content): Merge conflict in arch/arm/plat-orion/Makefile
Auto-merging arch/arm/mach-zynq/platsmp.c
CONFLICT (add/add): Merge conflict in arch/arm/mach-zynq/platsmp.c
Auto-merging arch/arm/mach-virt/virt.c
Auto-merging arch/arm/mach-vexpress/v2m.c
Removing arch/arm/mach-spear/spear13xx-dma.h
Removing arch/arm/mach-orion5x/addr-map.c
Removing arch/arm/mach-mvebu/addr-map.c
Removing arch/arm/mach-mv78xx0/addr-map.c
Removing arch/arm/mach-kirkwood/addr-map.c
Auto-merging arch/arm/mach-imx/Kconfig
Removing arch/arm/mach-dove/addr-map.c
Auto-merging arch/arm/boot/dts/Makefile
Auto-merging arch/arm/Kconfig
Auto-merging Documentation/devicetree/bindings/gpio/gpio-omap.txt
Automatic merge failed; fix conflicts and then commit the result.
$ git commit -v -a
[master 9019128] Merge remote-tracking branch 'arm-soc/for-next'
$ git diff -M --stat --summary HEAD^..
 .../devicetree/bindings/arm/omap/l3-noc.txt        |    1 +
 .../devicetree/bindings/arm/omap/timer.txt         |   17 +-
 .../devicetree/bindings/arm/primecell.txt          |   19 +-
 .../devicetree/bindings/arm/samsung/sysreg.txt     |    7 +
 .../devicetree/bindings/ata/pata-arasan.txt        |   22 +
 .../devicetree/bindings/clock/imx5-clock.txt       |   14 +-
 .../devicetree/bindings/clock/imx6q-clock.txt      |    3 +
 .../devicetree/bindings/dma/fsl-mxs-dma.txt        |   49 +-
 Documentation/devicetree/bindings/fb/mxsfb.txt     |   36 +-
 .../devicetree/bindings/gpio/gpio-omap.txt         |    8 +-
 .../devicetree/bindings/gpu/samsung-g2d.txt        |   20 +
 Documentation/devicetree/bindings/i2c/i2c-mxs.txt  |   12 +-
 .../devicetree/bindings/i2c/nvidia,tegra20-i2c.txt |   60 +
 Documentation/devicetree/bindings/mmc/mxs-mmc.txt  |   12 +-
 .../devicetree/bindings/mtd/gpmi-nand.txt          |   17 +-
 .../bindings/pinctrl/fsl,mxs-pinctrl.txt           |    4 +
 .../devicetree/bindings/pwm/pwm-samsung.txt        |   43 +
 .../devicetree/bindings/reset/fsl,imx-src.txt      |   49 +
 Documentation/devicetree/bindings/serial/pl011.txt |   17 +
 .../bindings/sound/nvidia,tegra-audio-alc5632.txt  |    8 +
 .../sound/nvidia,tegra-audio-trimslice.txt         |    7 +
 .../bindings/sound/nvidia,tegra-audio-wm8753.txt   |    8 +
 .../bindings/sound/nvidia,tegra-audio-wm8903.txt   |    8 +
 .../bindings/sound/nvidia,tegra-audio-wm9712.txt   |    8 +
 Documentation/devicetree/bindings/spi/mxs-spi.txt  |   12 +-
 .../devicetree/bindings/spi/spi-davinci.txt        |   51 +
 .../devicetree/bindings/spi/spi_pl022.txt          |   36 +
 .../bindings/staging/imx-drm/fsl-imx-drm.txt       |    3 +
 .../devicetree/bindings/timer/arm,sp804.txt        |   29 +
 .../bindings/tty/serial/fsl-mxs-auart.txt          |   16 +-
 .../devicetree/bindings/usb/exynos-usb.txt         |   10 +
 Documentation/devicetree/bindings/usb/omap-usb.txt |    1 +
 .../devicetree/bindings/video/samsung-fimd.txt     |   65 +
 arch/arm/Kconfig                                   |    8 +-
 arch/arm/Kconfig.debug                             |    4 +-
 arch/arm/arm-soc-for-next-contents.txt             |  616 +++++
 arch/arm/boot/dts/Makefile                         |   11 +
 arch/arm/boot/dts/am335x-bone.dts                  |   10 +-
 arch/arm/boot/dts/am335x-evm.dts                   |   18 +-
 arch/arm/boot/dts/am335x-evmsk.dts                 |   18 +-
 arch/arm/boot/dts/am33xx.dtsi                      |   40 +-
 arch/arm/boot/dts/am3517-evm.dts                   |    2 +-
 arch/arm/boot/dts/am3517_mt_ventoux.dts            |    2 +-
 arch/arm/boot/dts/armada-370-db.dts                |  134 +-
 arch/arm/boot/dts/armada-370-mirabox.dts           |  176 +-
 arch/arm/boot/dts/armada-370-rd.dts                |   96 +-
 arch/arm/boot/dts/armada-370-xp.dtsi               |  341 ++-
 arch/arm/boot/dts/armada-370.dtsi                  |  330 +--
 arch/arm/boot/dts/armada-xp-db.dts                 |  202 +-
 arch/arm/boot/dts/armada-xp-gp.dts                 |  222 +-
 arch/arm/boot/dts/armada-xp-mv78230.dtsi           |  284 +--
 arch/arm/boot/dts/armada-xp-mv78260.dtsi           |  342 +--
 arch/arm/boot/dts/armada-xp-mv78460.dtsi           |  484 ++--
 arch/arm/boot/dts/armada-xp-openblocks-ax3-4.dts   |  262 +-
 arch/arm/boot/dts/armada-xp.dtsi                   |  202 +-
 arch/arm/boot/dts/at91sam9g45.dtsi                 |    5 +
 arch/arm/boot/dts/at91sam9n12.dtsi                 |    9 +
 arch/arm/boot/dts/at91sam9x5.dtsi                  |   15 +
 arch/arm/boot/dts/cros5250-common.dtsi             |   54 +-
 arch/arm/boot/dts/da850-evm.dts                    |   40 +
 arch/arm/boot/dts/da850.dtsi                       |   94 +
 arch/arm/boot/dts/exynos4.dtsi                     |   40 +
 arch/arm/boot/dts/exynos4210-origen.dts            |    4 +
 arch/arm/boot/dts/exynos4210-smdkv310.dts          |   57 +-
 arch/arm/boot/dts/exynos4210-universal_c210.dts    |  352 +++
 arch/arm/boot/dts/exynos4210.dtsi                  |    8 +
 arch/arm/boot/dts/exynos4212.dtsi                  |    9 +
 arch/arm/boot/dts/exynos4412-origen.dts            |   21 +
 arch/arm/boot/dts/exynos4412-smdk4412.dts          |    8 +
 arch/arm/boot/dts/exynos4412.dtsi                  |   17 +
 arch/arm/boot/dts/exynos4x12.dtsi                  |    7 +
 arch/arm/boot/dts/exynos5250-arndale.dts           |  343 ++-
 arch/arm/boot/dts/exynos5250-pinctrl.dtsi          |  783 ++++++
 arch/arm/boot/dts/exynos5250-smdk5250.dts          |   49 +-
 arch/arm/boot/dts/exynos5250-snow.dts              |  149 +-
 arch/arm/boot/dts/exynos5250.dtsi                  |  348 +--
 arch/arm/boot/dts/exynos5440-sd5v1.dts             |   39 +
 arch/arm/boot/dts/exynos5440-ssdk5440.dts          |    6 +-
 arch/arm/boot/dts/exynos5440.dtsi                  |   55 +-
 arch/arm/boot/dts/imx23-evk.dts                    |   36 +-
 arch/arm/boot/dts/imx23-olinuxino.dts              |    1 +
 arch/arm/boot/dts/imx23.dtsi                       |   42 +-
 arch/arm/boot/dts/imx28-apf28dev.dts               |   25 +
 arch/arm/boot/dts/imx28-apx4devkit.dts             |   25 +
 arch/arm/boot/dts/imx28-cfa10049.dts               |   50 +-
 arch/arm/boot/dts/imx28-evk.dts                    |   36 +-
 arch/arm/boot/dts/imx28-m28evk.dts                 |   27 +
 arch/arm/boot/dts/imx28.dtsi                       |   62 +-
 arch/arm/boot/dts/imx6qdl.dtsi                     |    8 +-
 arch/arm/boot/dts/integratorcp.dts                 |    6 +-
 arch/arm/boot/dts/omap2.dtsi                       |   39 +-
 arch/arm/boot/dts/omap2420-h4.dts                  |   46 +
 arch/arm/boot/dts/omap2420.dtsi                    |   67 +-
 arch/arm/boot/dts/omap2430.dtsi                    |   87 +-
 arch/arm/boot/dts/omap3-beagle-xm.dts              |   26 +-
 arch/arm/boot/dts/omap3-beagle.dts                 |    8 +-
 arch/arm/boot/dts/omap3-devkit8000.dts             |  169 ++
 arch/arm/boot/dts/omap3-evm.dts                    |   14 +-
 arch/arm/boot/dts/omap3-igep.dtsi                  |  122 +
 arch/arm/boot/dts/omap3-igep0020.dts               |   56 +
 arch/arm/boot/dts/omap3-igep0030.dts               |   44 +
 arch/arm/boot/dts/omap3-overo.dtsi                 |   31 +-
 arch/arm/boot/dts/omap3.dtsi                       |  142 +-
 arch/arm/boot/dts/omap3430-sdp.dts                 |  190 ++
 arch/arm/boot/dts/omap34xx.dtsi                    |   28 +
 arch/arm/boot/dts/omap36xx.dtsi                    |   13 +
 arch/arm/boot/dts/omap4-panda-a4.dts               |    5 +-
 arch/arm/boot/dts/omap4-panda-common.dtsi          |  251 ++
 arch/arm/boot/dts/omap4-panda-es.dts               |    5 +-
 arch/arm/boot/dts/omap4-panda.dts                  |  201 +-
 arch/arm/boot/dts/omap4-sdp.dts                    |   74 +-
 arch/arm/boot/dts/omap4-var-som.dts                |    2 +-
 arch/arm/boot/dts/omap4.dtsi                       |  135 +-
 arch/arm/boot/dts/omap443x.dtsi                    |   27 +
 arch/arm/boot/dts/omap4460.dtsi                    |   32 +
 arch/arm/boot/dts/omap5-evm.dts                    |  110 +-
 arch/arm/boot/dts/omap5.dtsi                       |  245 +-
 arch/arm/boot/dts/r8a73a4-ape6evm.dts              |   52 +
 arch/arm/boot/dts/r8a73a4.dtsi                     |   94 +
 arch/arm/boot/dts/r8a7778-bockw.dts                |   32 +
 arch/arm/boot/dts/r8a7778.dtsi                     |   35 +
 arch/arm/boot/dts/r8a7790-lager.dts                |   31 +
 arch/arm/boot/dts/r8a7790.dtsi                     |   63 +
 arch/arm/boot/dts/sama5d3.dtsi                     |   19 +-
 arch/arm/boot/dts/sama5d34ek.dts                   |    2 +-
 arch/arm/boot/dts/sh73a0-kzm9g-reference.dts       |   13 +
 arch/arm/boot/dts/sh73a0.dtsi                      |   81 +
 arch/arm/boot/dts/spear1340.dtsi                   |    3 +
 arch/arm/boot/dts/spear13xx.dtsi                   |   25 +-
 arch/arm/boot/dts/tegra114-dalmore.dts             |  891 +++++++
 arch/arm/boot/dts/tegra114.dtsi                    |  240 +-
 arch/arm/boot/dts/tegra20-colibri-512.dtsi         |   12 +
 arch/arm/boot/dts/tegra20-harmony.dts              |   20 +
 arch/arm/boot/dts/tegra20-medcom-wide.dts          |    7 +
 arch/arm/boot/dts/tegra20-paz00.dts                |   10 +
 arch/arm/boot/dts/tegra20-plutux.dts               |    3 +
 arch/arm/boot/dts/tegra20-seaboard.dts             |   11 +
 arch/arm/boot/dts/tegra20-tamonten.dtsi            |    6 +
 arch/arm/boot/dts/tegra20-tec.dts                  |    3 +
 arch/arm/boot/dts/tegra20-trimslice.dts            |   23 +
 arch/arm/boot/dts/tegra20-ventana.dts              |   22 +
 arch/arm/boot/dts/tegra20-whistler.dts             |   13 +
 arch/arm/boot/dts/tegra20.dtsi                     |   53 +-
 arch/arm/boot/dts/tegra30-beaver.dts               |    8 +
 arch/arm/boot/dts/tegra30-cardhu-a02.dts           |    1 +
 arch/arm/boot/dts/tegra30-cardhu-a04.dts           |    1 +
 arch/arm/boot/dts/tegra30-cardhu.dtsi              |   11 +
 arch/arm/boot/dts/tegra30.dtsi                     |    1 +
 arch/arm/boot/dts/twl4030.dtsi                     |   18 +-
 arch/arm/boot/dts/twl6030.dtsi                     |   12 +
 arch/arm/boot/dts/versatile-ab.dts                 |   12 +
 arch/arm/boot/dts/vexpress-v2p-ca9.dts             |    1 +
 arch/arm/common/timer-sp.c                         |  140 +-
 arch/arm/configs/bockw_defconfig                   |   94 +
 arch/arm/configs/imx_v4_v5_defconfig               |    1 +
 arch/arm/configs/imx_v6_v7_defconfig               |    1 +
 arch/arm/configs/omap2plus_defconfig               |    2 +
 arch/arm/include/asm/arch_timer.h                  |   13 +-
 arch/arm/include/asm/hardware/timer-sp.h           |   16 +-
 arch/arm/include/asm/sched_clock.h                 |    2 +
 arch/arm/include/debug/mvebu.S                     |    2 +-
 arch/arm/kernel/arch_timer.c                       |   29 +-
 arch/arm/kernel/devtree.c                          |    7 +
 arch/arm/kernel/sched_clock.c                      |   15 +-
 arch/arm/kernel/setup.c                            |   13 +-
 arch/arm/kernel/time.c                             |    7 +-
 arch/arm/mach-at91/cpuidle.c                       |    2 +
 arch/arm/mach-at91/include/mach/cpu.h              |    9 +-
 arch/arm/mach-at91/pm.c                            |    2 +
 arch/arm/mach-at91/pm.h                            |   30 +-
 arch/arm/mach-at91/setup.c                         |   22 +-
 arch/arm/mach-davinci/da8xx-dt.c                   |    6 +
 arch/arm/mach-dove/Makefile                        |    2 +-
 arch/arm/mach-dove/addr-map.c                      |  125 -
 arch/arm/mach-dove/board-dt.c                      |    2 +-
 arch/arm/mach-dove/common.c                        |   39 +-
 arch/arm/mach-dove/common.h                        |    2 +-
 arch/arm/mach-dove/include/mach/dove.h             |    5 +
 arch/arm/mach-exynos/common.c                      |   88 +-
 arch/arm/mach-exynos/common.h                      |    7 +-
 arch/arm/mach-exynos/include/mach/map.h            |    1 -
 arch/arm/mach-highbank/highbank.c                  |   24 +-
 arch/arm/mach-imx/Kconfig                          |   10 +-
 arch/arm/mach-imx/Makefile                         |    1 +
 arch/arm/mach-imx/anatop.c                         |  103 +
 arch/arm/mach-imx/clk-imx51-imx53.c                |   75 +-
 arch/arm/mach-imx/clk-imx6q.c                      |  126 +-
 arch/arm/mach-imx/clk.h                            |   17 +
 arch/arm/mach-imx/common.h                         |   10 +-
 arch/arm/mach-imx/gpc.c                            |   23 +-
 arch/arm/mach-imx/headsmp.S                        |    2 +-
 arch/arm/mach-imx/mach-imx6q.c                     |   74 +-
 arch/arm/mach-imx/mm-imx1.c                        |    2 +
 arch/arm/mach-imx/mxc.h                            |   11 +
 arch/arm/mach-imx/platsmp.c                        |    4 +-
 arch/arm/mach-imx/pm-imx6q.c                       |    4 +-
 arch/arm/mach-imx/src.c                            |   66 +
 arch/arm/mach-integrator/integrator_cp.c           |   34 -
 arch/arm/mach-kirkwood/Makefile                    |    2 +-
 arch/arm/mach-kirkwood/addr-map.c                  |   91 -
 arch/arm/mach-kirkwood/board-dt.c                  |    2 +-
 arch/arm/mach-kirkwood/common.c                    |   38 +-
 arch/arm/mach-kirkwood/common.h                    |    2 +-
 arch/arm/mach-kirkwood/include/mach/kirkwood.h     |    7 +-
 arch/arm/mach-kirkwood/pcie.c                      |    1 -
 arch/arm/mach-mv78xx0/Makefile                     |    2 +-
 arch/arm/mach-mv78xx0/addr-map.c                   |   93 -
 arch/arm/mach-mv78xx0/common.c                     |   10 +-
 arch/arm/mach-mv78xx0/include/mach/mv78xx0.h       |    9 +-
 arch/arm/mach-mv78xx0/pcie.c                       |   21 +-
 arch/arm/mach-mvebu/Kconfig                        |    2 +
 arch/arm/mach-mvebu/Makefile                       |    2 +-
 arch/arm/mach-mvebu/addr-map.c                     |  137 --
 arch/arm/mach-mvebu/armada-370-xp.c                |   27 +-
 arch/arm/mach-mvebu/armada-370-xp.h                |    8 +-
 arch/arm/mach-mvebu/platsmp.c                      |    2 +
 arch/arm/mach-mxs/mach-mxs.c                       |  170 --
 arch/arm/mach-omap2/Kconfig                        |    2 -
 arch/arm/mach-omap2/Makefile                       |    8 +-
 arch/arm/mach-omap2/board-2430sdp.c                |   43 +-
 arch/arm/mach-omap2/board-3430sdp.c                |   53 +-
 arch/arm/mach-omap2/board-am3517evm.c              |   74 +-
 arch/arm/mach-omap2/board-cm-t35.c                 |   60 +-
 arch/arm/mach-omap2/board-devkit8000.c             |   27 +-
 arch/arm/mach-omap2/board-generic.c                |    1 +
 arch/arm/mach-omap2/board-ldp.c                    |   61 +-
 arch/arm/mach-omap2/board-omap3evm.c               |   70 +-
 arch/arm/mach-omap2/board-omap3pandora.c           |    7 +-
 arch/arm/mach-omap2/board-omap3stalker.c           |   11 -
 arch/arm/mach-omap2/board-overo.c                  |   58 +-
 arch/arm/mach-omap2/board-rx51-video.c             |   26 +-
 arch/arm/mach-omap2/board-zoom-display.c           |   38 +-
 arch/arm/mach-omap2/dss-common.c                   |   54 +-
 arch/arm/mach-omap2/omap_hwmod.c                   |   48 +-
 arch/arm/mach-omap2/pmu.c                          |   14 +-
 arch/arm/mach-omap2/timer.c                        |   14 +-
 arch/arm/mach-orion5x/Makefile                     |    2 +-
 arch/arm/mach-orion5x/addr-map.c                   |  155 --
 arch/arm/mach-orion5x/board-dt.c                   |    2 +-
 arch/arm/mach-orion5x/common.c                     |   49 +-
 arch/arm/mach-orion5x/common.h                     |   13 +-
 arch/arm/mach-orion5x/d2net-setup.c                |    4 +-
 arch/arm/mach-orion5x/db88f5281-setup.c            |   13 +-
 arch/arm/mach-orion5x/dns323-setup.c               |    3 +-
 arch/arm/mach-orion5x/edmini_v2-setup.c            |    4 +-
 arch/arm/mach-orion5x/include/mach/orion5x.h       |    6 +-
 arch/arm/mach-orion5x/kurobox_pro-setup.c          |    8 +-
 arch/arm/mach-orion5x/ls-chl-setup.c               |    4 +-
 arch/arm/mach-orion5x/ls_hgl-setup.c               |    4 +-
 arch/arm/mach-orion5x/lsmini-setup.c               |    4 +-
 arch/arm/mach-orion5x/mss2-setup.c                 |    3 +-
 arch/arm/mach-orion5x/mv2120-setup.c               |    3 +-
 arch/arm/mach-orion5x/net2big-setup.c              |    4 +-
 arch/arm/mach-orion5x/pci.c                        |    7 +-
 arch/arm/mach-orion5x/rd88f5181l-fxo-setup.c       |    4 +-
 arch/arm/mach-orion5x/rd88f5181l-ge-setup.c        |    4 +-
 arch/arm/mach-orion5x/rd88f5182-setup.c            |    7 +-
 arch/arm/mach-orion5x/terastation_pro2-setup.c     |    4 +-
 arch/arm/mach-orion5x/ts209-setup.c                |    4 +-
 arch/arm/mach-orion5x/ts409-setup.c                |    4 +-
 arch/arm/mach-orion5x/wnr854t-setup.c              |    4 +-
 arch/arm/mach-orion5x/wrt350n-v2-setup.c           |    4 +-
 arch/arm/mach-prima2/Kconfig                       |    2 +-
 arch/arm/mach-shmobile/Kconfig                     |   48 +-
 arch/arm/mach-shmobile/Makefile                    |    6 +
 arch/arm/mach-shmobile/board-ape6evm.c             |   94 +
 arch/arm/mach-shmobile/board-armadillo800eva.c     |   35 +-
 arch/arm/mach-shmobile/board-bockw.c               |   81 +
 arch/arm/mach-shmobile/board-kzm9d.c               |    1 -
 arch/arm/mach-shmobile/board-lager.c               |   46 +
 arch/arm/mach-shmobile/board-mackerel.c            |  111 +-
 arch/arm/mach-shmobile/board-marzen.c              |   32 +
 arch/arm/mach-shmobile/clock-r8a73a4.c             |  115 +
 arch/arm/mach-shmobile/clock-r8a7740.c             |  114 +-
 arch/arm/mach-shmobile/clock-r8a7778.c             |  107 +
 arch/arm/mach-shmobile/clock-r8a7779.c             |  219 +-
 arch/arm/mach-shmobile/clock-r8a7790.c             |   93 +
 arch/arm/mach-shmobile/clock-sh7372.c              |   50 +-
 arch/arm/mach-shmobile/clock-sh73a0.c              |  115 +-
 arch/arm/mach-shmobile/clock.c                     |   13 +
 arch/arm/mach-shmobile/include/mach/clock.h        |   39 +
 arch/arm/mach-shmobile/include/mach/common.h       |   54 -
 arch/arm/mach-shmobile/include/mach/r8a73a4.h      |    8 +
 arch/arm/mach-shmobile/include/mach/r8a7740.h      |    9 +
 arch/arm/mach-shmobile/include/mach/r8a7778.h      |   32 +
 arch/arm/mach-shmobile/include/mach/r8a7779.h      |  332 +--
 arch/arm/mach-shmobile/include/mach/r8a7790.h      |    9 +
 arch/arm/mach-shmobile/include/mach/sh7372.h       |   12 +
 arch/arm/mach-shmobile/include/mach/sh73a0.h       |   15 +
 arch/arm/mach-shmobile/intc-r8a7740.c              |  641 +----
 arch/arm/mach-shmobile/setup-emev2.c               |    1 -
 arch/arm/mach-shmobile/setup-r8a73a4.c             |  202 ++
 arch/arm/mach-shmobile/setup-r8a7740.c             |  193 +-
 arch/arm/mach-shmobile/setup-r8a7778.c             |  244 ++
 arch/arm/mach-shmobile/setup-r8a7779.c             |   81 +-
 arch/arm/mach-shmobile/setup-r8a7790.c             |  150 ++
 arch/arm/mach-shmobile/setup-sh7372.c              |    1 -
 arch/arm/mach-shmobile/setup-sh73a0.c              |    1 -
 arch/arm/mach-shmobile/timer.c                     |    7 +-
 arch/arm/mach-spear/Makefile                       |    6 +-
 arch/arm/mach-spear/generic.h                      |    5 -
 arch/arm/mach-spear/include/mach/spear.h           |    2 -
 arch/arm/mach-spear/spear1310.c                    |   30 +-
 arch/arm/mach-spear/spear1340.c                    |   32 +-
 arch/arm/mach-spear/spear13xx-dma.h                |  128 -
 arch/arm/mach-spear/spear13xx.c                    |   62 +-
 arch/arm/mach-tegra/Kconfig                        |    1 +
 arch/arm/mach-ux500/Kconfig                        |    2 +
 arch/arm/mach-versatile/core.c                     |   26 +-
 arch/arm/mach-versatile/versatile_dt.c             |    1 -
 arch/arm/mach-vexpress/v2m.c                       |   25 +-
 arch/arm/mach-virt/virt.c                          |    9 -
 arch/arm/mach-zynq/platsmp.c                       |   16 -
 arch/arm/plat-omap/dmtimer.c                       |  241 +-
 arch/arm/plat-omap/include/plat/dmtimer.h          |    1 +
 arch/arm/plat-orion/Makefile                       |    6 -
 arch/arm/plat-orion/addr-map.c                     |  178 --
 arch/arm/plat-orion/gpio.c                         |   59 +
 arch/arm/plat-samsung/Kconfig                      |    4 +-
 arch/arm64/include/asm/arch_timer.h                |    5 +
 arch/arm64/kernel/time.c                           |    6 +-
 arch/sh/kernel/cpu/sh2a/pinmux-sh7269.c            |    2 +
 drivers/ata/pata_arasan_cf.c                       |   37 +-
 drivers/bus/Kconfig                                |    7 +
 drivers/bus/Makefile                               |    1 +
 drivers/bus/mvebu-mbus.c                           |  870 +++++++
 drivers/clk/samsung/clk-exynos4.c                  |   93 +-
 drivers/clk/samsung/clk-exynos5250.c               |    1 -
 drivers/clk/samsung/clk-exynos5440.c               |    1 -
 drivers/clk/samsung/clk.h                          |    2 -
 drivers/clocksource/Kconfig                        |   10 +
 drivers/clocksource/Makefile                       |    1 +
 drivers/clocksource/arm_arch_timer.c               |   33 +-
 drivers/clocksource/exynos_mct.c                   |   22 +-
 drivers/clocksource/samsung_pwm_timer.c            |  494 ++++
 drivers/dma/mxs-dma.c                              |  109 +-
 drivers/gpio/Kconfig                               |    6 +
 drivers/gpio/Makefile                              |    1 +
 drivers/gpio/gpio-pl061.c                          |    2 +-
 drivers/gpio/gpio-rcar.c                           |  396 +++
 drivers/i2c/busses/i2c-mxs.c                       |   40 +-
 drivers/irqchip/Makefile                           |    1 +
 drivers/irqchip/exynos-combiner.c                  |  125 +-
 .../irqchip}/irq-armada-370-xp.c                   |  106 +-
 drivers/mmc/host/mxs-mmc.c                         |   48 +-
 drivers/mtd/nand/gpmi-nand/gpmi-nand.c             |   51 +-
 drivers/mtd/nand/gpmi-nand/gpmi-nand.h             |    3 +-
 drivers/net/ethernet/freescale/fec.h               |    1 +
 drivers/net/ethernet/freescale/fec_main.c          |   18 +-
 drivers/pinctrl/sh-pfc/Kconfig                     |    5 +
 drivers/pinctrl/sh-pfc/Makefile                    |    1 +
 drivers/pinctrl/sh-pfc/core.c                      |   41 +-
 drivers/pinctrl/sh-pfc/core.h                      |    1 +
 drivers/pinctrl/sh-pfc/gpio.c                      |   45 +-
 drivers/pinctrl/sh-pfc/pfc-r8a73a4.c               | 2587 ++++++++++++++++++++
 drivers/pinctrl/sh-pfc/pfc-r8a7740.c               |   64 +-
 drivers/pinctrl/sh-pfc/pfc-r8a7779.c               |  481 +---
 drivers/pinctrl/sh-pfc/pinctrl.c                   |   11 +
 drivers/spi/spi-davinci.c                          |    4 +-
 drivers/spi/spi-mxs.c                              |   60 +-
 drivers/spi/spi-pl022.c                            |   43 +-
 drivers/staging/imx-drm/ipu-v3/ipu-common.c        |   12 +-
 drivers/tty/serial/amba-pl011.c                    |   64 +-
 drivers/tty/serial/mxs-auart.c                     |   52 +-
 drivers/video/Kconfig                              |    2 +
 drivers/video/mxsfb.c                              |  260 +-
 include/clocksource/arm_arch_timer.h               |    6 -
 include/clocksource/samsung_pwm.h                  |   36 +
 include/linux/mbus.h                               |   27 +-
 include/linux/mxsfb.h                              |   52 -
 include/linux/of.h                                 |    5 +
 include/linux/pata_arasan_cf_data.h                |    2 -
 include/linux/platform_data/gpio-rcar.h            |   26 +
 include/linux/spi/mxs-spi.h                        |    4 +-
 374 files changed, 17656 insertions(+), 7066 deletions(-)
 create mode 100644 Documentation/devicetree/bindings/arm/samsung/sysreg.txt
 create mode 100644 Documentation/devicetree/bindings/gpu/samsung-g2d.txt
 create mode 100644 Documentation/devicetree/bindings/i2c/nvidia,tegra20-i2c.txt
 create mode 100644 Documentation/devicetree/bindings/pwm/pwm-samsung.txt
 create mode 100644 Documentation/devicetree/bindings/reset/fsl,imx-src.txt
 create mode 100644 Documentation/devicetree/bindings/serial/pl011.txt
 create mode 100644 Documentation/devicetree/bindings/spi/spi-davinci.txt
 create mode 100644 Documentation/devicetree/bindings/timer/arm,sp804.txt
 create mode 100644 Documentation/devicetree/bindings/video/samsung-fimd.txt
 create mode 100644 arch/arm/arm-soc-for-next-contents.txt
 create mode 100644 arch/arm/boot/dts/exynos4210-universal_c210.dts
 create mode 100644 arch/arm/boot/dts/exynos5250-pinctrl.dtsi
 create mode 100644 arch/arm/boot/dts/exynos5440-sd5v1.dts
 create mode 100644 arch/arm/boot/dts/omap3-devkit8000.dts
 create mode 100644 arch/arm/boot/dts/omap3-igep.dtsi
 create mode 100644 arch/arm/boot/dts/omap3-igep0020.dts
 create mode 100644 arch/arm/boot/dts/omap3-igep0030.dts
 create mode 100644 arch/arm/boot/dts/omap3430-sdp.dts
 create mode 100644 arch/arm/boot/dts/omap34xx.dtsi
 create mode 100644 arch/arm/boot/dts/omap4-panda-common.dtsi
 create mode 100644 arch/arm/boot/dts/omap443x.dtsi
 create mode 100644 arch/arm/boot/dts/omap4460.dtsi
 create mode 100644 arch/arm/boot/dts/r8a73a4-ape6evm.dts
 create mode 100644 arch/arm/boot/dts/r8a73a4.dtsi
 create mode 100644 arch/arm/boot/dts/r8a7778-bockw.dts
 create mode 100644 arch/arm/boot/dts/r8a7778.dtsi
 create mode 100644 arch/arm/boot/dts/r8a7790-lager.dts
 create mode 100644 arch/arm/boot/dts/r8a7790.dtsi
 create mode 100644 arch/arm/configs/bockw_defconfig
 delete mode 100644 arch/arm/mach-dove/addr-map.c
 create mode 100644 arch/arm/mach-imx/anatop.c
 delete mode 100644 arch/arm/mach-kirkwood/addr-map.c
 delete mode 100644 arch/arm/mach-mv78xx0/addr-map.c
 delete mode 100644 arch/arm/mach-mvebu/addr-map.c
 delete mode 100644 arch/arm/mach-orion5x/addr-map.c
 create mode 100644 arch/arm/mach-shmobile/board-ape6evm.c
 create mode 100644 arch/arm/mach-shmobile/board-bockw.c
 create mode 100644 arch/arm/mach-shmobile/board-lager.c
 create mode 100644 arch/arm/mach-shmobile/clock-r8a73a4.c
 create mode 100644 arch/arm/mach-shmobile/clock-r8a7778.c
 create mode 100644 arch/arm/mach-shmobile/clock-r8a7790.c
 create mode 100644 arch/arm/mach-shmobile/include/mach/clock.h
 create mode 100644 arch/arm/mach-shmobile/include/mach/r8a73a4.h
 create mode 100644 arch/arm/mach-shmobile/include/mach/r8a7778.h
 create mode 100644 arch/arm/mach-shmobile/include/mach/r8a7790.h
 create mode 100644 arch/arm/mach-shmobile/setup-r8a73a4.c
 create mode 100644 arch/arm/mach-shmobile/setup-r8a7778.c
 create mode 100644 arch/arm/mach-shmobile/setup-r8a7790.c
 delete mode 100644 arch/arm/mach-spear/spear13xx-dma.h
 delete mode 100644 arch/arm/plat-orion/addr-map.c
 create mode 100644 drivers/bus/mvebu-mbus.c
 create mode 100644 drivers/clocksource/samsung_pwm_timer.c
 create mode 100644 drivers/gpio/gpio-rcar.c
 rename {arch/arm/mach-mvebu => drivers/irqchip}/irq-armada-370-xp.c (91%)
 create mode 100644 drivers/pinctrl/sh-pfc/pfc-r8a73a4.c
 create mode 100644 include/clocksource/samsung_pwm.h
 delete mode 100644 include/linux/mxsfb.h
 create mode 100644 include/linux/platform_data/gpio-rcar.h
Merging bcm2835/for-next (31880c3 Linux 3.9-rc6)
$ git merge bcm2835/for-next
Already up-to-date.
Merging cortex/for-next (4477ca4 ARM: ARMv7-M: Allow the building of new kernel port)
$ git merge cortex/for-next
Auto-merging arch/arm/mm/Makefile
Auto-merging arch/arm/mm/Kconfig
Auto-merging arch/arm/kernel/traps.c
Auto-merging arch/arm/kernel/setup.c
Auto-merging arch/arm/kernel/entry-header.S
Auto-merging arch/arm/kernel/entry-common.S
Auto-merging arch/arm/include/asm/glue-cache.h
Auto-merging arch/arm/Makefile
Auto-merging arch/arm/Kconfig
Merge made by the 'recursive' strategy.
 arch/arm/Kconfig                   |   4 +-
 arch/arm/Kconfig-nommu             |   2 +-
 arch/arm/Makefile                  |   1 +
 arch/arm/include/asm/assembler.h   |  17 +++-
 arch/arm/include/asm/cputype.h     |  12 ++-
 arch/arm/include/asm/glue-cache.h  |  27 +++++++
 arch/arm/include/asm/glue-df.h     |   8 ++
 arch/arm/include/asm/glue-proc.h   |   9 +++
 arch/arm/include/asm/irqflags.h    |  22 ++++--
 arch/arm/include/asm/ptrace.h      |   4 +
 arch/arm/include/asm/system_info.h |   1 +
 arch/arm/include/asm/v7m.h         |  44 +++++++++++
 arch/arm/include/uapi/asm/ptrace.h |  35 +++++++--
 arch/arm/kernel/Makefile           |   8 +-
 arch/arm/kernel/entry-common.S     |   4 +
 arch/arm/kernel/entry-header.S     | 124 +++++++++++++++++++++++++++++
 arch/arm/kernel/entry-v7m.S        | 143 +++++++++++++++++++++++++++++++++
 arch/arm/kernel/head-nommu.S       |  10 ++-
 arch/arm/kernel/setup.c            |  17 +++-
 arch/arm/kernel/traps.c            |   8 ++
 arch/arm/mm/Kconfig                |  21 ++++-
 arch/arm/mm/Makefile               |   2 +
 arch/arm/mm/cache-nop.S            |  50 ++++++++++++
 arch/arm/mm/nommu.c                |   7 ++
 arch/arm/mm/proc-v7m.S             | 157 +++++++++++++++++++++++++++++++++++++
 25 files changed, 711 insertions(+), 26 deletions(-)
 create mode 100644 arch/arm/include/asm/v7m.h
 create mode 100644 arch/arm/kernel/entry-v7m.S
 create mode 100644 arch/arm/mm/cache-nop.S
 create mode 100644 arch/arm/mm/proc-v7m.S
Merging ep93xx/ep93xx-for-next (7ec4429 Merge branch 'ep93xx-fixes' into ep93xx-for-next)
$ git merge ep93xx/ep93xx-for-next
Already up-to-date!
Merge made by the 'recursive' strategy.
Merging imx-mxs/for-next (3795b56 Merge branches 'mxs/dt-3.11' and 'imx/dt-3.11' into for-next)
$ git merge imx-mxs/for-next
Merge made by the 'recursive' strategy.
 arch/arm/boot/dts/imx28.dtsi    | 33 +++++++++++++++++++++++++++++++++
 arch/arm/boot/dts/imx51.dtsi    | 23 +++++++++++++++++++++++
 arch/arm/boot/dts/imx53-qsb.dts |  8 ++++++++
 arch/arm/boot/dts/imx53.dtsi    | 31 +++++++++++++++++++++++++++++++
 4 files changed, 95 insertions(+)
Merging ixp4xx/next (19f949f Linux 3.8)
$ git merge ixp4xx/next
Already up-to-date.
Merging msm/for-next (1df357a Merge branch 'msm-defconfig' into for-next)
$ git merge msm/for-next
Already up-to-date!
Merge made by the 'recursive' strategy.
Merging renesas/next (cda9c03 Merge branch 'heads/soc-sh73a0' into next)
$ git merge renesas/next
Resolved 'arch/arm/mach-shmobile/board-armadillo800eva.c' using previous resolution.
Resolved 'arch/arm/mach-shmobile/board-bockw.c' using previous resolution.
Resolved 'arch/arm/mach-shmobile/setup-r8a7740.c' using previous resolution.
Resolved 'drivers/pinctrl/sh-pfc/Kconfig' using previous resolution.
Auto-merging drivers/pinctrl/sh-pfc/Kconfig
CONFLICT (content): Merge conflict in drivers/pinctrl/sh-pfc/Kconfig
Auto-merging arch/arm/mach-shmobile/setup-sh73a0.c
Auto-merging arch/arm/mach-shmobile/setup-sh7372.c
Auto-merging arch/arm/mach-shmobile/setup-r8a7740.c
CONFLICT (content): Merge conflict in arch/arm/mach-shmobile/setup-r8a7740.c
Auto-merging arch/arm/mach-shmobile/board-mackerel.c
Auto-merging arch/arm/mach-shmobile/board-lager.c
Auto-merging arch/arm/mach-shmobile/board-kzm9g.c
Auto-merging arch/arm/mach-shmobile/board-kzm9d.c
Auto-merging arch/arm/mach-shmobile/board-bockw.c
CONFLICT (content): Merge conflict in arch/arm/mach-shmobile/board-bockw.c
Auto-merging arch/arm/mach-shmobile/board-armadillo800eva.c
CONFLICT (content): Merge conflict in arch/arm/mach-shmobile/board-armadillo800eva.c
Auto-merging arch/arm/mach-shmobile/Kconfig
Auto-merging arch/arm/boot/dts/Makefile
Automatic merge failed; fix conflicts and then commit the result.
$ git commit -v -a
[master fa406a0] Merge remote-tracking branch 'renesas/next'
$ git diff -M --stat --summary HEAD^..
 .../interrupt-controller/renesas,intc-irqpin.txt   |   13 +
 .../devicetree/bindings/timer/renesas,timer.txt    |   45 +
 arch/arm/boot/dts/Makefile                         |    1 +
 .../boot/dts/r8a7740-armadillo800eva-reference.dts |   45 +
 arch/arm/boot/dts/r8a7740.dtsi                     |  117 +
 arch/arm/boot/dts/r8a7779.dtsi                     |   17 +
 arch/arm/boot/dts/sh73a0-kzm9g-reference.dts       |   86 +
 arch/arm/boot/dts/sh73a0.dtsi                      |   11 +
 arch/arm/configs/armadillo800eva_defconfig         |    2 +-
 arch/arm/configs/bockw_defconfig                   |   16 +-
 arch/arm/configs/kzm9g_defconfig                   |    3 +
 arch/arm/mach-shmobile/Kconfig                     |   17 +
 arch/arm/mach-shmobile/Makefile                    |    3 +-
 arch/arm/mach-shmobile/board-ap4evb.c              |  132 +-
 arch/arm/mach-shmobile/board-ape6evm.c             |   15 +
 .../board-armadillo800eva-reference.c              |  213 ++
 arch/arm/mach-shmobile/board-armadillo800eva.c     |  117 +-
 arch/arm/mach-shmobile/board-bockw.c               |   80 +-
 arch/arm/mach-shmobile/board-bonito.c              |   47 +-
 arch/arm/mach-shmobile/board-kzm9d.c               |    2 +-
 arch/arm/mach-shmobile/board-kzm9g-reference.c     |    1 -
 arch/arm/mach-shmobile/board-kzm9g.c               |  196 +-
 arch/arm/mach-shmobile/board-lager.c               |   15 +
 arch/arm/mach-shmobile/board-mackerel.c            |  171 +-
 arch/arm/mach-shmobile/board-marzen.c              |   12 +-
 arch/arm/mach-shmobile/clock-r8a73a4.c             |  375 ++-
 arch/arm/mach-shmobile/clock-r8a7740.c             |    8 +-
 arch/arm/mach-shmobile/clock-r8a7778.c             |  156 +-
 arch/arm/mach-shmobile/clock-r8a7779.c             |    4 +-
 arch/arm/mach-shmobile/clock-r8a7790.c             |  227 +-
 arch/arm/mach-shmobile/clock-sh73a0.c              |   98 +-
 arch/arm/mach-shmobile/cpuidle-r8a7740.c           |   62 +
 arch/arm/mach-shmobile/include/mach/clock.h        |    8 +-
 arch/arm/mach-shmobile/include/mach/irqs.h         |    5 +
 arch/arm/mach-shmobile/include/mach/r8a7740.h      |  495 +--
 arch/arm/mach-shmobile/include/mach/r8a7778.h      |    3 +
 arch/arm/mach-shmobile/include/mach/sh7372.h       |  391 ---
 arch/arm/mach-shmobile/intc-r8a7740.c              |   24 +-
 arch/arm/mach-shmobile/pm-r8a7740.c                |  165 +-
 arch/arm/mach-shmobile/setup-r8a7740.c             |   77 +-
 arch/arm/mach-shmobile/setup-r8a7778.c             |   99 +-
 arch/arm/mach-shmobile/setup-r8a7779.c             |   19 +-
 arch/arm/mach-shmobile/setup-r8a7790.c             |   35 +-
 arch/arm/mach-shmobile/setup-sh7372.c              |   24 +-
 arch/arm/mach-shmobile/setup-sh73a0.c              |   62 +-
 arch/arm/mach-shmobile/sleep-r8a7740.S             |   57 +
 drivers/clocksource/sh_cmt.c                       |  108 +-
 drivers/clocksource/sh_tmu.c                       |   96 +-
 drivers/gpio/gpio-rcar.c                           |    2 +-
 drivers/irqchip/irq-renesas-intc-irqpin.c          |    4 +
 drivers/irqchip/irq-renesas-irqc.c                 |    8 +
 drivers/pinctrl/sh-pfc/Kconfig                     |   13 +-
 drivers/pinctrl/sh-pfc/Makefile                    |    2 +
 drivers/pinctrl/sh-pfc/core.c                      |   22 +-
 drivers/pinctrl/sh-pfc/core.h                      |    4 +
 drivers/pinctrl/sh-pfc/pfc-r8a7740.c               | 1873 +++++++----
 drivers/pinctrl/sh-pfc/pfc-r8a7778.c               | 2516 ++++++++++++++
 drivers/pinctrl/sh-pfc/pfc-r8a7779.c               |  443 ++-
 drivers/pinctrl/sh-pfc/pfc-r8a7790.c               | 3502 ++++++++++++++++++++
 drivers/pinctrl/sh-pfc/pfc-sh7372.c                | 1652 ++++++---
 drivers/pinctrl/sh-pfc/pfc-sh73a0.c                |  134 +
 drivers/pinctrl/sh-pfc/sh_pfc.h                    |    4 +-
 include/linux/platform_data/gpio-rcar.h            |    2 +
 63 files changed, 11586 insertions(+), 2570 deletions(-)
 create mode 100644 Documentation/devicetree/bindings/interrupt-controller/renesas,intc-irqpin.txt
 create mode 100644 Documentation/devicetree/bindings/timer/renesas,timer.txt
 create mode 100644 arch/arm/boot/dts/r8a7740-armadillo800eva-reference.dts
 create mode 100644 arch/arm/mach-shmobile/board-armadillo800eva-reference.c
 create mode 100644 arch/arm/mach-shmobile/cpuidle-r8a7740.c
 create mode 100644 arch/arm/mach-shmobile/sleep-r8a7740.S
 create mode 100644 drivers/pinctrl/sh-pfc/pfc-r8a7778.c
 create mode 100644 drivers/pinctrl/sh-pfc/pfc-r8a7790.c
Merging samsung/for-next (e0f8f91 Merge branch 'next/late-exynos' into for-next)
$ git merge samsung/for-next
Recorded preimage for 'arch/arm/boot/dts/exynos5250.dtsi'
Resolved 'arch/arm/mach-exynos/cpuidle.c' using previous resolution.
Auto-merging arch/arm/mach-exynos/cpuidle.c
CONFLICT (content): Merge conflict in arch/arm/mach-exynos/cpuidle.c
Auto-merging arch/arm/mach-exynos/Kconfig
Auto-merging arch/arm/boot/dts/exynos5250.dtsi
CONFLICT (content): Merge conflict in arch/arm/boot/dts/exynos5250.dtsi
Auto-merging arch/arm/boot/dts/exynos4412-origen.dts
Auto-merging arch/arm/boot/dts/exynos4210.dtsi
Auto-merging arch/arm/boot/dts/exynos4.dtsi
Automatic merge failed; fix conflicts and then commit the result.
$ git commit -v -a
Recorded resolution for 'arch/arm/boot/dts/exynos5250.dtsi'.
[master c6aee67] Merge remote-tracking branch 'samsung/for-next'
$ git diff -M --stat --summary HEAD^..
 .../devicetree/bindings/media/s5p-mfc.txt          |  5 ++
 .../devicetree/bindings/usb/exynos-usb.txt         | 34 +++++++++
 arch/arm/boot/dts/exynos4.dtsi                     |  2 +
 arch/arm/boot/dts/exynos4210-origen.dts            |  4 +
 arch/arm/boot/dts/exynos4210.dtsi                  |  3 +
 arch/arm/boot/dts/exynos4412-origen.dts            | 62 +++++++++++++++
 arch/arm/boot/dts/exynos4412-smdk4412.dts          | 87 ++++++++++++++++++++++
 arch/arm/boot/dts/exynos4x12-pinctrl.dtsi          | 56 --------------
 arch/arm/boot/dts/exynos5250.dtsi                  | 45 +++++++++++
 arch/arm/mach-exynos/Kconfig                       |  1 +
 arch/arm/mach-exynos/mach-exynos5-dt.c             | 28 +++++++
 11 files changed, 271 insertions(+), 56 deletions(-)
Merging tegra/for-next (c1be5a5 Linux 3.9)
$ git merge tegra/for-next
Already up-to-date.
Merging dma-mapping/dma-mapping-next (a937536 Linux 3.9-rc3)
$ git merge dma-mapping/dma-mapping-next
Already up-to-date.
Merging pwm/for-next (affb923 pwm: lpc32xx: Don't change PWM_ENABLE bit in lpc32xx_pwm_config)
$ git merge pwm/for-next
Already up-to-date.
Merging dma-buf/for-next (b89e356 dma-buf: Add debugfs support)
$ git merge dma-buf/for-next
Already up-to-date.
Merging userns/for-next (78008c4 proc: Restrict mounting the proc filesystem)
$ git merge userns/for-next
Auto-merging fs/proc/root.c
Merge made by the 'recursive' strategy.
 fs/proc/root.c | 3 ++-
 1 file changed, 2 insertions(+), 1 deletion(-)
Merging ktest/for-next (df5f7c6 ktest: Reset grub menu cache with different machines)
$ git merge ktest/for-next
Already up-to-date.
Merging signal/for-next (20b4fb4 Merge branch 'for-linus' of git://git.kernel.org/pub/scm/linux/kernel/git/viro/vfs)
$ git merge signal/for-next
Already up-to-date.
Merging clk/clk-next (1e43525 clk: add clk_ignore_unused option to keep boot clocks on)
$ git merge clk/clk-next
Already up-to-date.
Merging random/dev (b980955 random: fix locking dependency with the tasklist_lock)
$ git merge random/dev
Already up-to-date.
Merging lzo-update/lzo-update (42b775a lib/lzo: huge LZO decompression speedup on ARM by using unaligned access)
$ git merge lzo-update/lzo-update
Merge made by the 'recursive' strategy.
 lib/lzo/lzo1x_decompress_safe.c | 4 ++++
 lib/lzo/lzodefs.h               | 6 ++++++
 2 files changed, 10 insertions(+)
Merging scsi-post-merge/merge-base:master (65112dc Merge git://git.samba.org/sfrench/cifs-2.6)
Merging akpm-current/current (0fbd067 Merge git://git.kernel.org/pub/scm/linux/kernel/git/davem/sparc)
$ git merge akpm-current/current
Already up-to-date.
$ git clone -s -l -n -q . ../rebase-tmp
$ cd ../rebase-tmp
$ git checkout -b akpm remotes/origin/akpm/master
Switched to a new branch 'akpm'
$ git rebase --onto master remotes/origin/akpm/master-base
First, rewinding head to replay your work on top of it...
Applying: revert "ipc: don't allocate a copy larger than max"
Applying: drivers/char/random.c: fix priming of last_data
Applying: sound/soc/codecs/si476x.c: don't use 0bNNN
Applying: x86: make 'mem=' option to work for efi platform
Applying: kernel/auditfilter.c: tree and watch will memory leak when failure occurs
Applying: kernel/audit_tree.c: tree will leak memory when failure occurs in audit_trim_trees()
Applying: drm/fb-helper: don't sleep for screen unblank when an oops is in progress
Applying: drivers/video: implement a simple framebuffer driver
Applying: drivers-video-implement-a-simple-framebuffer-driver-fix
Applying: cyber2000fb: avoid palette corruption at higher clocks
Applying: posix_cpu_timer: consolidate expiry time type
Applying: posix_cpu_timers: consolidate timer list cleanups
Applying: posix_cpu_timers: consolidate expired timers check
Applying: selftests: add basic posix timers selftests
Applying: posix-timers: correctly get dying task time sample in posix_cpu_timer_schedule()
Applying: posix_timers: Fix racy timer delta caching on task exit
Applying: ipvs: change type of netns_ipvs->sysctl_sync_qlen_max
Applying: lockdep: introduce lock_acquire_exclusive/shared helper macros
Applying: lglock: update lockdep annotations to report recursive local locks
Applying: block: restore /proc/partitions to not display non-partitionable removable devices
Applying: watchdog: trigger all-cpu backtrace when locked up and going to panic
Applying: vm: adjust ifdef for TINY_RCU
Applying: mm/SPARC: use common help functions to free reserved pages
Applying: mm, vmalloc: export vmap_area_list, instead of vmlist
Applying: mm, vmalloc: remove list management of vmlist after initializing vmalloc
Applying: clear_refs: sanitize accepted commands declaration
Applying: clear_refs-sanitize-accepted-commands-declaration-fix
Applying: clear_refs: introduce private struct for mm_walk
Applying: pagemap: introduce pagemap_entry_t without pmshift bits
Applying: pagemap: introduce the /proc/PID/pagemap2 file
Applying: mm: soft-dirty bits for user memory changes tracking
Applying: mem-soft-dirty: Reshuffle CONFIG_ options to be more Arch-friendly
Applying: mm: remove free_area_cache
Applying: include/linux/mmzone.h: cleanups
Applying: include-linux-mmzoneh-cleanups-fix
Applying: mm: memmap_init_zone() performance improvement
Applying: drop_caches: add some documentation and info message
Applying: drivers/usb/gadget/amd5536udc.c: avoid calling dma_pool_create() with NULL dev
Applying: mm/dmapool.c: fix null dev in dma_pool_create()
Applying: memcg: debugging facility to access dangling memcgs
Applying: memcg-debugging-facility-to-access-dangling-memcgs-fix
Applying: mm: add vm event counters for balloon pages compaction
Applying: smp: Give WARN()ing when calling smp_call_function_many()/single() in serving irq
Applying: kmsg: honor dmesg_restrict sysctl on /dev/kmsg
Applying: drivers/leds/leds-ot200.c: fix error caused by shifted mask
Applying: binfmt_elf.c: use get_random_int() to fix entropy depleting
Applying: drivers/rtc/rtc-v3020.c: use gpio_request_array()
Applying: drivers/rtc/rtc-pxa.c: fix set time sync time issue
Applying: drivers-rtc-rtc-pxac-fix-set-time-sync-time-issue-fix
Applying: drivers/rtc/rtc-pxa.c: use devm_* APIs
Applying: fat: additions to support fat_fallocate
Applying: fat-additions-to-support-fat_fallocate-fix
Applying: mwave: fix info leak in mwave_ioctl()
Applying: rapidio: make enumeration/discovery configurable
Applying: rapidio: add enumeration/discovery start from user space
Applying: rapidio: documentation update for enumeration changes
Applying: drivers/net: rename random32() to prandom_u32()
Applying: drivers-net-rename-random32-to-prandom_u32-fix
Applying: brcm80211: fix the misaligned indentation
Applying: remove unused random32() and srandom32()
Applying: random: fix accounting race condition with lockless irq entropy_count update
Applying: relay: fix timer madness
Applying: mm: remove old aio use_mm() comment
Applying: aio: remove dead code from aio.h
Applying: gadget: remove only user of aio retry
Applying: gadget-remove-only-user-of-aio-retry-checkpatch-fixes
Applying: aio: remove retry-based AIO
Applying: aio-remove-retry-based-aio-checkpatch-fixes
Applying: char: add aio_{read,write} to /dev/{null,zero}
Applying: aio: kill return value of aio_complete()
Applying: aio: add kiocb_cancel()
Applying: aio: move private stuff out of aio.h
Applying: aio: dprintk() -> pr_debug()
Applying: aio: do fget() after aio_get_req()
Applying: aio: make aio_put_req() lockless
Applying: aio-make-aio_put_req-lockless-checkpatch-fixes
Applying: aio: refcounting cleanup
Applying: aio-refcounting-cleanup-checkpatch-fixes
Applying: wait: add wait_event_hrtimeout()
Applying: aio: make aio_read_evt() more efficient, convert to hrtimers
Applying: aio-make-aio_read_evt-more-efficient-convert-to-hrtimers-checkpatch-fixes
Applying: aio: use flush_dcache_page()
Applying: aio: use cancellation list lazily
Applying: aio: change reqs_active to include unreaped completions
Applying: aio: kill batch allocation
Applying: aio: kill struct aio_ring_info
Applying: aio: give shared kioctx fields their own cachelines
Applying: aio: reqs_active -> reqs_available
Applying: aio: percpu reqs_available
Applying: generic dynamic per cpu refcounting
Applying: generic-dynamic-per-cpu-refcounting-checkpatch-fixes
Applying: generic-dynamic-per-cpu-refcounting-fix
Applying: aio: percpu ioctx refcount
Applying: aio: use xchg() instead of completion_lock
Applying: aio: don't include aio.h in sched.h
Applying: aio-dont-include-aioh-in-schedh-fix
Applying: aio: kill ki_key
Applying: aio: kill ki_retry
Applying: aio-kill-ki_retry-fix
Applying: aio-kill-ki_retry-checkpatch-fixes
Applying: block: prep work for batch completion
Applying: block-prep-work-for-batch-completion-checkpatch-fixes
Applying: block-prep-work-for-batch-completion-checkpatch merge fixes
Applying: block-prep-work-for-batch-completion-fix-2
Applying: block-prep-work-for-batch-completion-fix-3
Applying: block-prep-work-for-batch-completion-fix-3-fix
Applying: block-prep-work-for-batch-completion-fix-4
Applying: block-prep-work-for-batch-completion-fix-99
Applying: block, aio: batch completion for bios/kiocbs
Applying: block-aio-batch-completion-for-bios-kiocbs-checkpatch-fixes
Applying: block-aio-batch-completion-for-bios-kiocbs-fix
Applying: virtio-blk: convert to batch completion
Applying: mtip32xx: convert to batch completion
Applying: aio: fix kioctx not being freed after cancellation at exit time
Applying: decompressor: add LZ4 decompressor module
Applying: lib: add support for LZ4-compressed kernel
Applying: arm: add support for LZ4-compressed kernel
Applying: x86: add support for LZ4-compressed kernel
Applying: lib: add lz4 compressor module
Applying: lib-add-lz4-compressor-module-fix
Applying: crypto: add lz4 Cryptographic API
Applying: crypto-add-lz4-cryptographic-api-fix
Applying: seccomp: add generic code for jitted seccomp filters.
Applying: ARM: net: bpf_jit: make code generation less dependent on struct sk_filter.
Applying: ARM: net: bpf_jit: add support for jitted seccomp filters.
Applying: bpf: add comments explaining the schedule_work() operation
$ cd ../next
$ git fetch -f ../rebase-tmp akpm:akpm/master
From ../rebase-tmp
 + 3622c9d...016fddb akpm       -> akpm/master  (forced update)
$ rm -rf ../rebase-tmp
Merging akpm/master (016fddb bpf: add comments explaining the schedule_work() operation)
$ git merge --no-ff akpm/master
Merge made by the 'recursive' strategy.
 Documentation/cgroups/memory.txt                   |   16 +
 .../bindings/video/simple-framebuffer.txt          |   25 +
 Documentation/filesystems/proc.txt                 |    9 +-
 Documentation/rapidio/rapidio.txt                  |  137 +-
 Documentation/rapidio/sysfs.txt                    |   17 +
 Documentation/sysctl/vm.txt                        |   33 +-
 Documentation/vm/pagemap.txt                       |    5 +
 Documentation/vm/soft-dirty.txt                    |   36 +
 arch/Kconfig                                       |   17 +
 arch/arm/Kconfig                                   |    2 +
 arch/arm/boot/compressed/.gitignore                |    1 +
 arch/arm/boot/compressed/Makefile                  |    6 +-
 arch/arm/boot/compressed/decompress.c              |    4 +
 arch/arm/boot/compressed/piggy.lz4.S               |    6 +
 arch/arm/mm/mmap.c                                 |    2 -
 arch/arm/net/bpf_jit_32.c                          |   91 +-
 arch/arm64/mm/mmap.c                               |    2 -
 arch/mips/mm/mmap.c                                |    2 -
 arch/powerpc/mm/mmap_64.c                          |    2 -
 arch/powerpc/net/bpf_jit_comp.c                    |    4 +
 arch/s390/hypfs/inode.c                            |    1 +
 arch/s390/mm/mmap.c                                |    4 -
 arch/s390/net/bpf_jit_comp.c                       |    4 +
 arch/sparc/kernel/leon_smp.c                       |   15 +-
 arch/sparc/kernel/sys_sparc_64.c                   |    2 -
 arch/sparc/mm/init_32.c                            |   37 +-
 arch/sparc/mm/init_64.c                            |   28 +-
 arch/sparc/net/bpf_jit_comp.c                      |    4 +
 arch/tile/mm/mmap.c                                |    2 -
 arch/x86/Kconfig                                   |    2 +
 arch/x86/boot/compressed/Makefile                  |    6 +-
 arch/x86/boot/compressed/misc.c                    |    4 +
 arch/x86/ia32/ia32_aout.c                          |    2 -
 arch/x86/include/asm/e820.h                        |    2 +
 arch/x86/include/asm/pgtable.h                     |   24 +-
 arch/x86/include/asm/pgtable_types.h               |   12 +
 arch/x86/kernel/e820.c                             |   72 +-
 arch/x86/mm/mmap.c                                 |    2 -
 arch/x86/net/bpf_jit_comp.c                        |    4 +
 arch/x86/platform/efi/efi.c                        |   15 +-
 block/blk-core.c                                   |   35 +-
 block/blk-flush.c                                  |    5 +-
 block/blk-lib.c                                    |    3 +-
 block/blk.h                                        |    3 +-
 block/genhd.c                                      |    2 +-
 block/scsi_ioctl.c                                 |    1 +
 crypto/Kconfig                                     |   16 +
 crypto/Makefile                                    |    2 +
 crypto/lz4.c                                       |  106 ++
 crypto/lz4hc.c                                     |  106 ++
 drivers/block/blockconsole.c                       |    5 +-
 drivers/block/drbd/drbd_bitmap.c                   |    3 +-
 drivers/block/drbd/drbd_worker.c                   |    9 +-
 drivers/block/drbd/drbd_wrappers.h                 |    9 +-
 drivers/block/floppy.c                             |    3 +-
 drivers/block/mtip32xx/mtip32xx.c                  |   86 +-
 drivers/block/mtip32xx/mtip32xx.h                  |    8 +-
 drivers/block/pktcdvd.c                            |    9 +-
 drivers/block/swim3.c                              |    2 +-
 drivers/block/virtio_blk.c                         |   31 +-
 drivers/block/xen-blkback/blkback.c                |    3 +-
 drivers/char/mem.c                                 |   36 +
 drivers/char/mwave/tp3780i.c                       |    1 +
 drivers/char/random.c                              |   54 +-
 drivers/gpu/drm/drm_fb_helper.c                    |    8 +
 drivers/infiniband/hw/ipath/ipath_file_ops.c       |    1 +
 drivers/infiniband/hw/qib/qib_file_ops.c           |    2 +-
 drivers/leds/leds-ot200.c                          |   14 +-
 drivers/md/bcache/alloc.c                          |    3 +-
 drivers/md/bcache/btree.c                          |    3 +-
 drivers/md/bcache/debug.c                          |    3 +-
 drivers/md/bcache/io.c                             |    6 +-
 drivers/md/bcache/journal.c                        |    9 +-
 drivers/md/bcache/movinggc.c                       |    3 +-
 drivers/md/bcache/request.c                        |    9 +-
 drivers/md/bcache/request.h                        |    3 +-
 drivers/md/bcache/super.c                          |   11 +-
 drivers/md/bcache/writeback.c                      |    8 +-
 drivers/md/dm-bufio.c                              |    9 +-
 drivers/md/dm-cache-target.c                       |    3 +-
 drivers/md/dm-crypt.c                              |    3 +-
 drivers/md/dm-io.c                                 |    2 +-
 drivers/md/dm-snap.c                               |    3 +-
 drivers/md/dm-thin.c                               |    3 +-
 drivers/md/dm-verity.c                             |    3 +-
 drivers/md/dm.c                                    |    8 +-
 drivers/md/faulty.c                                |    3 +-
 drivers/md/md.c                                    |    9 +-
 drivers/md/multipath.c                             |    3 +-
 drivers/md/raid1.c                                 |   12 +-
 drivers/md/raid10.c                                |   18 +-
 drivers/md/raid5.c                                 |   15 +-
 drivers/net/ethernet/broadcom/cnic.c               |    4 +-
 drivers/net/hamradio/baycom_epp.c                  |    2 +-
 drivers/net/hamradio/hdlcdrv.c                     |    2 +-
 drivers/net/hamradio/yam.c                         |    2 +-
 drivers/net/team/team_mode_random.c                |    2 +-
 drivers/net/wireless/brcm80211/brcmfmac/p2p.c      |    2 +-
 drivers/net/wireless/mwifiex/cfg80211.c            |    4 +-
 drivers/rapidio/Kconfig                            |   28 +
 drivers/rapidio/Makefile                           |    3 +-
 drivers/rapidio/rio-driver.c                       |    8 +
 drivers/rapidio/rio-scan.c                         |  195 +--
 drivers/rapidio/rio-sysfs.c                        |   45 +
 drivers/rapidio/rio.c                              |  234 ++-
 drivers/rapidio/rio.h                              |   12 +-
 drivers/rtc/rtc-pxa.c                              |   99 +-
 drivers/rtc/rtc-v3020.c                            |   37 +-
 drivers/scsi/sg.c                                  |    1 +
 drivers/staging/android/logger.c                   |    1 +
 drivers/target/target_core_iblock.c                |    6 +-
 drivers/target/target_core_pscsi.c                 |    3 +-
 drivers/usb/gadget/amd5536udc.c                    |    4 +-
 drivers/usb/gadget/inode.c                         |   42 +-
 drivers/video/Kconfig                              |   17 +
 drivers/video/Makefile                             |    1 +
 drivers/video/cyber2000fb.c                        |    3 +
 drivers/video/simplefb.c                           |  234 +++
 fs/9p/vfs_addr.c                                   |    1 +
 fs/afs/write.c                                     |    1 +
 fs/aio.c                                           | 1820 ++++++++------------
 fs/binfmt_aout.c                                   |    2 -
 fs/binfmt_elf.c                                    |   23 +-
 fs/bio-integrity.c                                 |    3 +-
 fs/bio.c                                           |   64 +-
 fs/block_dev.c                                     |    1 +
 fs/btrfs/check-integrity.c                         |   14 +-
 fs/btrfs/compression.c                             |    6 +-
 fs/btrfs/disk-io.c                                 |    6 +-
 fs/btrfs/extent_io.c                               |   12 +-
 fs/btrfs/file.c                                    |    1 +
 fs/btrfs/inode.c                                   |   14 +-
 fs/btrfs/raid56.c                                  |    9 +-
 fs/btrfs/scrub.c                                   |   18 +-
 fs/btrfs/volumes.c                                 |    5 +-
 fs/buffer.c                                        |    3 +-
 fs/ceph/file.c                                     |    1 +
 fs/compat.c                                        |    1 +
 fs/direct-io.c                                     |   22 +-
 fs/drop_caches.c                                   |    2 +
 fs/ecryptfs/file.c                                 |    1 +
 fs/ext2/inode.c                                    |    1 +
 fs/ext3/inode.c                                    |    1 +
 fs/ext4/file.c                                     |    1 +
 fs/ext4/indirect.c                                 |    1 +
 fs/ext4/inode.c                                    |    1 +
 fs/ext4/page-io.c                                  |    4 +-
 fs/f2fs/data.c                                     |    3 +-
 fs/f2fs/segment.c                                  |    3 +-
 fs/fat/file.c                                      |  108 +-
 fs/fat/inode.c                                     |   55 +
 fs/fuse/cuse.c                                     |    1 +
 fs/fuse/dev.c                                      |    1 +
 fs/fuse/file.c                                     |    1 +
 fs/gfs2/aops.c                                     |    1 +
 fs/gfs2/file.c                                     |    1 +
 fs/gfs2/lops.c                                     |    3 +-
 fs/gfs2/ops_fstype.c                               |    3 +-
 fs/hfs/inode.c                                     |    1 +
 fs/hfsplus/inode.c                                 |    1 +
 fs/hfsplus/wrapper.c                               |    3 +-
 fs/jfs/inode.c                                     |    1 +
 fs/jfs/jfs_logmgr.c                                |    4 +-
 fs/jfs/jfs_metapage.c                              |    6 +-
 fs/logfs/dev_bdev.c                                |    8 +-
 fs/mpage.c                                         |    2 +-
 fs/nfs/blocklayout/blocklayout.c                   |   17 +-
 fs/nilfs2/inode.c                                  |    2 +-
 fs/nilfs2/segbuf.c                                 |    3 +-
 fs/ntfs/file.c                                     |    1 +
 fs/ntfs/inode.c                                    |    1 +
 fs/ocfs2/aops.h                                    |    2 +
 fs/ocfs2/cluster/heartbeat.c                       |    4 +-
 fs/ocfs2/dlmglue.c                                 |    2 +-
 fs/ocfs2/inode.h                                   |    2 +
 fs/pipe.c                                          |    1 +
 fs/proc/base.c                                     |    2 +
 fs/proc/internal.h                                 |    1 +
 fs/proc/task_mmu.c                                 |  128 +-
 fs/read_write.c                                    |   35 +-
 fs/reiserfs/inode.c                                |    1 +
 fs/ubifs/file.c                                    |    1 +
 fs/udf/inode.c                                     |    1 +
 fs/xfs/xfs_aops.c                                  |    4 +-
 fs/xfs/xfs_buf.c                                   |    3 +-
 fs/xfs/xfs_file.c                                  |    1 +
 include/asm-generic/pgtable.h                      |   22 +
 include/linux/aio.h                                |  199 +--
 include/linux/balloon_compaction.h                 |    7 +
 include/linux/batch_complete.h                     |   23 +
 include/linux/bio.h                                |   38 +-
 include/linux/blk_types.h                          |    4 +-
 include/linux/blkdev.h                             |   12 +-
 include/linux/cgroup.h                             |    1 +
 include/linux/decompress/unlz4.h                   |   10 +
 include/linux/errno.h                              |    1 -
 include/linux/fs.h                                 |    2 +-
 include/linux/hardirq.h                            |    5 +
 include/linux/lockdep.h                            |   92 +-
 include/linux/lz4.h                                |   87 +
 include/linux/mm_types.h                           |    3 -
 include/linux/mmzone.h                             |   20 +-
 include/linux/pagemap.h                            |    2 +-
 include/linux/percpu-refcount.h                    |  114 ++
 include/linux/pid_namespace.h                      |    1 +
 include/linux/posix-timers.h                       |   16 +-
 include/linux/random.h                             |    7 -
 include/linux/rio.h                                |   17 +
 include/linux/rio_drv.h                            |    1 +
 include/linux/rtc-pxa.h                            |   18 +
 include/linux/sched.h                              |    4 -
 include/linux/seccomp.h                            |   18 +
 include/linux/swap.h                               |    9 +-
 include/linux/vm_event_item.h                      |    7 +-
 include/linux/wait.h                               |   86 +
 include/linux/writeback.h                          |    1 +
 include/net/ip_vs.h                                |    8 +-
 init/Kconfig                                       |   34 +-
 ipc/msg.c                                          |    5 +-
 kernel/audit_tree.c                                |    1 +
 kernel/auditfilter.c                               |    4 +
 kernel/fork.c                                      |    5 +-
 kernel/lglock.c                                    |   12 +-
 kernel/posix-cpu-timers.c                          |  395 ++---
 kernel/printk.c                                    |   92 +-
 kernel/ptrace.c                                    |    1 +
 kernel/relay.c                                     |   14 +-
 kernel/seccomp.c                                   |   33 +-
 kernel/smp.c                                       |   11 +-
 kernel/watchdog.c                                  |   10 +-
 lib/Kconfig                                        |   13 +
 lib/Makefile                                       |    6 +-
 lib/decompress.c                                   |    5 +
 lib/decompress_unlz4.c                             |  187 ++
 lib/lz4/Makefile                                   |    3 +
 lib/lz4/lz4_compress.c                             |  443 +++++
 lib/lz4/lz4_decompress.c                           |  326 ++++
 lib/lz4/lz4defs.h                                  |  156 ++
 lib/lz4/lz4hc_compress.c                           |  539 ++++++
 lib/percpu-refcount.c                              |  251 +++
 mm/Kconfig                                         |   12 +
 mm/balloon_compaction.c                            |    2 +
 mm/bounce.c                                        |   12 +-
 mm/dmapool.c                                       |    5 +-
 mm/huge_memory.c                                   |    2 +-
 mm/memcontrol.c                                    |  192 ++-
 mm/migrate.c                                       |    1 +
 mm/mmap.c                                          |   28 -
 mm/mmu_context.c                                   |    3 -
 mm/mremap.c                                        |    2 +-
 mm/nommu.c                                         |    4 -
 mm/page_alloc.c                                    |    5 +-
 mm/page_io.c                                       |    9 +-
 mm/shmem.c                                         |    1 +
 mm/swap.c                                          |    1 +
 mm/util.c                                          |    1 -
 mm/vmstat.c                                        |    9 +-
 net/netfilter/ipvs/ip_vs_ctl.c                     |    4 +-
 scripts/Makefile.lib                               |    5 +
 security/keys/internal.h                           |    2 +
 security/keys/keyctl.c                             |    1 +
 sound/core/pcm_native.c                            |    2 +-
 sound/soc/codecs/si476x.c                          |    6 +-
 tools/testing/selftests/Makefile                   |    1 +
 tools/testing/selftests/timers/Makefile            |    8 +
 tools/testing/selftests/timers/posix_timers.c      |  221 +++
 usr/Kconfig                                        |    9 +
 267 files changed, 6335 insertions(+), 2416 deletions(-)
 create mode 100644 Documentation/devicetree/bindings/video/simple-framebuffer.txt
 create mode 100644 Documentation/vm/soft-dirty.txt
 create mode 100644 arch/arm/boot/compressed/piggy.lz4.S
 create mode 100644 crypto/lz4.c
 create mode 100644 crypto/lz4hc.c
 create mode 100644 drivers/video/simplefb.c
 create mode 100644 include/linux/batch_complete.h
 create mode 100644 include/linux/decompress/unlz4.h
 create mode 100644 include/linux/lz4.h
 create mode 100644 include/linux/percpu-refcount.h
 create mode 100644 include/linux/rtc-pxa.h
 create mode 100644 lib/decompress_unlz4.c
 create mode 100644 lib/lz4/Makefile
 create mode 100644 lib/lz4/lz4_compress.c
 create mode 100644 lib/lz4/lz4_decompress.c
 create mode 100644 lib/lz4/lz4defs.h
 create mode 100644 lib/lz4/lz4hc_compress.c
 create mode 100644 lib/percpu-refcount.c
 create mode 100644 tools/testing/selftests/timers/Makefile
 create mode 100644 tools/testing/selftests/timers/posix_timers.c
